Archive member included to satisfy reference by file (symbol)

C:/ST/STM32CubeIDE_1.13.0/STM32CubeIDE/plugins/com.st.stm32cube.ide.mcu.externaltools.gnu-tools-for-stm32.13.3.rel1.win32_1.0.0.202411081344/tools/bin/../lib/gcc/arm-none-eabi/13.3.1/../../../../arm-none-eabi/lib/thumb/v7-m/nofp\libc_nano.a(libc_a-exit.o)
                              C:/ST/STM32CubeIDE_1.13.0/STM32CubeIDE/plugins/com.st.stm32cube.ide.mcu.externaltools.gnu-tools-for-stm32.13.3.rel1.win32_1.0.0.202411081344/tools/bin/../lib/gcc/arm-none-eabi/13.3.1/../../../../arm-none-eabi/lib/thumb/v7-m/nofp/crt0.o (exit)
C:/ST/STM32CubeIDE_1.13.0/STM32CubeIDE/plugins/com.st.stm32cube.ide.mcu.externaltools.gnu-tools-for-stm32.13.3.rel1.win32_1.0.0.202411081344/tools/bin/../lib/gcc/arm-none-eabi/13.3.1/../../../../arm-none-eabi/lib/thumb/v7-m/nofp\libc_nano.a(libc_a-findfp.o)
                              C:/ST/STM32CubeIDE_1.13.0/STM32CubeIDE/plugins/com.st.stm32cube.ide.mcu.externaltools.gnu-tools-for-stm32.13.3.rel1.win32_1.0.0.202411081344/tools/bin/../lib/gcc/arm-none-eabi/13.3.1/../../../../arm-none-eabi/lib/thumb/v7-m/nofp\libc_nano.a(libc_a-exit.o) (__stdio_exit_handler)
C:/ST/STM32CubeIDE_1.13.0/STM32CubeIDE/plugins/com.st.stm32cube.ide.mcu.externaltools.gnu-tools-for-stm32.13.3.rel1.win32_1.0.0.202411081344/tools/bin/../lib/gcc/arm-none-eabi/13.3.1/../../../../arm-none-eabi/lib/thumb/v7-m/nofp\libc_nano.a(libc_a-fwalk.o)
                              C:/ST/STM32CubeIDE_1.13.0/STM32CubeIDE/plugins/com.st.stm32cube.ide.mcu.externaltools.gnu-tools-for-stm32.13.3.rel1.win32_1.0.0.202411081344/tools/bin/../lib/gcc/arm-none-eabi/13.3.1/../../../../arm-none-eabi/lib/thumb/v7-m/nofp\libc_nano.a(libc_a-findfp.o) (_fwalk_sglue)
C:/ST/STM32CubeIDE_1.13.0/STM32CubeIDE/plugins/com.st.stm32cube.ide.mcu.externaltools.gnu-tools-for-stm32.13.3.rel1.win32_1.0.0.202411081344/tools/bin/../lib/gcc/arm-none-eabi/13.3.1/../../../../arm-none-eabi/lib/thumb/v7-m/nofp\libc_nano.a(libc_a-stdio.o)
                              C:/ST/STM32CubeIDE_1.13.0/STM32CubeIDE/plugins/com.st.stm32cube.ide.mcu.externaltools.gnu-tools-for-stm32.13.3.rel1.win32_1.0.0.202411081344/tools/bin/../lib/gcc/arm-none-eabi/13.3.1/../../../../arm-none-eabi/lib/thumb/v7-m/nofp\libc_nano.a(libc_a-findfp.o) (__sread)
C:/ST/STM32CubeIDE_1.13.0/STM32CubeIDE/plugins/com.st.stm32cube.ide.mcu.externaltools.gnu-tools-for-stm32.13.3.rel1.win32_1.0.0.202411081344/tools/bin/../lib/gcc/arm-none-eabi/13.3.1/../../../../arm-none-eabi/lib/thumb/v7-m/nofp\libc_nano.a(libc_a-memset.o)
                              C:/ST/STM32CubeIDE_1.13.0/STM32CubeIDE/plugins/com.st.stm32cube.ide.mcu.externaltools.gnu-tools-for-stm32.13.3.rel1.win32_1.0.0.202411081344/tools/bin/../lib/gcc/arm-none-eabi/13.3.1/../../../../arm-none-eabi/lib/thumb/v7-m/nofp/crt0.o (memset)
C:/ST/STM32CubeIDE_1.13.0/STM32CubeIDE/plugins/com.st.stm32cube.ide.mcu.externaltools.gnu-tools-for-stm32.13.3.rel1.win32_1.0.0.202411081344/tools/bin/../lib/gcc/arm-none-eabi/13.3.1/../../../../arm-none-eabi/lib/thumb/v7-m/nofp\libc_nano.a(libc_a-closer.o)
                              C:/ST/STM32CubeIDE_1.13.0/STM32CubeIDE/plugins/com.st.stm32cube.ide.mcu.externaltools.gnu-tools-for-stm32.13.3.rel1.win32_1.0.0.202411081344/tools/bin/../lib/gcc/arm-none-eabi/13.3.1/../../../../arm-none-eabi/lib/thumb/v7-m/nofp\libc_nano.a(libc_a-stdio.o) (_close_r)
C:/ST/STM32CubeIDE_1.13.0/STM32CubeIDE/plugins/com.st.stm32cube.ide.mcu.externaltools.gnu-tools-for-stm32.13.3.rel1.win32_1.0.0.202411081344/tools/bin/../lib/gcc/arm-none-eabi/13.3.1/../../../../arm-none-eabi/lib/thumb/v7-m/nofp\libc_nano.a(libc_a-reent.o)
                              C:/ST/STM32CubeIDE_1.13.0/STM32CubeIDE/plugins/com.st.stm32cube.ide.mcu.externaltools.gnu-tools-for-stm32.13.3.rel1.win32_1.0.0.202411081344/tools/bin/../lib/gcc/arm-none-eabi/13.3.1/../../../../arm-none-eabi/lib/thumb/v7-m/nofp\libc_nano.a(libc_a-closer.o) (errno)
C:/ST/STM32CubeIDE_1.13.0/STM32CubeIDE/plugins/com.st.stm32cube.ide.mcu.externaltools.gnu-tools-for-stm32.13.3.rel1.win32_1.0.0.202411081344/tools/bin/../lib/gcc/arm-none-eabi/13.3.1/../../../../arm-none-eabi/lib/thumb/v7-m/nofp\libc_nano.a(libc_a-impure.o)
                              C:/ST/STM32CubeIDE_1.13.0/STM32CubeIDE/plugins/com.st.stm32cube.ide.mcu.externaltools.gnu-tools-for-stm32.13.3.rel1.win32_1.0.0.202411081344/tools/bin/../lib/gcc/arm-none-eabi/13.3.1/../../../../arm-none-eabi/lib/thumb/v7-m/nofp\libc_nano.a(libc_a-reent.o) (_impure_ptr)
C:/ST/STM32CubeIDE_1.13.0/STM32CubeIDE/plugins/com.st.stm32cube.ide.mcu.externaltools.gnu-tools-for-stm32.13.3.rel1.win32_1.0.0.202411081344/tools/bin/../lib/gcc/arm-none-eabi/13.3.1/../../../../arm-none-eabi/lib/thumb/v7-m/nofp\libc_nano.a(libc_a-lseekr.o)
[...]
Memory Configuration

Name             Origin             Length             Attributes
RAM              0x20000000         0x00005000         xrw
FLASH            0x08000000         0x00010000         xr
*default*        0x00000000         0xffffffff

Linker script and memory map

LOAD C:/ST/STM32CubeIDE_1.13.0/STM32CubeIDE/plugins/com.st.stm32cube.ide.mcu.externaltools.gnu-tools-for-stm32.13.3.rel1.win32_1.0.0.202411081344/tools/bin/../lib/gcc/arm-none-eabi/13.3.1/thumb/v7-m/nofp/crti.o
LOAD C:/ST/STM32CubeIDE_1.13.0/STM32CubeIDE/plugins/com.st.stm32cube.ide.mcu.externaltools.gnu-tools-for-stm32.13.3.rel1.win32_1.0.0.202411081344/tools/bin/../lib/gcc/arm-none-eabi/13.3.1/thumb/v7-m/nofp/crtbegin.o
LOAD C:/ST/STM32CubeIDE_1.13.0/STM32CubeIDE/plugins/com.st.stm32cube.ide.mcu.externaltools.gnu-tools-for-stm32.13.3.rel1.win32_1.0.0.202411081344/tools/bin/../lib/gcc/arm-none-eabi/13.3.1/../../../../arm-none-eabi/lib/thumb/v7-m/nofp/crt0.o
LOAD ./Core/Src/ad5328.o
LOAD ./Core/Src/ads1115.o
LOAD ./Core/Src/main.o
LOAD ./Core/Src/stm32f1xx_hal_msp.o
LOAD ./Core/Src/stm32f1xx_hal_tim.o
LOAD ./Core/Src/stm32f1xx_hal_tim_ex.o
LOAD ./Core/Src/stm32f1xx_it.o
LOAD ./Core/Src/syscalls.o
LOAD ./Core/Src/sysmem.o
LOAD ./Core/Src/system_stm32f1xx.o
LOAD ./Core/Startup/startup_stm32f103c8tx.o
LOAD ./Drivers/STM32F1xx_HAL_Driver/Src/stm32f1xx_hal.o
LOAD ./Drivers/STM32F1xx_HAL_Driver/Src/stm32f1xx_hal_cortex.o
LOAD ./Drivers/STM32F1xx_HAL_Driver/Src/stm32f1xx_hal_dma.o
LOAD ./Drivers/STM32F1xx_HAL_Driver/Src/stm32f1xx_hal_exti.o
LOAD ./Drivers/STM32F1xx_HAL_Driver/Src/stm32f1xx_hal_flash.o
LOAD ./Drivers/STM32F1xx_HAL_Driver/Src/stm32f1xx_hal_flash_ex.o
LOAD ./Drivers/STM32F1xx_HAL_Driver/Src/stm32f1xx_hal_gpio.o
LOAD ./Drivers/STM32F1xx_HAL_Driver/Src/stm32f1xx_hal_gpio_ex.o
LOAD ./Drivers/STM32F1xx_HAL_Driver/Src/stm32f1xx_hal_i2c.o
LOAD ./Drivers/STM32F1xx_HAL_Driver/Src/stm32f1xx_hal_pcd.o
LOAD ./Drivers/STM32F1xx_HAL_Driver/Src/stm32f1xx_hal_pcd_ex.o
LOAD ./Drivers/STM32F1xx_HAL_Driver/Src/stm32f1xx_hal_pwr.o
LOAD ./Drivers/STM32F1xx_HAL_Driver/Src/stm32f1xx_hal_rcc.o
LOAD ./Drivers/STM32F1xx_HAL_Driver/Src/stm32f1xx_hal_rcc_ex.o
LOAD ./Drivers/STM32F1xx_HAL_Driver/Src/stm32f1xx_hal_rtc.o
LOAD ./Drivers/STM32F1xx_HAL_Driver/Src/stm32f1xx_hal_rtc_ex.o
LOAD ./Drivers/STM32F1xx_HAL_Driver/Src/stm32f1xx_hal_spi.o
LOAD ./Drivers/STM32F1xx_HAL_Driver/Src/stm32f1xx_ll_usb.o
LOAD ./Middlewares/ST/STM32_USB_Device_Library/Class/CDC/Src/usbd_cdc.o
LOAD ./Middlewares/ST/STM32_USB_Device_Library/Core/Src/usbd_core.o
LOAD ./Middlewares/ST/STM32_USB_Device_Library/Core/Src/usbd_ctlreq.o
LOAD ./Middlewares/ST/STM32_USB_Device_Library/Core/Src/usbd_ioreq.o
LOAD ./USB_DEVICE/App/usb_device.o
LOAD ./USB_DEVICE/App/usbd_cdc_if.o
LOAD ./USB_DEVICE/App/usbd_desc.o
LOAD ./USB_DEVICE/Target/usbd_conf.o
START GROUP
LOAD C:/ST/STM32CubeIDE_1.13.0/STM32CubeIDE/plugins/com.st.stm32cube.ide.mcu.externaltools.gnu-tools-for-stm32.13.3.rel1.win32_1.0.0.202411081344/tools/bin/../lib/gcc/arm-none-eabi/13.3.1/../../../../arm-none-eabi/lib/thumb/v7-m/nofp\libc_nano.a
LOAD C:/ST/STM32CubeIDE_1.13.0/STM32CubeIDE/plugins/com.st.stm32cube.ide.mcu.externaltools.gnu-tools-for-stm32.13.3.rel1.win32_1.0.0.202411081344/tools/bin/../lib/gcc/arm-none-eabi/13.3.1/../../../../arm-none-eabi/lib/thumb/v7-m/nofp\libm.a
END GROUP
START GROUP
LOAD C:/ST/STM32CubeIDE_1.13.0/STM32CubeIDE/plugins/com.st.stm32cube.ide.mcu.externaltools.gnu-tools-for-stm32.13.3.rel1.win32_1.0.0.202411081344/tools/bin/../lib/gcc/arm-none-eabi/13.3.1/thumb/v7-m/nofp\libgcc.a
LOAD C:/ST/STM32CubeIDE_1.13.0/STM32CubeIDE/plugins/com.st.stm32cube.ide.mcu.externaltools.gnu-tools-for-stm32.13.3.rel1.win32_1.0.0.202411081344/tools/bin/../lib/gcc/arm-none-eabi/13.3.1/../../../../arm-none-eabi/lib/thumb/v7-m/nofp\libc_nano.a
END GROUP
START GROUP
LOAD C:/ST/STM32CubeIDE_1.13.0/STM32CubeIDE/plugins/com.st.stm32cube.ide.mcu.externaltools.gnu-tools-for-stm32.13.3.rel1.win32_1.0.0.202411081344/tools/bin/../lib/gcc/arm-none-eabi/13.3.1/thumb/v7-m/nofp\libgcc.a
LOAD C:/ST/STM32CubeIDE_1.13.0/STM32CubeIDE/plugins/com.st.stm32cube.ide.mcu.externaltools.gnu-tools-for-stm32.13.3.rel1.win32_1.0.0.202411081344/tools/bin/../lib/gcc/arm-none-eabi/13.3.1/../../../../arm-none-eabi/lib/thumb/v7-m/nofp\libc_nano.a
LOAD C:/ST/STM32CubeIDE_1.13.0/STM32CubeIDE/plugins/com.st.stm32cube.ide.mcu.externaltools.gnu-tools-for-stm32.13.3.rel1.win32_1.0.0.202411081344/tools/bin/../lib/gcc/arm-none-eabi/13.3.1/../../../../arm-none-eabi/lib/thumb/v7-m/nofp\libnosys.a
END GROUP
START GROUP
LOAD C:/ST/STM32CubeIDE_1.13.0/STM32CubeIDE/plugins/com.st.stm32cube.ide.mcu.externaltools.gnu-tools-for-stm32.13.3.rel1.win32_1.0.0.202411081344/tools/bin/../lib/gcc/arm-none-eabi/13.3.1/thumb/v7-m/nofp\libgcc.a
LOAD C:/ST/STM32CubeIDE_1.13.0/STM32CubeIDE/plugins/com.st.stm32cube.ide.mcu.externaltools.gnu-tools-for-stm32.13.3.rel1.win32_1.0.0.202411081344/tools/bin/../lib/gcc/arm-none-eabi/13.3.1/../../../../arm-none-eabi/lib/thumb/v7-m/nofp\libc_nano.a
LOAD C:/ST/STM32CubeIDE_1.13.0/STM32CubeIDE/plugins/com.st.stm32cube.ide.mcu.externaltools.gnu-tools-for-stm32.13.3.rel1.win32_1.0.0.202411081344/tools/bin/../lib/gcc/arm-none-eabi/13.3.1/../../../../arm-none-eabi/lib/thumb/v7-m/nofp\libnosys.a
END GROUP
LOAD C:/ST/STM32CubeIDE_1.13.0/STM32CubeIDE/plugins/com.st.stm32cube.ide.mcu.externaltools.gnu-tools-for-stm32.13.3.rel1.win32_1.0.0.202411081344/tools/bin/../lib/gcc/arm-none-eabi/13.3.1/thumb/v7-m/nofp/crtend.o
LOAD C:/ST/STM32CubeIDE_1.13.0/STM32CubeIDE/plugins/com.st.stm32cube.ide.mcu.externaltools.gnu-tools-for-stm32.13.3.rel1.win32_1.0.0.202411081344/tools/bin/../lib/gcc/arm-none-eabi/13.3.1/thumb/v7-m/nofp/crtn.o
                0x20005000                        _estack = (ORIGIN (RAM) + LENGTH (RAM))
                0x00000200                        _Min_Heap_Size = 0x200
                0x00000400                        _Min_Stack_Size = 0x400

.isr_vector     0x08000000      0x10c
                0x08000000                        . = ALIGN (0x4)
 *(.isr_vector)
 .isr_vector    0x08000000      0x10c ./Core/Startup/startup_stm32f103c8tx.o
                0x08000000                g_pfnVectors
                0x0800010c                        . = ALIGN (0x4)

.text           0x0800010c     0xbb30
                0x0800010c                        . = ALIGN (0x4)
 *(.text)
 .text          0x0800010c       0x40 C:/ST/STM32CubeIDE_1.13.0/STM32CubeIDE/plugins/com.st.stm32cube.ide.mcu.externaltools.gnu-tools-for-stm32.13.3.rel1.win32_1.0.0.202411081344/tools/bin/../lib/gcc/arm-none-eabi/13.3.1/thumb/v7-m/nofp/crtbegin.o
 .text          0x0800014c      0x21c C:/ST/STM32CubeIDE_1.13.0/STM32CubeIDE/plugins/com.st.stm32cube.ide.mcu.externaltools.gnu-tools-for-stm32.13.3.rel1.win32_1.0.0.202411081344/tools/bin/../lib/gcc/arm-none-eabi/13.3.1/thumb/v7-m/nofp\libgcc.a(_arm_addsubsf3.o)
                0x0800014c                __aeabi_frsub
                0x08000154                __subsf3
                0x08000154                __aeabi_fsub
                0x08000158                __aeabi_fadd
                0x08000158                __addsf3
                0x080002b8                __aeabi_ui2f
                0x080002b8                __floatunsisf
                0x080002c0                __aeabi_i2f
                0x080002c0                __floatsisf
                0x080002dc                __aeabi_ul2f
                0x080002dc                __floatundisf
                0x080002ec                __aeabi_l2f
                0x080002ec                __floatdisf
 .text          0x08000368      0x2a0 C:/ST/STM32CubeIDE_1.13.0/STM32CubeIDE/plugins/com.st.stm32cube.ide.mcu.externaltools.gnu-tools-for-stm32.13.3.rel1.win32_1.0.0.202411081344/tools/bin/../lib/gcc/arm-none-eabi/13.3.1/thumb/v7-m/nofp\libgcc.a(_arm_muldivsf3.o)
                0x08000368                __mulsf3
                0x08000368                __aeabi_fmul
                0x080004d0                __aeabi_fdiv
                0x080004d0                __divsf3
 .text          0x08000608       0xec C:/ST/STM32CubeIDE_1.13.0/STM32CubeIDE/plugins/com.st.stm32cube.ide.mcu.externaltools.gnu-tools-for-stm32.13.3.rel1.win32_1.0.0.202411081344/tools/bin/../lib/gcc/arm-none-eabi/13.3.1/thumb/v7-m/nofp\libgcc.a(_arm_cmpsf2.o)
                0x08000608                __gesf2
                0x08000608                __gtsf2
                0x08000610                __lesf2
                0x08000610                __ltsf2
                0x08000618                __nesf2
                0x08000618                __eqsf2
                0x08000618                __cmpsf2
                0x08000678                __aeabi_cfrcmple
                0x08000680                __aeabi_cfcmpeq
                0x08000680                __aeabi_cfcmple
                0x08000690                __aeabi_fcmpeq
                0x080006a4                __aeabi_fcmplt
                0x080006b8                __aeabi_fcmple
                0x080006cc                __aeabi_fcmpge
                0x080006e0                __aeabi_fcmpgt
 .text          0x080006f4       0x40 C:/ST/STM32CubeIDE_1.13.0/STM32CubeIDE/plugins/com.st.stm32cube.ide.mcu.externaltools.gnu-tools-for-stm32.13.3.rel1.win32_1.0.0.202411081344/tools/bin/../lib/gcc/arm-none-eabi/13.3.1/thumb/v7-m/nofp\libgcc.a(_arm_fixunssfsi.o)
                0x080006f4                __fixunssfsi
                0x080006f4                __aeabi_f2uiz
 *(.text*)
 .text.AD5328_SendWord
                0x08000734       0x5c ./Core/Src/ad5328.o
 .text.AD5328_Init
                0x08000790       0x6c ./Core/Src/ad5328.o
                0x08000790                AD5328_Init
 .text.AD5328_WriteRaw
                0x080007fc       0x54 ./Core/Src/ad5328.o
                0x080007fc                AD5328_WriteRaw
 .text.AD5328_WriteVoltage
                0x08000850       0x90 ./Core/Src/ad5328.o
                0x08000850                AD5328_WriteVoltage
 .text.AD5328_WriteABCD_Voltage
                0x080008e0       0x78 ./Core/Src/ad5328.o
                0x080008e0                AD5328_WriteABCD_Voltage
 .text.AD5328_ResetDataAndControl
                0x08000958       0x1c ./Core/Src/ad5328.o
                0x08000958                AD5328_ResetDataAndControl
 .text.AD5328_SetGainABCD_X2
                0x08000974       0x1c ./Core/Src/ad5328.o
                0x08000974                AD5328_SetGainABCD_X2
 .text.ADS1115_WriteRegister
                0x08000990       0x46 ./Core/Src/ads1115.o
 .text.ADS1115_ReadRegister
                0x080009d6       0x7a ./Core/Src/ads1115.o
 .text.ADS1115_GetMuxBitsSingleEnded
                0x08000a50       0x44 ./Core/Src/ads1115.o
 .text.ADS1115_GetConversionDelayMs
                0x08000a94       0x64 ./Core/Src/ads1115.o
 .text.ADS1115_Init
                0x08000af8       0x3e ./Core/Src/ads1115.o
                0x08000af8                ADS1115_Init
 .text.ADS1115_ReadRawSingleEnded
                0x08000b36       0xee ./Core/Src/ads1115.o
                0x08000b36                ADS1115_ReadRawSingleEnded
 .text.ADS1115_RawToVoltage
                0x08000c24       0xa0 ./Core/Src/ads1115.o
                0x08000c24                ADS1115_RawToVoltage
 .text.ADS1115_ReadVoltageSingleEnded
                0x08000cc4       0x46 ./Core/Src/ads1115.o
                0x08000cc4                ADS1115_ReadVoltageSingleEnded
 *fill*         0x08000d0a        0x2 
 .text.main     0x08000d0c      0x418 ./Core/Src/main.o
                0x08000d0c                main
 .text.ITV_PressureControl
                0x08001124      0x1e4 ./Core/Src/main.o
                0x08001124                ITV_PressureControl
 .text.HAL_SPI_RxCpltCallback
                0x08001308       0x60 ./Core/Src/main.o
                0x08001308                HAL_SPI_RxCpltCallback
 .text.HAL_SPI_ErrorCallback
                0x08001368       0x78 ./Core/Src/main.o
                0x08001368                HAL_SPI_ErrorCallback
 .text.Motherboard_ProcessCommand
                0x080013e0      0x15c ./Core/Src/main.o
                0x080013e0                Motherboard_ProcessCommand
 .text.SystemClock_Config
                0x0800153c       0xc0 ./Core/Src/main.o
                0x0800153c                SystemClock_Config
 .text.MX_I2C1_Init
                0x080015fc       0x5c ./Core/Src/main.o
 .text.MX_RTC_Init
                0x08001658       0x94 ./Core/Src/main.o
 .text.MX_SPI1_Init
                0x080016ec       0x70 ./Core/Src/main.o
 .text.MX_SPI2_Init
                0x0800175c       0x64 ./Core/Src/main.o
 .text.MX_GPIO_Init
                0x080017c0       0xf8 ./Core/Src/main.o
 .text.carriage_move_frw
                0x080018b8       0x50 ./Core/Src/main.o
                0x080018b8                carriage_move_frw
 .text.carriage_move_rev
                0x08001908       0x24 ./Core/Src/main.o
                0x08001908                carriage_move_rev
 .text.carriage_stop
                0x0800192c       0x24 ./Core/Src/main.o
                0x0800192c                carriage_stop
 .text.Error_Handler
                0x08001950        0xc ./Core/Src/main.o
                0x08001950                Error_Handler
 .text.HAL_MspInit
                0x0800195c       0x64 ./Core/Src/stm32f1xx_hal_msp.o
                0x0800195c                HAL_MspInit
 .text.HAL_I2C_MspInit
                0x080019c0       0x7c ./Core/Src/stm32f1xx_hal_msp.o
                0x080019c0                HAL_I2C_MspInit
 .text.HAL_RTC_MspInit
                0x08001a3c       0x48 ./Core/Src/stm32f1xx_hal_msp.o
                0x08001a3c                HAL_RTC_MspInit
 .text.HAL_SPI_MspInit
                0x08001a84      0x104 ./Core/Src/stm32f1xx_hal_msp.o
                0x08001a84                HAL_SPI_MspInit
 .text.NMI_Handler
                0x08001b88        0x8 ./Core/Src/stm32f1xx_it.o
                0x08001b88                NMI_Handler
 .text.HardFault_Handler
                0x08001b90        0x8 ./Core/Src/stm32f1xx_it.o
                0x08001b90                HardFault_Handler
 .text.MemManage_Handler
                0x08001b98        0x8 ./Core/Src/stm32f1xx_it.o
                0x08001b98                MemManage_Handler
 .text.BusFault_Handler
                0x08001ba0        0x8 ./Core/Src/stm32f1xx_it.o
                0x08001ba0                BusFault_Handler
 .text.UsageFault_Handler
                0x08001ba8        0x8 ./Core/Src/stm32f1xx_it.o
                0x08001ba8                UsageFault_Handler
 .text.SVC_Handler
                0x08001bb0        0xc ./Core/Src/stm32f1xx_it.o
                0x08001bb0                SVC_Handler
 .text.DebugMon_Handler
                0x08001bbc        0xc ./Core/Src/stm32f1xx_it.o
                0x08001bbc                DebugMon_Handler
 .text.PendSV_Handler
                0x08001bc8        0xc ./Core/Src/stm32f1xx_it.o
                0x08001bc8                PendSV_Handler
 .text.SysTick_Handler
                0x08001bd4        0xc ./Core/Src/stm32f1xx_it.o
                0x08001bd4                SysTick_Handler
 .text.USB_LP_CAN1_RX0_IRQHandler
                0x08001be0       0x14 ./Core/Src/stm32f1xx_it.o
                0x08001be0                USB_LP_CAN1_RX0_IRQHandler
 .text.SPI2_IRQHandler
                0x08001bf4       0x14 ./Core/Src/stm32f1xx_it.o
                0x08001bf4                SPI2_IRQHandler
 .text.SystemInit
                0x08001c08        0xc ./Core/Src/system_stm32f1xx.o
                0x08001c08                SystemInit
 .text.Reset_Handler
                0x08001c14       0x48 ./Core/Startup/startup_stm32f103c8tx.o
                0x08001c14                Reset_Handler
 .text.Default_Handler
                0x08001c5c        0x2 ./Core/Startup/startup_stm32f103c8tx.o
                0x08001c5c                RTC_Alarm_IRQHandler
                0x08001c5c                EXTI2_IRQHandler
                0x08001c5c                TIM1_CC_IRQHandler
                0x08001c5c                PVD_IRQHandler
                0x08001c5c                EXTI3_IRQHandler
                0x08001c5c                EXTI0_IRQHandler
                0x08001c5c                I2C2_EV_IRQHandler
                0x08001c5c                ADC1_2_IRQHandler
                0x08001c5c                SPI1_IRQHandler
                0x08001c5c                TAMPER_IRQHandler
                0x08001c5c                DMA1_Channel4_IRQHandler
                0x08001c5c                USART3_IRQHandler
                0x08001c5c                RTC_IRQHandler
                0x08001c5c                DMA1_Channel7_IRQHandler
                0x08001c5c                CAN1_RX1_IRQHandler
                0x08001c5c                TIM4_IRQHandler
                0x08001c5c                I2C1_EV_IRQHandler
                0x08001c5c                DMA1_Channel6_IRQHandler
                0x08001c5c                TIM3_IRQHandler
                0x08001c5c                RCC_IRQHandler
                0x08001c5c                TIM1_TRG_COM_IRQHandler
                0x08001c5c                DMA1_Channel1_IRQHandler
                0x08001c5c                Default_Handler
                0x08001c5c                EXTI15_10_IRQHandler
                0x08001c5c                EXTI9_5_IRQHandler
                0x08001c5c                DMA1_Channel5_IRQHandler
                0x08001c5c                EXTI4_IRQHandler
                0x08001c5c                USB_HP_CAN1_TX_IRQHandler
                0x08001c5c                DMA1_Channel3_IRQHandler
                0x08001c5c                TIM1_UP_IRQHandler
                0x08001c5c                WWDG_IRQHandler
                0x08001c5c                TIM2_IRQHandler
                0x08001c5c                TIM1_BRK_IRQHandler
                0x08001c5c                EXTI1_IRQHandler
                0x08001c5c                USART2_IRQHandler
                0x08001c5c                I2C2_ER_IRQHandler
                0x08001c5c                DMA1_Channel2_IRQHandler
                0x08001c5c                CAN1_SCE_IRQHandler
                0x08001c5c                FLASH_IRQHandler
                0x08001c5c                USART1_IRQHandler
                0x08001c5c                I2C1_ER_IRQHandler
                0x08001c5c                USBWakeUp_IRQHandler
 *fill*         0x08001c5e        0x2 
 .text.HAL_Init
                0x08001c60       0x2c ./Drivers/STM32F1xx_HAL_Driver/Src/stm32f1xx_hal.o
                0x08001c60                HAL_Init
 .text.HAL_InitTick
                0x08001c8c       0x60 ./Drivers/STM32F1xx_HAL_Driver/Src/stm32f1xx_hal.o
                0x08001c8c                HAL_InitTick
 .text.HAL_IncTick
                0x08001cec       0x24 ./Drivers/STM32F1xx_HAL_Driver/Src/stm32f1xx_hal.o
                0x08001cec                HAL_IncTick
 .text.HAL_GetTick
                0x08001d10       0x14 ./Drivers/STM32F1xx_HAL_Driver/Src/stm32f1xx_hal.o
                0x08001d10                HAL_GetTick
 .text.HAL_Delay
                0x08001d24       0x48 ./Drivers/STM32F1xx_HAL_Driver/Src/stm32f1xx_hal.o
                0x08001d24                HAL_Delay
 .text.__NVIC_SetPriorityGrouping
                0x08001d6c       0x48 ./Drivers/STM32F1xx_HAL_Driver/Src/stm32f1xx_hal_cortex.o
 .text.__NVIC_GetPriorityGrouping
                0x08001db4       0x1c ./Drivers/STM32F1xx_HAL_Driver/Src/stm32f1xx_hal_cortex.o
 .text.__NVIC_EnableIRQ
                0x08001dd0       0x38 ./Drivers/STM32F1xx_HAL_Driver/Src/stm32f1xx_hal_cortex.o
 .text.__NVIC_SetPriority
                0x08001e08       0x54 ./Drivers/STM32F1xx_HAL_Driver/Src/stm32f1xx_hal_cortex.o
 .text.NVIC_EncodePriority
                0x08001e5c       0x64 ./Drivers/STM32F1xx_HAL_Driver/Src/stm32f1xx_hal_cortex.o
 .text.SysTick_Config
                0x08001ec0       0x44 ./Drivers/STM32F1xx_HAL_Driver/Src/stm32f1xx_hal_cortex.o
 .text.HAL_NVIC_SetPriorityGrouping
                0x08001f04       0x16 ./Drivers/STM32F1xx_HAL_Driver/Src/stm32f1xx_hal_cortex.o
                0x08001f04                HAL_NVIC_SetPriorityGrouping
 .text.HAL_NVIC_SetPriority
                0x08001f1a       0x38 ./Drivers/STM32F1xx_HAL_Driver/Src/stm32f1xx_hal_cortex.o
                0x08001f1a                HAL_NVIC_SetPriority
 .text.HAL_NVIC_EnableIRQ
                0x08001f52       0x1c ./Drivers/STM32F1xx_HAL_Driver/Src/stm32f1xx_hal_cortex.o
                0x08001f52                HAL_NVIC_EnableIRQ
 .text.HAL_SYSTICK_Config
                0x08001f6e       0x18 ./Drivers/STM32F1xx_HAL_Driver/Src/stm32f1xx_hal_cortex.o
                0x08001f6e                HAL_SYSTICK_Config
 *fill*         0x08001f86        0x2 
 .text.HAL_DMA_Abort_IT
                0x08001f88       0xf0 ./Drivers/STM32F1xx_HAL_Driver/Src/stm32f1xx_hal_dma.o
                0x08001f88                HAL_DMA_Abort_IT
 .text.HAL_GPIO_Init
                0x08002078      0x308 ./Drivers/STM32F1xx_HAL_Driver/Src/stm32f1xx_hal_gpio.o
                0x08002078                HAL_GPIO_Init
 .text.HAL_GPIO_ReadPin
                0x08002380       0x2e ./Drivers/STM32F1xx_HAL_Driver/Src/stm32f1xx_hal_gpio.o
                0x08002380                HAL_GPIO_ReadPin
 .text.HAL_GPIO_WritePin
                0x080023ae       0x30 ./Drivers/STM32F1xx_HAL_Driver/Src/stm32f1xx_hal_gpio.o
                0x080023ae                HAL_GPIO_WritePin
 *fill*         0x080023de        0x2 
 .text.HAL_I2C_Init
                0x080023e0      0x288 ./Drivers/STM32F1xx_HAL_Driver/Src/stm32f1xx_hal_i2c.o
                0x080023e0                HAL_I2C_Init
 .text.HAL_I2C_Master_Transmit
                0x08002668      0x1fc ./Drivers/STM32F1xx_HAL_Driver/Src/stm32f1xx_hal_i2c.o
                0x08002668                HAL_I2C_Master_Transmit
 .text.HAL_I2C_Master_Receive
                0x08002864      0x4d8 ./Drivers/STM32F1xx_HAL_Driver/Src/stm32f1xx_hal_i2c.o
                0x08002864                HAL_I2C_Master_Receive
 .text.HAL_I2C_IsDeviceReady
                0x08002d3c      0x25c ./Drivers/STM32F1xx_HAL_Driver/Src/stm32f1xx_hal_i2c.o
                0x08002d3c                HAL_I2C_IsDeviceReady
 .text.I2C_MasterRequestWrite
                0x08002f98      0x104 ./Drivers/STM32F1xx_HAL_Driver/Src/stm32f1xx_hal_i2c.o
 .text.I2C_MasterRequestRead
                0x0800309c      0x19c ./Drivers/STM32F1xx_HAL_Driver/Src/stm32f1xx_hal_i2c.o
 .text.I2C_WaitOnFlagUntilTimeout
                0x08003238       0xf4 ./Drivers/STM32F1xx_HAL_Driver/Src/stm32f1xx_hal_i2c.o
 .text.I2C_WaitOnMasterAddressFlagUntilTimeout
                0x0800332c      0x140 ./Drivers/STM32F1xx_HAL_Driver/Src/stm32f1xx_hal_i2c.o
 .text.I2C_WaitOnTXEFlagUntilTimeout
                0x0800346c       0x90 ./Drivers/STM32F1xx_HAL_Driver/Src/stm32f1xx_hal_i2c.o
 .text.I2C_WaitOnBTFFlagUntilTimeout
                0x080034fc       0x90 ./Drivers/STM32F1xx_HAL_Driver/Src/stm32f1xx_hal_i2c.o
 .text.I2C_WaitOnRXNEFlagUntilTimeout
                0x0800358c       0xba ./Drivers/STM32F1xx_HAL_Driver/Src/stm32f1xx_hal_i2c.o
 .text.I2C_IsAcknowledgeFailed
                0x08003646       0x5c ./Drivers/STM32F1xx_HAL_Driver/Src/stm32f1xx_hal_i2c.o
 .text.HAL_PCD_Init
                0x080036a2      0x1ec ./Drivers/STM32F1xx_HAL_Driver/Src/stm32f1xx_hal_pcd.o
                0x080036a2                HAL_PCD_Init
 .text.HAL_PCD_Start
                0x0800388e       0x4c ./Drivers/STM32F1xx_HAL_Driver/Src/stm32f1xx_hal_pcd.o
                0x0800388e                HAL_PCD_Start
 .text.HAL_PCD_IRQHandler
                0x080038da      0x260 ./Drivers/STM32F1xx_HAL_Driver/Src/stm32f1xx_hal_pcd.o
                0x080038da                HAL_PCD_IRQHandler
 .text.HAL_PCD_SetAddress
                0x08003b3a       0x48 ./Drivers/STM32F1xx_HAL_Driver/Src/stm32f1xx_hal_pcd.o
                0x08003b3a                HAL_PCD_SetAddress
 .text.HAL_PCD_EP_Open
                0x08003b82       0xba ./Drivers/STM32F1xx_HAL_Driver/Src/stm32f1xx_hal_pcd.o
                0x08003b82                HAL_PCD_EP_Open
 .text.HAL_PCD_EP_Close
                0x08003c3c       0x90 ./Drivers/STM32F1xx_HAL_Driver/Src/stm32f1xx_hal_pcd.o
                0x08003c3c                HAL_PCD_EP_Close
 .text.HAL_PCD_EP_Receive
                0x08003ccc       0x62 ./Drivers/STM32F1xx_HAL_Driver/Src/stm32f1xx_hal_pcd.o
                0x08003ccc                HAL_PCD_EP_Receive
 .text.HAL_PCD_EP_GetRxCount
                0x08003d2e       0x2e ./Drivers/STM32F1xx_HAL_Driver/Src/stm32f1xx_hal_pcd.o
                0x08003d2e                HAL_PCD_EP_GetRxCount
 .text.HAL_PCD_EP_Transmit
                0x08003d5c       0x6e ./Drivers/STM32F1xx_HAL_Driver/Src/stm32f1xx_hal_pcd.o
                0x08003d5c                HAL_PCD_EP_Transmit
 .text.HAL_PCD_EP_SetStall
                0x08003dca       0xc0 ./Drivers/STM32F1xx_HAL_Driver/Src/stm32f1xx_hal_pcd.o
                0x08003dca                HAL_PCD_EP_SetStall
 .text.HAL_PCD_EP_ClrStall
                0x08003e8a       0xa8 ./Drivers/STM32F1xx_HAL_Driver/Src/stm32f1xx_hal_pcd.o
                0x08003e8a                HAL_PCD_EP_ClrStall
 .text.PCD_EP_ISR_Handler
                0x08003f32      0x79e ./Drivers/STM32F1xx_HAL_Driver/Src/stm32f1xx_hal_pcd.o
 .text.HAL_PCD_EP_DB_Receive
                0x080046d0      0x21a ./Drivers/STM32F1xx_HAL_Driver/Src/stm32f1xx_hal_pcd.o
 .text.HAL_PCD_EP_DB_Transmit
                0x080048ea      0x7f4 ./Drivers/STM32F1xx_HAL_Driver/Src/stm32f1xx_hal_pcd.o
 .text.HAL_PCDEx_PMAConfig
                0x080050de       0x84 ./Drivers/STM32F1xx_HAL_Driver/Src/stm32f1xx_hal_pcd_ex.o
                0x080050de                HAL_PCDEx_PMAConfig
 *fill*         0x08005162        0x2 
 .text.HAL_PWR_EnableBkUpAccess
                0x08005164       0x18 ./Drivers/STM32F1xx_HAL_Driver/Src/stm32f1xx_hal_pwr.o
                0x08005164                HAL_PWR_EnableBkUpAccess
 .text.HAL_RCC_OscConfig
                0x0800517c      0x504 ./Drivers/STM32F1xx_HAL_Driver/Src/stm32f1xx_hal_rcc.o
                0x0800517c                HAL_RCC_OscConfig
 .text.HAL_RCC_ClockConfig
                0x08005680      0x1d4 ./Drivers/STM32F1xx_HAL_Driver/Src/stm32f1xx_hal_rcc.o
                0x08005680                HAL_RCC_ClockConfig
 .text.HAL_RCC_GetSysClockFreq
                0x08005854       0xa8 ./Drivers/STM32F1xx_HAL_Driver/Src/stm32f1xx_hal_rcc.o
                0x08005854                HAL_RCC_GetSysClockFreq
 .text.HAL_RCC_GetHCLKFreq
                0x080058fc       0x14 ./Drivers/STM32F1xx_HAL_Driver/Src/stm32f1xx_hal_rcc.o
                0x080058fc                HAL_RCC_GetHCLKFreq
 .text.HAL_RCC_GetPCLK1Freq
                0x08005910       0x28 ./Drivers/STM32F1xx_HAL_Driver/Src/stm32f1xx_hal_rcc.o
                0x08005910                HAL_RCC_GetPCLK1Freq
 .text.HAL_RCC_GetPCLK2Freq
                0x08005938       0x28 ./Drivers/STM32F1xx_HAL_Driver/Src/stm32f1xx_hal_rcc.o
                0x08005938                HAL_RCC_GetPCLK2Freq
 .text.RCC_Delay
                0x08005960       0x3c ./Drivers/STM32F1xx_HAL_Driver/Src/stm32f1xx_hal_rcc.o
 .text.HAL_RCCEx_PeriphCLKConfig
                0x0800599c      0x16c ./Drivers/STM32F1xx_HAL_Driver/Src/stm32f1xx_hal_rcc_ex.o
                0x0800599c                HAL_RCCEx_PeriphCLKConfig
 .text.HAL_RCCEx_GetPeriphCLKFreq
                0x08005b08      0x16c ./Drivers/STM32F1xx_HAL_Driver/Src/stm32f1xx_hal_rcc_ex.o
                0x08005b08                HAL_RCCEx_GetPeriphCLKFreq
 .text.HAL_RTC_Init
                0x08005c74      0x118 ./Drivers/STM32F1xx_HAL_Driver/Src/stm32f1xx_hal_rtc.o
                0x08005c74                HAL_RTC_Init
 .text.HAL_RTC_SetTime
                0x08005d8c      0x12e ./Drivers/STM32F1xx_HAL_Driver/Src/stm32f1xx_hal_rtc.o
                0x08005d8c                HAL_RTC_SetTime
 *fill*         0x08005eba        0x2 
 .text.HAL_RTC_SetDate
                0x08005ebc      0x16c ./Drivers/STM32F1xx_HAL_Driver/Src/stm32f1xx_hal_rtc.o
                0x08005ebc                HAL_RTC_SetDate
 .text.HAL_RTC_WaitForSynchro
                0x08006028       0x5a ./Drivers/STM32F1xx_HAL_Driver/Src/stm32f1xx_hal_rtc.o
                0x08006028                HAL_RTC_WaitForSynchro
 .text.RTC_ReadTimeCounter
                0x08006082       0x60 ./Drivers/STM32F1xx_HAL_Driver/Src/stm32f1xx_hal_rtc.o
 .text.RTC_WriteTimeCounter
                0x080060e2       0x4e ./Drivers/STM32F1xx_HAL_Driver/Src/stm32f1xx_hal_rtc.o
 .text.RTC_ReadAlarmCounter
                0x08006130       0x32 ./Drivers/STM32F1xx_HAL_Driver/Src/stm32f1xx_hal_rtc.o
 .text.RTC_WriteAlarmCounter
                0x08006162       0x4e ./Drivers/STM32F1xx_HAL_Driver/Src/stm32f1xx_hal_rtc.o
 .text.RTC_EnterInitMode
                0x080061b0       0x50 ./Drivers/STM32F1xx_HAL_Driver/Src/stm32f1xx_hal_rtc.o
 .text.RTC_ExitInitMode
                0x08006200       0x50 ./Drivers/STM32F1xx_HAL_Driver/Src/stm32f1xx_hal_rtc.o
 .text.RTC_Bcd2ToByte
                0x08006250       0x3a ./Drivers/STM32F1xx_HAL_Driver/Src/stm32f1xx_hal_rtc.o
 *fill*         0x0800628a        0x2 
 .text.RTC_WeekDayNum
                0x0800628c       0xf0 ./Drivers/STM32F1xx_HAL_Driver/Src/stm32f1xx_hal_rtc.o
 .text.HAL_SPI_Init
                0x0800637c      0x108 ./Drivers/STM32F1xx_HAL_Driver/Src/stm32f1xx_hal_spi.o
                0x0800637c                HAL_SPI_Init
 .text.HAL_SPI_Transmit
                0x08006484      0x288 ./Drivers/STM32F1xx_HAL_Driver/Src/stm32f1xx_hal_spi.o
                0x08006484                HAL_SPI_Transmit
 .text.HAL_SPI_Receive_IT
                0x0800670c      0x130 ./Drivers/STM32F1xx_HAL_Driver/Src/stm32f1xx_hal_spi.o
                0x0800670c                HAL_SPI_Receive_IT
 .text.HAL_SPI_TransmitReceive_IT
                0x0800683c      0x11c ./Drivers/STM32F1xx_HAL_Driver/Src/stm32f1xx_hal_spi.o
                0x0800683c                HAL_SPI_TransmitReceive_IT
 .text.HAL_SPI_Abort_IT
                0x08006958      0x1e4 ./Drivers/STM32F1xx_HAL_Driver/Src/stm32f1xx_hal_spi.o
                0x08006958                HAL_SPI_Abort_IT
 .text.HAL_SPI_IRQHandler
                0x08006b3c      0x1cc ./Drivers/STM32F1xx_HAL_Driver/Src/stm32f1xx_hal_spi.o
                0x08006b3c                HAL_SPI_IRQHandler
 .text.HAL_SPI_TxRxCpltCallback
                0x08006d08       0x12 ./Drivers/STM32F1xx_HAL_Driver/Src/stm32f1xx_hal_spi.o
                0x08006d08                HAL_SPI_TxRxCpltCallback
 .text.HAL_SPI_AbortCpltCallback
                0x08006d1a       0x12 ./Drivers/STM32F1xx_HAL_Driver/Src/stm32f1xx_hal_spi.o
                0x08006d1a                HAL_SPI_AbortCpltCallback
 .text.HAL_SPI_GetError
                0x08006d2c       0x16 ./Drivers/STM32F1xx_HAL_Driver/Src/stm32f1xx_hal_spi.o
                0x08006d2c                HAL_SPI_GetError
 .text.SPI_DMAAbortOnError
                0x08006d42       0x28 ./Drivers/STM32F1xx_HAL_Driver/Src/stm32f1xx_hal_spi.o
 *fill*         0x08006d6a        0x2 
 .text.SPI_DMATxAbortCallback
                0x08006d6c       0xc4 ./Drivers/STM32F1xx_HAL_Driver/Src/stm32f1xx_hal_spi.o
 .text.SPI_DMARxAbortCallback
                0x08006e30       0xb2 ./Drivers/STM32F1xx_HAL_Driver/Src/stm32f1xx_hal_spi.o
 .text.SPI_2linesRxISR_8BIT
                0x08006ee2       0x64 ./Drivers/STM32F1xx_HAL_Driver/Src/stm32f1xx_hal_spi.o
 .text.SPI_2linesTxISR_8BIT
                0x08006f46       0x60 ./Drivers/STM32F1xx_HAL_Driver/Src/stm32f1xx_hal_spi.o
 .text.SPI_2linesRxISR_16BIT
                0x08006fa6       0x60 ./Drivers/STM32F1xx_HAL_Driver/Src/stm32f1xx_hal_spi.o
 .text.SPI_2linesTxISR_16BIT
                0x08007006       0x5e ./Drivers/STM32F1xx_HAL_Driver/Src/stm32f1xx_hal_spi.o
 .text.SPI_RxISR_8BIT
                0x08007064       0x4a ./Drivers/STM32F1xx_HAL_Driver/Src/stm32f1xx_hal_spi.o
 .text.SPI_RxISR_16BIT
                0x080070ae       0x46 ./Drivers/STM32F1xx_HAL_Driver/Src/stm32f1xx_hal_spi.o
 .text.SPI_WaitFlagStateUntilTimeout
                0x080070f4      0x110 ./Drivers/STM32F1xx_HAL_Driver/Src/stm32f1xx_hal_spi.o
 .text.SPI_EndRxTransaction
                0x08007204       0xa4 ./Drivers/STM32F1xx_HAL_Driver/Src/stm32f1xx_hal_spi.o
 .text.SPI_EndRxTxTransaction
                0x080072a8       0x62 ./Drivers/STM32F1xx_HAL_Driver/Src/stm32f1xx_hal_spi.o
 *fill*         0x0800730a        0x2 
 .text.SPI_CloseRxTx_ISR
                0x0800730c       0xe8 ./Drivers/STM32F1xx_HAL_Driver/Src/stm32f1xx_hal_spi.o
 .text.SPI_CloseRx_ISR
                0x080073f4       0x7e ./Drivers/STM32F1xx_HAL_Driver/Src/stm32f1xx_hal_spi.o
 *fill*         0x08007472        0x2 
 .text.SPI_AbortRx_ISR
                0x08007474       0x8c ./Drivers/STM32F1xx_HAL_Driver/Src/stm32f1xx_hal_spi.o
 .text.SPI_AbortTx_ISR
                0x08007500       0x3a ./Drivers/STM32F1xx_HAL_Driver/Src/stm32f1xx_hal_spi.o
 .text.USB_CoreInit
                0x0800753a       0x1a ./Drivers/STM32F1xx_HAL_Driver/Src/stm32f1xx_ll_usb.o
                0x0800753a                USB_CoreInit
 .text.USB_EnableGlobalInt
                0x08007554       0x2c ./Drivers/STM32F1xx_HAL_Driver/Src/stm32f1xx_ll_usb.o
                0x08007554                USB_EnableGlobalInt
 .text.USB_DisableGlobalInt
                0x08007580       0x34 ./Drivers/STM32F1xx_HAL_Driver/Src/stm32f1xx_ll_usb.o
                0x08007580                USB_DisableGlobalInt
 .text.USB_SetCurrentMode
                0x080075b4       0x18 ./Drivers/STM32F1xx_HAL_Driver/Src/stm32f1xx_ll_usb.o
                0x080075b4                USB_SetCurrentMode
 .text.USB_DevInit
                0x080075cc       0x3a ./Drivers/STM32F1xx_HAL_Driver/Src/stm32f1xx_ll_usb.o
                0x080075cc                USB_DevInit
 *fill*         0x08007606        0x2 
 .text.USB_ActivateEndpoint
                0x08007608      0x780 ./Drivers/STM32F1xx_HAL_Driver/Src/stm32f1xx_ll_usb.o
                0x08007608                USB_ActivateEndpoint
 .text.USB_DeactivateEndpoint
                0x08007d88      0x3d8 ./Drivers/STM32F1xx_HAL_Driver/Src/stm32f1xx_ll_usb.o
                0x08007d88                USB_DeactivateEndpoint
 .text.USB_EPStartXfer
                0x08008160     0x1762 ./Drivers/STM32F1xx_HAL_Driver/Src/stm32f1xx_ll_usb.o
                0x08008160                USB_EPStartXfer
 .text.USB_EPSetStall
                0x080098c2       0xa0 ./Drivers/STM32F1xx_HAL_Driver/Src/stm32f1xx_ll_usb.o
                0x080098c2                USB_EPSetStall
 .text.USB_EPClearStall
                0x08009962      0x15a ./Drivers/STM32F1xx_HAL_Driver/Src/stm32f1xx_ll_usb.o
                0x08009962                USB_EPClearStall
 .text.USB_SetDevAddress
                0x08009abc       0x26 ./Drivers/STM32F1xx_HAL_Driver/Src/stm32f1xx_ll_usb.o
                0x08009abc                USB_SetDevAddress
 .text.USB_DevConnect
                0x08009ae2       0x14 ./Drivers/STM32F1xx_HAL_Driver/Src/stm32f1xx_ll_usb.o
                0x08009ae2                USB_DevConnect
 .text.USB_DevDisconnect
                0x08009af6       0x14 ./Drivers/STM32F1xx_HAL_Driver/Src/stm32f1xx_ll_usb.o
                0x08009af6                USB_DevDisconnect
 .text.USB_ReadInterrupts
                0x08009b0a       0x1e ./Drivers/STM32F1xx_HAL_Driver/Src/stm32f1xx_ll_usb.o
                0x08009b0a                USB_ReadInterrupts
 .text.USB_EP0_OutStart
                0x08009b28       0x16 ./Drivers/STM32F1xx_HAL_Driver/Src/stm32f1xx_ll_usb.o
                0x08009b28                USB_EP0_OutStart
 .text.USB_WritePMA
                0x08009b3e       0x8c ./Drivers/STM32F1xx_HAL_Driver/Src/stm32f1xx_ll_usb.o
                0x08009b3e                USB_WritePMA
 .text.USB_ReadPMA
                0x08009bca       0x9e ./Drivers/STM32F1xx_HAL_Driver/Src/stm32f1xx_ll_usb.o
                0x08009bca                USB_ReadPMA
 .text.USBD_CDC_Init
                0x08009c68       0xf4 ./Middlewares/ST/STM32_USB_Device_Library/Class/CDC/Src/usbd_cdc.o
 .text.USBD_CDC_DeInit
                0x08009d5c       0x6e ./Middlewares/ST/STM32_USB_Device_Library/Class/CDC/Src/usbd_cdc.o
 .text.USBD_CDC_Setup
                0x08009dca      0x146 ./Middlewares/ST/STM32_USB_Device_Library/Class/CDC/Src/usbd_cdc.o
 .text.USBD_CDC_DataIn
                0x08009f10       0xa6 ./Middlewares/ST/STM32_USB_Device_Library/Class/CDC/Src/usbd_cdc.o
 .text.USBD_CDC_DataOut
                0x08009fb6       0x56 ./Middlewares/ST/STM32_USB_Device_Library/Class/CDC/Src/usbd_cdc.o
 .text.USBD_CDC_EP0_RxReady
                0x0800a00c       0x4e ./Middlewares/ST/STM32_USB_Device_Library/Class/CDC/Src/usbd_cdc.o
 *fill*         0x0800a05a        0x2 
 .text.USBD_CDC_GetFSCfgDesc
                0x0800a05c       0x20 ./Middlewares/ST/STM32_USB_Device_Library/Class/CDC/Src/usbd_cdc.o
 .text.USBD_CDC_GetHSCfgDesc
                0x0800a07c       0x20 ./Middlewares/ST/STM32_USB_Device_Library/Class/CDC/Src/usbd_cdc.o
 .text.USBD_CDC_GetOtherSpeedCfgDesc
                0x0800a09c       0x20 ./Middlewares/ST/STM32_USB_Device_Library/Class/CDC/Src/usbd_cdc.o
 .text.USBD_CDC_GetDeviceQualifierDescriptor
                0x0800a0bc       0x20 ./Middlewares/ST/STM32_USB_Device_Library/Class/CDC/Src/usbd_cdc.o
                0x0800a0bc                USBD_CDC_GetDeviceQualifierDescriptor
 .text.USBD_CDC_RegisterInterface
                0x0800a0dc       0x2c ./Middlewares/ST/STM32_USB_Device_Library/Class/CDC/Src/usbd_cdc.o
                0x0800a0dc                USBD_CDC_RegisterInterface
 .text.USBD_CDC_SetTxBuffer
                0x0800a108       0x32 ./Middlewares/ST/STM32_USB_Device_Library/Class/CDC/Src/usbd_cdc.o
                0x0800a108                USBD_CDC_SetTxBuffer
 .text.USBD_CDC_SetRxBuffer
                0x0800a13a       0x26 ./Middlewares/ST/STM32_USB_Device_Library/Class/CDC/Src/usbd_cdc.o
                0x0800a13a                USBD_CDC_SetRxBuffer
 .text.USBD_CDC_ReceivePacket
                0x0800a160       0x54 ./Middlewares/ST/STM32_USB_Device_Library/Class/CDC/Src/usbd_cdc.o
                0x0800a160                USBD_CDC_ReceivePacket
 .text.USBD_Init
                0x0800a1b4       0x56 ./Middlewares/ST/STM32_USB_Device_Library/Core/Src/usbd_core.o
                0x0800a1b4                USBD_Init
 .text.USBD_RegisterClass
                0x0800a20a       0x32 ./Middlewares/ST/STM32_USB_Device_Library/Core/Src/usbd_core.o
                0x0800a20a                USBD_RegisterClass
 .text.USBD_Start
                0x0800a23c       0x18 ./Middlewares/ST/STM32_USB_Device_Library/Core/Src/usbd_core.o
                0x0800a23c                USBD_Start
 .text.USBD_RunTestMode
                0x0800a254       0x14 ./Middlewares/ST/STM32_USB_Device_Library/Core/Src/usbd_core.o
                0x0800a254                USBD_RunTestMode
 .text.USBD_SetClassConfig
                0x0800a268       0x3e ./Middlewares/ST/STM32_USB_Device_Library/Core/Src/usbd_core.o
                0x0800a268                USBD_SetClassConfig
 .text.USBD_ClrClassConfig
                0x0800a2a6       0x26 ./Middlewares/ST/STM32_USB_Device_Library/Core/Src/usbd_core.o
                0x0800a2a6                USBD_ClrClassConfig
 .text.USBD_LL_SetupStage
                0x0800a2cc       0x9a ./Middlewares/ST/STM32_USB_Device_Library/Core/Src/usbd_core.o
                0x0800a2cc                USBD_LL_SetupStage
 .text.USBD_LL_DataOutStage
                0x0800a366       0xe2 ./Middlewares/ST/STM32_USB_Device_Library/Core/Src/usbd_core.o
                0x0800a366                USBD_LL_DataOutStage
 .text.USBD_LL_DataInStage
                0x0800a448      0x14a ./Middlewares/ST/STM32_USB_Device_Library/Core/Src/usbd_core.o
                0x0800a448                USBD_LL_DataInStage
 .text.USBD_LL_Reset
                0x0800a592       0x82 ./Middlewares/ST/STM32_USB_Device_Library/Core/Src/usbd_core.o
                0x0800a592                USBD_LL_Reset
 .text.USBD_LL_SetSpeed
                0x0800a614       0x1e ./Middlewares/ST/STM32_USB_Device_Library/Core/Src/usbd_core.o
                0x0800a614                USBD_LL_SetSpeed
 .text.USBD_LL_Suspend
                0x0800a632       0x28 ./Middlewares/ST/STM32_USB_Device_Library/Core/Src/usbd_core.o
                0x0800a632                USBD_LL_Suspend
 .text.USBD_LL_Resume
                0x0800a65a       0x2a ./Middlewares/ST/STM32_USB_Device_Library/Core/Src/usbd_core.o
                0x0800a65a                USBD_LL_Resume
 .text.USBD_LL_SOF
                0x0800a684       0x34 ./Middlewares/ST/STM32_USB_Device_Library/Core/Src/usbd_core.o
                0x0800a684                USBD_LL_SOF
 .text.USBD_StdDevReq
                0x0800a6b8       0xd4 ./Middlewares/ST/STM32_USB_Device_Library/Core/Src/usbd_ctlreq.o
                0x0800a6b8                USBD_StdDevReq
 .text.USBD_StdItfReq
                0x0800a78c       0x90 ./Middlewares/ST/STM32_USB_Device_Library/Core/Src/usbd_ctlreq.o
                0x0800a78c                USBD_StdItfReq
 .text.USBD_StdEPReq
                0x0800a81c      0x2c6 ./Middlewares/ST/STM32_USB_Device_Library/Core/Src/usbd_ctlreq.o
                0x0800a81c                USBD_StdEPReq
 *fill*         0x0800aae2        0x2 
 .text.USBD_GetDescriptor
                0x0800aae4      0x2d0 ./Middlewares/ST/STM32_USB_Device_Library/Core/Src/usbd_ctlreq.o
 .text.USBD_SetAddress
                0x0800adb4       0x86 ./Middlewares/ST/STM32_USB_Device_Library/Core/Src/usbd_ctlreq.o
 *fill*         0x0800ae3a        0x2 
 .text.USBD_SetConfig
                0x0800ae3c      0x11c ./Middlewares/ST/STM32_USB_Device_Library/Core/Src/usbd_ctlreq.o
 .text.USBD_GetConfig
                0x0800af58       0x6a ./Middlewares/ST/STM32_USB_Device_Library/Core/Src/usbd_ctlreq.o
 .text.USBD_GetStatus
                0x0800afc2       0x66 ./Middlewares/ST/STM32_USB_Device_Library/Core/Src/usbd_ctlreq.o
 .text.USBD_SetFeature
                0x0800b028       0x28 ./Middlewares/ST/STM32_USB_Device_Library/Core/Src/usbd_ctlreq.o
 .text.USBD_ClrFeature
                0x0800b050       0x42 ./Middlewares/ST/STM32_USB_Device_Library/Core/Src/usbd_ctlreq.o
 .text.USBD_ParseSetupRequest
                0x0800b092       0x72 ./Middlewares/ST/STM32_USB_Device_Library/Core/Src/usbd_ctlreq.o
                0x0800b092                USBD_ParseSetupRequest
 .text.USBD_CtlError
                0x0800b104       0x22 ./Middlewares/ST/STM32_USB_Device_Library/Core/Src/usbd_ctlreq.o
                0x0800b104                USBD_CtlError
 .text.USBD_GetString
                0x0800b126       0x84 ./Middlewares/ST/STM32_USB_Device_Library/Core/Src/usbd_ctlreq.o
                0x0800b126                USBD_GetString
 .text.USBD_GetLen
                0x0800b1aa       0x2e ./Middlewares/ST/STM32_USB_Device_Library/Core/Src/usbd_ctlreq.o
 .text.USBD_CtlSendData
                0x0800b1d8       0x38 ./Middlewares/ST/STM32_USB_Device_Library/Core/Src/usbd_ioreq.o
                0x0800b1d8                USBD_CtlSendData
 .text.USBD_CtlContinueSendData
                0x0800b210       0x24 ./Middlewares/ST/STM32_USB_Device_Library/Core/Src/usbd_ioreq.o
                0x0800b210                USBD_CtlContinueSendData
 .text.USBD_CtlPrepareRx
                0x0800b234       0x3c ./Middlewares/ST/STM32_USB_Device_Library/Core/Src/usbd_ioreq.o
                0x0800b234                USBD_CtlPrepareRx
 .text.USBD_CtlContinueRx
                0x0800b270       0x24 ./Middlewares/ST/STM32_USB_Device_Library/Core/Src/usbd_ioreq.o
                0x0800b270                USBD_CtlContinueRx
 .text.USBD_CtlSendStatus
                0x0800b294       0x26 ./Middlewares/ST/STM32_USB_Device_Library/Core/Src/usbd_ioreq.o
                0x0800b294                USBD_CtlSendStatus
 .text.USBD_CtlReceiveStatus
                0x0800b2ba       0x26 ./Middlewares/ST/STM32_USB_Device_Library/Core/Src/usbd_ioreq.o
                0x0800b2ba                USBD_CtlReceiveStatus
 .text.MX_USB_DEVICE_Init
                0x0800b2e0       0x60 ./USB_DEVICE/App/usb_device.o
                0x0800b2e0                MX_USB_DEVICE_Init
 .text.CDC_Init_FS
                0x0800b340       0x28 ./USB_DEVICE/App/usbd_cdc_if.o
 .text.CDC_DeInit_FS
                0x0800b368        0xe ./USB_DEVICE/App/usbd_cdc_if.o
 *fill*         0x0800b376        0x2 
 .text.CDC_Control_FS
                0x0800b378       0xbc ./USB_DEVICE/App/usbd_cdc_if.o
 .text.CDC_Receive_FS
                0x0800b434       0x28 ./USB_DEVICE/App/usbd_cdc_if.o
 .text.USBD_FS_DeviceDescriptor
                0x0800b45c       0x24 ./USB_DEVICE/App/usbd_desc.o
                0x0800b45c                USBD_FS_DeviceDescriptor
 .text.USBD_FS_LangIDStrDescriptor
                0x0800b480       0x24 ./USB_DEVICE/App/usbd_desc.o
                0x0800b480                USBD_FS_LangIDStrDescriptor
 .text.USBD_FS_ProductStrDescriptor
                0x0800b4a4       0x3c ./USB_DEVICE/App/usbd_desc.o
                0x0800b4a4                USBD_FS_ProductStrDescriptor
 .text.USBD_FS_ManufacturerStrDescriptor
                0x0800b4e0       0x28 ./USB_DEVICE/App/usbd_desc.o
                0x0800b4e0                USBD_FS_ManufacturerStrDescriptor
 .text.USBD_FS_SerialStrDescriptor
                0x0800b508       0x24 ./USB_DEVICE/App/usbd_desc.o
                0x0800b508                USBD_FS_SerialStrDescriptor
 .text.USBD_FS_ConfigStrDescriptor
                0x0800b52c       0x3c ./USB_DEVICE/App/usbd_desc.o
                0x0800b52c                USBD_FS_ConfigStrDescriptor
 .text.USBD_FS_InterfaceStrDescriptor
                0x0800b568       0x3c ./USB_DEVICE/App/usbd_desc.o
                0x0800b568                USBD_FS_InterfaceStrDescriptor
 .text.Get_SerialNum
                0x0800b5a4       0x58 ./USB_DEVICE/App/usbd_desc.o
 .text.IntToUnicode
                0x0800b5fc       0x7c ./USB_DEVICE/App/usbd_desc.o
 .text.HAL_PCD_MspInit
                0x0800b678       0x4c ./USB_DEVICE/Target/usbd_conf.o
                0x0800b678                HAL_PCD_MspInit
 .text.HAL_PCD_SetupStageCallback
                0x0800b6c4       0x24 ./USB_DEVICE/Target/usbd_conf.o
                0x0800b6c4                HAL_PCD_SetupStageCallback
 .text.HAL_PCD_DataOutStageCallback
                0x0800b6e8       0x36 ./USB_DEVICE/Target/usbd_conf.o
                0x0800b6e8                HAL_PCD_DataOutStageCallback
 .text.HAL_PCD_DataInStageCallback
                0x0800b71e       0x34 ./USB_DEVICE/Target/usbd_conf.o
                0x0800b71e                HAL_PCD_DataInStageCallback
 .text.HAL_PCD_SOFCallback
                0x0800b752       0x1c ./USB_DEVICE/Target/usbd_conf.o
                0x0800b752                HAL_PCD_SOFCallback
 .text.HAL_PCD_ResetCallback
                0x0800b76e       0x3c ./USB_DEVICE/Target/usbd_conf.o
                0x0800b76e                HAL_PCD_ResetCallback
 *fill*         0x0800b7aa        0x2 
 .text.HAL_PCD_SuspendCallback
                0x0800b7ac       0x34 ./USB_DEVICE/Target/usbd_conf.o
                0x0800b7ac                HAL_PCD_SuspendCallback
 .text.HAL_PCD_ResumeCallback
                0x0800b7e0       0x1c ./USB_DEVICE/Target/usbd_conf.o
                0x0800b7e0                HAL_PCD_ResumeCallback
 .text.USBD_LL_Init
                0x0800b7fc       0xb4 ./USB_DEVICE/Target/usbd_conf.o
                0x0800b7fc                USBD_LL_Init
 .text.USBD_LL_Start
                0x0800b8b0       0x36 ./USB_DEVICE/Target/usbd_conf.o
                0x0800b8b0                USBD_LL_Start
 .text.USBD_LL_OpenEP
                0x0800b8e6       0x4c ./USB_DEVICE/Target/usbd_conf.o
                0x0800b8e6                USBD_LL_OpenEP
 .text.USBD_LL_CloseEP
                0x0800b932       0x3e ./USB_DEVICE/Target/usbd_conf.o
                0x0800b932                USBD_LL_CloseEP
 .text.USBD_LL_StallEP
                0x0800b970       0x3e ./USB_DEVICE/Target/usbd_conf.o
                0x0800b970                USBD_LL_StallEP
 .text.USBD_LL_ClearStallEP
                0x0800b9ae       0x3e ./USB_DEVICE/Target/usbd_conf.o
                0x0800b9ae                USBD_LL_ClearStallEP
 .text.USBD_LL_IsStallEP
                0x0800b9ec       0x56 ./USB_DEVICE/Target/usbd_conf.o
                0x0800b9ec                USBD_LL_IsStallEP
 .text.USBD_LL_SetUSBAddress
                0x0800ba42       0x3e ./USB_DEVICE/Target/usbd_conf.o
                0x0800ba42                USBD_LL_SetUSBAddress
 .text.USBD_LL_Transmit
                0x0800ba80       0x46 ./USB_DEVICE/Target/usbd_conf.o
                0x0800ba80                USBD_LL_Transmit
 .text.USBD_LL_PrepareReceive
                0x0800bac6       0x46 ./USB_DEVICE/Target/usbd_conf.o
                0x0800bac6                USBD_LL_PrepareReceive
 .text.USBD_LL_GetRxDataSize
                0x0800bb0c       0x26 ./USB_DEVICE/Target/usbd_conf.o
                0x0800bb0c                USBD_LL_GetRxDataSize
 *fill*         0x0800bb32        0x2 
 .text.USBD_static_malloc
                0x0800bb34       0x18 ./USB_DEVICE/Target/usbd_conf.o
                0x0800bb34                USBD_static_malloc
 .text.USBD_static_free
                0x0800bb4c       0x12 ./USB_DEVICE/Target/usbd_conf.o
                0x0800bb4c                USBD_static_free
 .text.HAL_PCDEx_SetConnectionState
                0x0800bb5e       0x16 ./USB_DEVICE/Target/usbd_conf.o
                0x0800bb5e                HAL_PCDEx_SetConnectionState
 .text.USBD_Get_USB_Status
                0x0800bb74       0x58 ./USB_DEVICE/Target/usbd_conf.o
 .text.memset   0x0800bbcc       0x10 C:/ST/STM32CubeIDE_1.13.0/STM32CubeIDE/plugins/com.st.stm32cube.ide.mcu.externaltools.gnu-tools-for-stm32.13.3.rel1.win32_1.0.0.202411081344/tools/bin/../lib/gcc/arm-none-eabi/13.3.1/../../../../arm-none-eabi/lib/thumb/v7-m/nofp\libc_nano.a(libc_a-memset.o)
                0x0800bbcc                memset
 .text.__libc_init_array
                0x0800bbdc       0x48 C:/ST/STM32CubeIDE_1.13.0/STM32CubeIDE/plugins/com.st.stm32cube.ide.mcu.externaltools.gnu-tools-for-stm32.13.3.rel1.win32_1.0.0.202411081344/tools/bin/../lib/gcc/arm-none-eabi/13.3.1/../../../../arm-none-eabi/lib/thumb/v7-m/nofp\libc_nano.a(libc_a-init.o)
                0x0800bbdc                __libc_init_array
 *(.glue_7)
 .glue_7        0x0800bc24        0x0 linker stubs
 *(.glue_7t)
 .glue_7t       0x0800bc24        0x0 linker stubs
 *(.eh_frame)
 .eh_frame      0x0800bc24        0x0 C:/ST/STM32CubeIDE_1.13.0/STM32CubeIDE/plugins/com.st.stm32cube.ide.mcu.externaltools.gnu-tools-for-stm32.13.3.rel1.win32_1.0.0.202411081344/tools/bin/../lib/gcc/arm-none-eabi/13.3.1/thumb/v7-m/nofp/crtbegin.o
 *(.init)
 .init          0x0800bc24        0x4 C:/ST/STM32CubeIDE_1.13.0/STM32CubeIDE/plugins/com.st.stm32cube.ide.mcu.externaltools.gnu-tools-for-stm32.13.3.rel1.win32_1.0.0.202411081344/tools/bin/../lib/gcc/arm-none-eabi/13.3.1/thumb/v7-m/nofp/crti.o
                0x0800bc24                _init
 .init          0x0800bc28        0x8 C:/ST/STM32CubeIDE_1.13.0/STM32CubeIDE/plugins/com.st.stm32cube.ide.mcu.externaltools.gnu-tools-for-stm32.13.3.rel1.win32_1.0.0.202411081344/tools/bin/../lib/gcc/arm-none-eabi/13.3.1/thumb/v7-m/nofp/crtn.o
 *(.fini)
 .fini          0x0800bc30        0x4 C:/ST/STM32CubeIDE_1.13.0/STM32CubeIDE/plugins/com.st.stm32cube.ide.mcu.externaltools.gnu-tools-for-stm32.13.3.rel1.win32_1.0.0.202411081344/tools/bin/../lib/gcc/arm-none-eabi/13.3.1/thumb/v7-m/nofp/crti.o
                0x0800bc30                _fini
 .fini          0x0800bc34        0x8 C:/ST/STM32CubeIDE_1.13.0/STM32CubeIDE/plugins/com.st.stm32cube.ide.mcu.externaltools.gnu-tools-for-stm32.13.3.rel1.win32_1.0.0.202411081344/tools/bin/../lib/gcc/arm-none-eabi/13.3.1/thumb/v7-m/nofp/crtn.o
                0x0800bc3c                        . = ALIGN (0x4)
                0x0800bc3c                        _etext = .

.vfp11_veneer   0x0800bc3c        0x0
 .vfp11_veneer  0x0800bc3c        0x0 linker stubs

.v4_bx          0x0800bc3c        0x0
 .v4_bx         0x0800bc3c        0x0 linker stubs

.iplt           0x0800bc3c        0x0
 .iplt          0x0800bc3c        0x0 C:/ST/STM32CubeIDE_1.13.0/STM32CubeIDE/plugins/com.st.stm32cube.ide.mcu.externaltools.gnu-tools-for-stm32.13.3.rel1.win32_1.0.0.202411081344/tools/bin/../lib/gcc/arm-none-eabi/13.3.1/thumb/v7-m/nofp/crtbegin.o

.rodata         0x0800bc3c       0x88
                0x0800bc3c                        . = ALIGN (0x4)
 *(.rodata)
 .rodata        0x0800bc3c       0x46 ./USB_DEVICE/App/usbd_desc.o
 *(.rodata*)
 *fill*         0x0800bc82        0x2 
 .rodata.AHBPrescTable
                0x0800bc84       0x10 ./Core/Src/system_stm32f1xx.o
                0x0800bc84                AHBPrescTable
 .rodata.APBPrescTable
                0x0800bc94        0x8 ./Core/Src/system_stm32f1xx.o
                0x0800bc94                APBPrescTable
 .rodata.aPLLMULFactorTable.1
                0x0800bc9c       0x10 ./Drivers/STM32F1xx_HAL_Driver/Src/stm32f1xx_hal_rcc.o
 .rodata.aPredivFactorTable.0
                0x0800bcac        0x2 ./Drivers/STM32F1xx_HAL_Driver/Src/stm32f1xx_hal_rcc.o
 *fill*         0x0800bcae        0x2 
 .rodata.aPLLMULFactorTable.1
                0x0800bcb0       0x10 ./Drivers/STM32F1xx_HAL_Driver/Src/stm32f1xx_hal_rcc_ex.o
 .rodata.aPredivFactorTable.0
                0x0800bcc0        0x2 ./Drivers/STM32F1xx_HAL_Driver/Src/stm32f1xx_hal_rcc_ex.o
                0x0800bcc4                        . = ALIGN (0x4)
 *fill*         0x0800bcc2        0x2 

.ARM.extab      0x0800bcc4        0x0
                0x0800bcc4                        . = ALIGN (0x4)
 *(.ARM.extab* .gnu.linkonce.armextab.*)
                0x0800bcc4                        . = ALIGN (0x4)

.ARM            0x0800bcc4        0x0
                0x0800bcc4                        . = ALIGN (0x4)
                0x0800bcc4                        __exidx_start = .
 *(.ARM.exidx*)
                0x0800bcc4                        __exidx_end = .
                0x0800bcc4                        . = ALIGN (0x4)

.preinit_array  0x0800bcc4        0x0
                0x0800bcc4                        . = ALIGN (0x4)
                0x0800bcc4                        PROVIDE (__preinit_array_start = .)
 *(.preinit_array*)
                0x0800bcc4                        PROVIDE (__preinit_array_end = .)
                0x0800bcc4                        . = ALIGN (0x4)

.init_array     0x0800bcc4        0x4
                0x0800bcc4                        . = ALIGN (0x4)
                0x0800bcc4                        PROVIDE (__init_array_start = .)
 *(SORT_BY_NAME(.init_array.*))
 *(.init_array*)
 .init_array    0x0800bcc4        0x4 C:/ST/STM32CubeIDE_1.13.0/STM32CubeIDE/plugins/com.st.stm32cube.ide.mcu.externaltools.gnu-tools-for-stm32.13.3.rel1.win32_1.0.0.202411081344/tools/bin/../lib/gcc/arm-none-eabi/13.3.1/thumb/v7-m/nofp/crtbegin.o
                0x0800bcc8                        PROVIDE (__init_array_end = .)
                0x0800bcc8                        . = ALIGN (0x4)

.fini_array     0x0800bcc8        0x4
                0x0800bcc8                        . = ALIGN (0x4)
                [!provide]                        PROVIDE (__fini_array_start = .)
 *(SORT_BY_NAME(.fini_array.*))
 *(.fini_array*)
 .fini_array    0x0800bcc8        0x4 C:/ST/STM32CubeIDE_1.13.0/STM32CubeIDE/plugins/com.st.stm32cube.ide.mcu.externaltools.gnu-tools-for-stm32.13.3.rel1.win32_1.0.0.202411081344/tools/bin/../lib/gcc/arm-none-eabi/13.3.1/thumb/v7-m/nofp/crtbegin.o
                [!provide]                        PROVIDE (__fini_array_end = .)
                0x0800bccc                        . = ALIGN (0x4)
                0x0800bccc                        _sidata = LOADADDR (.data)

.rel.dyn        0x0800bccc        0x0
 .rel.iplt      0x0800bccc        0x0 C:/ST/STM32CubeIDE_1.13.0/STM32CubeIDE/plugins/com.st.stm32cube.ide.mcu.externaltools.gnu-tools-for-stm32.13.3.rel1.win32_1.0.0.202411081344/tools/bin/../lib/gcc/arm-none-eabi/13.3.1/thumb/v7-m/nofp/crtbegin.o

.data           0x20000000      0x180 load address 0x0800bccc
                0x20000000                        . = ALIGN (0x4)
                0x20000000                        _sdata = .
 *(.data)
 *(.data*)
 .data.CARRIAGE_SPEED
                0x20000000        0x4 ./Core/Src/main.o
                0x20000000                CARRIAGE_SPEED
 .data.SystemCoreClock
                0x20000004        0x4 ./Core/Src/system_stm32f1xx.o
                0x20000004                SystemCoreClock
 .data.uwTickPrio
                0x20000008        0x4 ./Drivers/STM32F1xx_HAL_Driver/Src/stm32f1xx_hal.o
                0x20000008                uwTickPrio
 .data.uwTickFreq
                0x2000000c        0x1 ./Drivers/STM32F1xx_HAL_Driver/Src/stm32f1xx_hal.o
                0x2000000c                uwTickFreq
 *fill*         0x2000000d        0x3 
 .data.USBD_CDC_DeviceQualifierDesc
                0x20000010        0xa ./Middlewares/ST/STM32_USB_Device_Library/Class/CDC/Src/usbd_cdc.o
 *fill*         0x2000001a        0x2 
 .data.USBD_CDC
                0x2000001c       0x38 ./Middlewares/ST/STM32_USB_Device_Library/Class/CDC/Src/usbd_cdc.o
                0x2000001c                USBD_CDC
 .data.USBD_CDC_CfgHSDesc
                0x20000054       0x43 ./Middlewares/ST/STM32_USB_Device_Library/Class/CDC/Src/usbd_cdc.o
                0x20000054                USBD_CDC_CfgHSDesc
 *fill*         0x20000097        0x1 
 .data.USBD_CDC_CfgFSDesc
                0x20000098       0x43 ./Middlewares/ST/STM32_USB_Device_Library/Class/CDC/Src/usbd_cdc.o
                0x20000098                USBD_CDC_CfgFSDesc
 *fill*         0x200000db        0x1 
 .data.USBD_CDC_OtherSpeedCfgDesc
                0x200000dc       0x43 ./Middlewares/ST/STM32_USB_Device_Library/Class/CDC/Src/usbd_cdc.o
                0x200000dc                USBD_CDC_OtherSpeedCfgDesc
 *fill*         0x2000011f        0x1 
 .data.USBD_Interface_fops_FS
                0x20000120       0x10 ./USB_DEVICE/App/usbd_cdc_if.o
                0x20000120                USBD_Interface_fops_FS
 .data.FS_Desc  0x20000130       0x1c ./USB_DEVICE/App/usbd_desc.o
                0x20000130                FS_Desc
 .data.USBD_FS_DeviceDesc
                0x2000014c       0x12 ./USB_DEVICE/App/usbd_desc.o
                0x2000014c                USBD_FS_DeviceDesc
 *fill*         0x2000015e        0x2 
 .data.USBD_LangIDDesc
                0x20000160        0x4 ./USB_DEVICE/App/usbd_desc.o
                0x20000160                USBD_LangIDDesc
 .data.USBD_StringSerial
                0x20000164       0x1a ./USB_DEVICE/App/usbd_desc.o
                0x20000164                USBD_StringSerial
 *(.RamFunc)
 *(.RamFunc*)
                0x20000180                        . = ALIGN (0x4)
 *fill*         0x2000017e        0x2 
                0x20000180                        _edata = .

.igot.plt       0x20000180        0x0 load address 0x0800be4c
 .igot.plt      0x20000180        0x0 C:/ST/STM32CubeIDE_1.13.0/STM32CubeIDE/plugins/com.st.stm32cube.ide.mcu.externaltools.gnu-tools-for-stm32.13.3.rel1.win32_1.0.0.202411081344/tools/bin/../lib/gcc/arm-none-eabi/13.3.1/thumb/v7-m/nofp/crtbegin.o
                0x20000180                        . = ALIGN (0x4)

.bss            0x20000180     0x135c load address 0x0800be4c
                0x20000180                        _sbss = .
                0x20000180                        __bss_start__ = _sbss
 *(.bss)
 .bss           0x20000180       0x1c C:/ST/STM32CubeIDE_1.13.0/STM32CubeIDE/plugins/com.st.stm32cube.ide.mcu.externaltools.gnu-tools-for-stm32.13.3.rel1.win32_1.0.0.202411081344/tools/bin/../lib/gcc/arm-none-eabi/13.3.1/thumb/v7-m/nofp/crtbegin.o
 *(.bss*)
 .bss.hi2c1     0x2000019c       0x54 ./Core/Src/main.o
                0x2000019c                hi2c1
 .bss.hrtc      0x200001f0       0x14 ./Core/Src/main.o
                0x200001f0                hrtc
 .bss.hspi1     0x20000204       0x58 ./Core/Src/main.o
                0x20000204                hspi1
 .bss.hspi2     0x2000025c       0x58 ./Core/Src/main.o
                0x2000025c                hspi2
 .bss.dac       0x200002b4       0x1c ./Core/Src/main.o
                0x200002b4                dac
 .bss.adc       0x200002d0        0x8 ./Core/Src/main.o
                0x200002d0                adc
 .bss.ITV_PRESSURE
                0x200002d8        0x4 ./Core/Src/main.o
                0x200002d8                ITV_PRESSURE
 .bss.REG_CAROUSEL
                0x200002dc        0x4 ./Core/Src/main.o
                0x200002dc                REG_CAROUSEL
 .bss.REG_CARRIAGE
                0x200002e0        0x4 ./Core/Src/main.o
                0x200002e0                REG_CARRIAGE
 .bss.rx_cmd    0x200002e4        0x1 ./Core/Src/main.o
                0x200002e4                rx_cmd
 .bss.spi_cmd_ready
                0x200002e5        0x1 ./Core/Src/main.o
                0x200002e5                spi_cmd_ready
 .bss.spi_last_cmd
                0x200002e6        0x1 ./Core/Src/main.o
                0x200002e6                spi_last_cmd
 .bss.spi_rx_status
                0x200002e7        0x1 ./Core/Src/main.o
                0x200002e7                spi_rx_status
 .bss.spi_error_code
                0x200002e8        0x4 ./Core/Src/main.o
                0x200002e8                spi_error_code
 .bss.spi_rx_count
                0x200002ec        0x4 ./Core/Src/main.o
                0x200002ec                spi_rx_count
 .bss.spi_err_count
                0x200002f0        0x4 ./Core/Src/main.o
                0x200002f0                spi_err_count
 .bss.g_state   0x200002f4        0x1 ./Core/Src/main.o
                0x200002f4                g_state
 .bss.g_stage   0x200002f5        0x1 ./Core/Src/main.o
                0x200002f5                g_stage
 .bss.g_CarriageDirection
                0x200002f6        0x1 ./Core/Src/main.o
                0x200002f6                g_CarriageDirection
 .bss.HOMESENSOR
                0x200002f7        0x1 ./Core/Src/main.o
                0x200002f7                HOMESENSOR
 .bss.CNTSENSOR
                0x200002f8        0x1 ./Core/Src/main.o
                0x200002f8                CNTSENSOR
 .bss.NEARSENSOR
                0x200002f9        0x1 ./Core/Src/main.o
                0x200002f9                NEARSENSOR
 .bss.FARSENSOR
                0x200002fa        0x1 ./Core/Src/main.o
                0x200002fa                FARSENSOR
 *fill*         0x200002fb        0x1 
 .bss.AIROUT    0x200002fc        0x4 ./Core/Src/main.o
                0x200002fc                AIROUT
 .bss.bigairon  0x20000300        0x1 ./Core/Src/main.o
                0x20000300                bigairon
 *fill*         0x20000301        0x3 
 .bss.itv_control_tick
                0x20000304        0x4 ./Core/Src/main.o
 .bss.coff      0x20000308        0x4 ./Core/Src/main.o
                0x20000308                coff
 .bss.counter   0x2000030c        0x1 ./Core/Src/main.o
                0x2000030c                counter
 .bss.cntblock  0x2000030d        0x1 ./Core/Src/main.o
                0x2000030d                cntblock
 *fill*         0x2000030e        0x2 
 .bss.meter     0x20000310        0x4 ./Core/Src/main.o
                0x20000310                meter
 .bss.isCollected
                0x20000314        0x1 ./Core/Src/main.o
                0x20000314                isCollected
 *fill*         0x20000315        0x3 
 .bss.uwTick    0x20000318        0x4 ./Drivers/STM32F1xx_HAL_Driver/Src/stm32f1xx_hal.o
                0x20000318                uwTick
 .bss.cfgidx.0  0x2000031c        0x1 ./Middlewares/ST/STM32_USB_Device_Library/Core/Src/usbd_ctlreq.o
 *fill*         0x2000031d        0x3 
 .bss.hUsbDeviceFS
                0x20000320      0x2c4 ./USB_DEVICE/App/usb_device.o
                0x20000320                hUsbDeviceFS
 .bss.UserRxBufferFS
                0x200005e4      0x400 ./USB_DEVICE/App/usbd_cdc_if.o
                0x200005e4                UserRxBufferFS
 .bss.UserTxBufferFS
                0x200009e4      0x400 ./USB_DEVICE/App/usbd_cdc_if.o
                0x200009e4                UserTxBufferFS
 .bss.USBD_StrDesc
                0x20000de4      0x200 ./USB_DEVICE/App/usbd_desc.o
                0x20000de4                USBD_StrDesc
 .bss.hpcd_USB_FS
                0x20000fe4      0x2d8 ./USB_DEVICE/Target/usbd_conf.o
                0x20000fe4                hpcd_USB_FS
 .bss.mem.0     0x200012bc      0x220 ./USB_DEVICE/Target/usbd_conf.o
 *(COMMON)
                0x200014dc                        . = ALIGN (0x4)
                0x200014dc                        _ebss = .
                0x200014dc                        __bss_end__ = _ebss

._user_heap_stack
                0x200014dc      0x604 load address 0x0800be4c
                0x200014e0                        . = ALIGN (0x8)
 *fill*         0x200014dc        0x4 
                [!provide]                        PROVIDE (end = .)
                0x200014e0                        PROVIDE (_end = .)
                0x200016e0                        . = (. + _Min_Heap_Size)
 *fill*         0x200014e0      0x200 
                0x20001ae0                        . = (. + _Min_Stack_Size)
 *fill*         0x200016e0      0x400 
                0x20001ae0                        . = ALIGN (0x8)

/DISCARD/
 libc.a(*)
 libm.a(*)
 libgcc.a(*)

.ARM.attributes
                0x00000000       0x29
 *(.ARM.attributes)
 .ARM.attributes
                0x00000000       0x1d C:/ST/STM32CubeIDE_1.13.0/STM32CubeIDE/plugins/com.st.stm32cube.ide.mcu.externaltools.gnu-tools-for-stm32.13.3.rel1.win32_1.0.0.202411081344/tools/bin/../lib/gcc/arm-none-eabi/13.3.1/thumb/v7-m/nofp/crti.o
 .ARM.attributes
                0x0000001d       0x2d C:/ST/STM32CubeIDE_1.13.0/STM32CubeIDE/plugins/com.st.stm32cube.ide.mcu.externaltools.gnu-tools-for-stm32.13.3.rel1.win32_1.0.0.202411081344/tools/bin/../lib/gcc/arm-none-eabi/13.3.1/thumb/v7-m/nofp/crtbegin.o
 .ARM.attributes
                0x0000004a       0x2d ./Core/Src/ad5328.o
 .ARM.attributes
                0x00000077       0x2d ./Core/Src/ads1115.o
 .ARM.attributes
                0x000000a4       0x2d ./Core/Src/main.o
 .ARM.attributes
                0x000000d1       0x2d ./Core/Src/stm32f1xx_hal_msp.o
 .ARM.attributes
                0x000000fe       0x2d ./Core/Src/stm32f1xx_it.o
 .ARM.attributes
                0x0000012b       0x2d ./Core/Src/system_stm32f1xx.o
 .ARM.attributes
                0x00000158       0x21 ./Core/Startup/startup_stm32f103c8tx.o
 .ARM.attributes
                0x00000179       0x2d ./Drivers/STM32F1xx_HAL_Driver/Src/stm32f1xx_hal.o
 .ARM.attributes
                0x000001a6       0x2d ./Drivers/STM32F1xx_HAL_Driver/Src/stm32f1xx_hal_cortex.o
 .ARM.attributes
                0x000001d3       0x2d ./Drivers/STM32F1xx_HAL_Driver/Src/stm32f1xx_hal_dma.o
 .ARM.attributes
                0x00000200       0x2d ./Drivers/STM32F1xx_HAL_Driver/Src/stm32f1xx_hal_gpio.o
 .ARM.attributes
                0x0000022d       0x2d ./Drivers/STM32F1xx_HAL_Driver/Src/stm32f1xx_hal_i2c.o
 .ARM.attributes
                0x0000025a       0x2d ./Drivers/STM32F1xx_HAL_Driver/Src/stm32f1xx_hal_pcd.o
 .ARM.attributes
                0x00000287       0x2d ./Drivers/STM32F1xx_HAL_Driver/Src/stm32f1xx_hal_pcd_ex.o
 .ARM.attributes
                0x000002b4       0x2d ./Drivers/STM32F1xx_HAL_Driver/Src/stm32f1xx_hal_pwr.o
 .ARM.attributes
                0x000002e1       0x2d ./Drivers/STM32F1xx_HAL_Driver/Src/stm32f1xx_hal_rcc.o
 .ARM.attributes
                0x0000030e       0x2d ./Drivers/STM32F1xx_HAL_Driver/Src/stm32f1xx_hal_rcc_ex.o
 .ARM.attributes
                0x0000033b       0x2d ./Drivers/STM32F1xx_HAL_Driver/Src/stm32f1xx_hal_rtc.o
 .ARM.attributes
                0x00000368       0x2d ./Drivers/STM32F1xx_HAL_Driver/Src/stm32f1xx_hal_spi.o
 .ARM.attributes
                0x00000395       0x2d ./Drivers/STM32F1xx_HAL_Driver/Src/stm32f1xx_ll_usb.o
 .ARM.attributes
                0x000003c2       0x2d ./Middlewares/ST/STM32_USB_Device_Library/Class/CDC/Src/usbd_cdc.o
 .ARM.attributes
                0x000003ef       0x2d ./Middlewares/ST/STM32_USB_Device_Library/Core/Src/usbd_core.o
 .ARM.attributes
                0x0000041c       0x2d ./Middlewares/ST/STM32_USB_Device_Library/Core/Src/usbd_ctlreq.o
 .ARM.attributes
                0x00000449       0x2d ./Middlewares/ST/STM32_USB_Device_Library/Core/Src/usbd_ioreq.o
 .ARM.attributes
                0x00000476       0x2d ./USB_DEVICE/App/usb_device.o
 .ARM.attributes
                0x000004a3       0x2d ./USB_DEVICE/App/usbd_cdc_if.o
 .ARM.attributes
                0x000004d0       0x2d ./USB_DEVICE/App/usbd_desc.o
 .ARM.attributes
                0x000004fd       0x2d ./USB_DEVICE/Target/usbd_conf.o
 .ARM.attributes
                0x0000052a       0x2d C:/ST/STM32CubeIDE_1.13.0/STM32CubeIDE/plugins/com.st.stm32cube.ide.mcu.externaltools.gnu-tools-for-stm32.13.3.rel1.win32_1.0.0.202411081344/tools/bin/../lib/gcc/arm-none-eabi/13.3.1/../../../../arm-none-eabi/lib/thumb/v7-m/nofp\libc_nano.a(libc_a-memset.o)
 .ARM.attributes
                0x00000557       0x2d C:/ST/STM32CubeIDE_1.13.0/STM32CubeIDE/plugins/com.st.stm32cube.ide.mcu.externaltools.gnu-tools-for-stm32.13.3.rel1.win32_1.0.0.202411081344/tools/bin/../lib/gcc/arm-none-eabi/13.3.1/../../../../arm-none-eabi/lib/thumb/v7-m/nofp\libc_nano.a(libc_a-init.o)
 .ARM.attributes
                0x00000584       0x1d C:/ST/STM32CubeIDE_1.13.0/STM32CubeIDE/plugins/com.st.stm32cube.ide.mcu.externaltools.gnu-tools-for-stm32.13.3.rel1.win32_1.0.0.202411081344/tools/bin/../lib/gcc/arm-none-eabi/13.3.1/thumb/v7-m/nofp\libgcc.a(_arm_addsubsf3.o)
 .ARM.attributes
                0x000005a1       0x1d C:/ST/STM32CubeIDE_1.13.0/STM32CubeIDE/plugins/com.st.stm32cube.ide.mcu.externaltools.gnu-tools-for-stm32.13.3.rel1.win32_1.0.0.202411081344/tools/bin/../lib/gcc/arm-none-eabi/13.3.1/thumb/v7-m/nofp\libgcc.a(_arm_muldivsf3.o)
 .ARM.attributes
                0x000005be       0x1d C:/ST/STM32CubeIDE_1.13.0/STM32CubeIDE/plugins/com.st.stm32cube.ide.mcu.externaltools.gnu-tools-for-stm32.13.3.rel1.win32_1.0.0.202411081344/tools/bin/../lib/gcc/arm-none-eabi/13.3.1/thumb/v7-m/nofp\libgcc.a(_arm_cmpsf2.o)
 .ARM.attributes
                0x000005db       0x1d C:/ST/STM32CubeIDE_1.13.0/STM32CubeIDE/plugins/com.st.stm32cube.ide.mcu.externaltools.gnu-tools-for-stm32.13.3.rel1.win32_1.0.0.202411081344/tools/bin/../lib/gcc/arm-none-eabi/13.3.1/thumb/v7-m/nofp\libgcc.a(_arm_fixunssfsi.o)
 .ARM.attributes
                0x000005f8       0x1d C:/ST/STM32CubeIDE_1.13.0/STM32CubeIDE/plugins/com.st.stm32cube.ide.mcu.externaltools.gnu-tools-for-stm32.13.3.rel1.win32_1.0.0.202411081344/tools/bin/../lib/gcc/arm-none-eabi/13.3.1/thumb/v7-m/nofp/crtn.o
OUTPUT(Motherboard.elf elf32-littlearm)
LOAD linker stubs
LOAD C:/ST/STM32CubeIDE_1.13.0/STM32CubeIDE/plugins/com.st.stm32cube.ide.mcu.externaltools.gnu-tools-for-stm32.13.3.rel1.win32_1.0.0.202411081344/tools/bin/../lib/gcc/arm-none-eabi/13.3.1/../../../../arm-none-eabi/lib/thumb/v7-m/nofp\libc.a
LOAD C:/ST/STM32CubeIDE_1.13.0/STM32CubeIDE/plugins/com.st.stm32cube.ide.mcu.externaltools.gnu-tools-for-stm32.13.3.rel1.win32_1.0.0.202411081344/tools/bin/../lib/gcc/arm-none-eabi/13.3.1/../../../../arm-none-eabi/lib/thumb/v7-m/nofp\libm.a
LOAD C:/ST/STM32CubeIDE_1.13.0/STM32CubeIDE/plugins/com.st.stm32cube.ide.mcu.externaltools.gnu-tools-for-stm32.13.3.rel1.win32_1.0.0.202411081344/tools/bin/../lib/gcc/arm-none-eabi/13.3.1/thumb/v7-m/nofp\libgcc.a

.debug_info     0x00000000    0x145ee
 .debug_info    0x00000000      0xa33 ./Core/Src/ad5328.o
 .debug_info    0x00000a33      0x9ba ./Core/Src/ads1115.o
 .debug_info    0x000013ed     0x1604 ./Core/Src/main.o
 .debug_info    0x000029f1      0xf30 ./Core/Src/stm32f1xx_hal_msp.o
 .debug_info    0x00003921      0xa7d ./Core/Src/stm32f1xx_it.o
 .debug_info    0x0000439e      0x222 ./Core/Src/system_stm32f1xx.o
 .debug_info    0x000045c0       0x30 ./Core/Startup/startup_stm32f103c8tx.o
 .debug_info    0x000045f0      0x704 ./Drivers/STM32F1xx_HAL_Driver/Src/stm32f1xx_hal.o
 .debug_info    0x00004cf4      0xa87 ./Drivers/STM32F1xx_HAL_Driver/Src/stm32f1xx_hal_cortex.o
 .debug_info    0x0000577b      0x6d2 ./Drivers/STM32F1xx_HAL_Driver/Src/stm32f1xx_hal_dma.o
 .debug_info    0x00005e4d      0x5ab ./Drivers/STM32F1xx_HAL_Driver/Src/stm32f1xx_hal_gpio.o
 .debug_info    0x000063f8     0x2524 ./Drivers/STM32F1xx_HAL_Driver/Src/stm32f1xx_hal_i2c.o
 .debug_info    0x0000891c     0x16dc ./Drivers/STM32F1xx_HAL_Driver/Src/stm32f1xx_hal_pcd.o
 .debug_info    0x00009ff8      0x6c3 ./Drivers/STM32F1xx_HAL_Driver/Src/stm32f1xx_hal_pcd_ex.o
 .debug_info    0x0000a6bb      0x628 ./Drivers/STM32F1xx_HAL_Driver/Src/stm32f1xx_hal_pwr.o
 .debug_info    0x0000ace3      0x7d5 ./Drivers/STM32F1xx_HAL_Driver/Src/stm32f1xx_hal_rcc.o
 .debug_info    0x0000b4b8      0x3c0 ./Drivers/STM32F1xx_HAL_Driver/Src/stm32f1xx_hal_rcc_ex.o
 .debug_info    0x0000b878      0xc73 ./Drivers/STM32F1xx_HAL_Driver/Src/stm32f1xx_hal_rtc.o
 .debug_info    0x0000c4eb     0x142d ./Drivers/STM32F1xx_HAL_Driver/Src/stm32f1xx_hal_spi.o
 .debug_info    0x0000d918     0x17ae ./Drivers/STM32F1xx_HAL_Driver/Src/stm32f1xx_ll_usb.o
 .debug_info    0x0000f0c6     0x1043 ./Middlewares/ST/STM32_USB_Device_Library/Class/CDC/Src/usbd_cdc.o
 .debug_info    0x00010109      0xa52 ./Middlewares/ST/STM32_USB_Device_Library/Core/Src/usbd_core.o
 .debug_info    0x00010b5b      0x91c ./Middlewares/ST/STM32_USB_Device_Library/Core/Src/usbd_ctlreq.o
 .debug_info    0x00011477      0x6a0 ./Middlewares/ST/STM32_USB_Device_Library/Core/Src/usbd_ioreq.o
 .debug_info    0x00011b17      0x63d ./USB_DEVICE/App/usb_device.o
 .debug_info    0x00012154      0x7ec ./USB_DEVICE/App/usbd_cdc_if.o
 .debug_info    0x00012940      0x44a ./USB_DEVICE/App/usbd_desc.o
 .debug_info    0x00012d8a     0x1864 ./USB_DEVICE/Target/usbd_conf.o

.debug_abbrev   0x00000000     0x3a84
 .debug_abbrev  0x00000000      0x1dc ./Core/Src/ad5328.o
 .debug_abbrev  0x000001dc      0x1f4 ./Core/Src/ads1115.o
 .debug_abbrev  0x000003d0      0x2c4 ./Core/Src/main.o
 .debug_abbrev  0x00000694      0x225 ./Core/Src/stm32f1xx_hal_msp.o
 .debug_abbrev  0x000008b9      0x1bc ./Core/Src/stm32f1xx_it.o
 .debug_abbrev  0x00000a75      0x13f ./Core/Src/system_stm32f1xx.o
 .debug_abbrev  0x00000bb4       0x24 ./Core/Startup/startup_stm32f103c8tx.o
 .debug_abbrev  0x00000bd8      0x201 ./Drivers/STM32F1xx_HAL_Driver/Src/stm32f1xx_hal.o
 .debug_abbrev  0x00000dd9      0x2f8 ./Drivers/STM32F1xx_HAL_Driver/Src/stm32f1xx_hal_cortex.o
 .debug_abbrev  0x000010d1      0x20b ./Drivers/STM32F1xx_HAL_Driver/Src/stm32f1xx_hal_dma.o
 .debug_abbrev  0x000012dc      0x1ca ./Drivers/STM32F1xx_HAL_Driver/Src/stm32f1xx_hal_gpio.o
 .debug_abbrev  0x000014a6      0x2a3 ./Drivers/STM32F1xx_HAL_Driver/Src/stm32f1xx_hal_i2c.o
 .debug_abbrev  0x00001749      0x2d6 ./Drivers/STM32F1xx_HAL_Driver/Src/stm32f1xx_hal_pcd.o
 .debug_abbrev  0x00001a1f      0x189 ./Drivers/STM32F1xx_HAL_Driver/Src/stm32f1xx_hal_pcd_ex.o
 .debug_abbrev  0x00001ba8      0x1f6 ./Drivers/STM32F1xx_HAL_Driver/Src/stm32f1xx_hal_pwr.o
 .debug_abbrev  0x00001d9e      0x2b3 ./Drivers/STM32F1xx_HAL_Driver/Src/stm32f1xx_hal_rcc.o
 .debug_abbrev  0x00002051      0x188 ./Drivers/STM32F1xx_HAL_Driver/Src/stm32f1xx_hal_rcc_ex.o
 .debug_abbrev  0x000021d9      0x23a ./Drivers/STM32F1xx_HAL_Driver/Src/stm32f1xx_hal_rtc.o
 .debug_abbrev  0x00002413      0x27a ./Drivers/STM32F1xx_HAL_Driver/Src/stm32f1xx_hal_spi.o
 .debug_abbrev  0x0000268d      0x1de ./Drivers/STM32F1xx_HAL_Driver/Src/stm32f1xx_ll_usb.o
 .debug_abbrev  0x0000286b      0x2d3 ./Middlewares/ST/STM32_USB_Device_Library/Class/CDC/Src/usbd_cdc.o
 .debug_abbrev  0x00002b3e      0x24a ./Middlewares/ST/STM32_USB_Device_Library/Core/Src/usbd_core.o
 .debug_abbrev  0x00002d88      0x26b ./Middlewares/ST/STM32_USB_Device_Library/Core/Src/usbd_ctlreq.o
 .debug_abbrev  0x00002ff3      0x192 ./Middlewares/ST/STM32_USB_Device_Library/Core/Src/usbd_ioreq.o
 .debug_abbrev  0x00003185      0x18d ./USB_DEVICE/App/usb_device.o
 .debug_abbrev  0x00003312      0x25d ./USB_DEVICE/App/usbd_cdc_if.o
 .debug_abbrev  0x0000356f      0x1ff ./USB_DEVICE/App/usbd_desc.o
 .debug_abbrev  0x0000376e      0x316 ./USB_DEVICE/Target/usbd_conf.o

.debug_aranges  0x00000000     0x1270
 .debug_aranges
                0x00000000       0x80 ./Core/Src/ad5328.o
 .debug_aranges
                0x00000080       0x58 ./Core/Src/ads1115.o
 .debug_aranges
                0x000000d8       0x90 ./Core/Src/main.o
 .debug_aranges
                0x00000168       0x50 ./Core/Src/stm32f1xx_hal_msp.o
 .debug_aranges
                0x000001b8       0x70 ./Core/Src/stm32f1xx_it.o
 .debug_aranges
                0x00000228       0x28 ./Core/Src/system_stm32f1xx.o
 .debug_aranges
                0x00000250       0x28 ./Core/Startup/startup_stm32f103c8tx.o
 .debug_aranges
                0x00000278       0xe0 ./Drivers/STM32F1xx_HAL_Driver/Src/stm32f1xx_hal.o
 .debug_aranges
                0x00000358      0x100 ./Drivers/STM32F1xx_HAL_Driver/Src/stm32f1xx_hal_cortex.o
 .debug_aranges
                0x00000458       0x80 ./Drivers/STM32F1xx_HAL_Driver/Src/stm32f1xx_hal_dma.o
 .debug_aranges
                0x000004d8       0x58 ./Drivers/STM32F1xx_HAL_Driver/Src/stm32f1xx_hal_gpio.o
 .debug_aranges
                0x00000530      0x2a8 ./Drivers/STM32F1xx_HAL_Driver/Src/stm32f1xx_hal_i2c.o
 .debug_aranges
                0x000007d8      0x140 ./Drivers/STM32F1xx_HAL_Driver/Src/stm32f1xx_hal_pcd.o
 .debug_aranges
                0x00000918       0x38 ./Drivers/STM32F1xx_HAL_Driver/Src/stm32f1xx_hal_pcd_ex.o
 .debug_aranges
                0x00000950       0xa8 ./Drivers/STM32F1xx_HAL_Driver/Src/stm32f1xx_hal_pwr.o
 .debug_aranges
                0x000009f8       0x90 ./Drivers/STM32F1xx_HAL_Driver/Src/stm32f1xx_hal_rcc.o
 .debug_aranges
                0x00000a88       0x30 ./Drivers/STM32F1xx_HAL_Driver/Src/stm32f1xx_hal_rcc_ex.o
 .debug_aranges
                0x00000ab8       0xf8 ./Drivers/STM32F1xx_HAL_Driver/Src/stm32f1xx_hal_rtc.o
 .debug_aranges
                0x00000bb0      0x1d0 ./Drivers/STM32F1xx_HAL_Driver/Src/stm32f1xx_hal_spi.o
 .debug_aranges
                0x00000d80       0xf8 ./Drivers/STM32F1xx_HAL_Driver/Src/stm32f1xx_ll_usb.o
 .debug_aranges
                0x00000e78       0x90 ./Middlewares/ST/STM32_USB_Device_Library/Class/CDC/Src/usbd_cdc.o
 .debug_aranges
                0x00000f08       0xb8 ./Middlewares/ST/STM32_USB_Device_Library/Core/Src/usbd_core.o
 .debug_aranges
                0x00000fc0       0x88 ./Middlewares/ST/STM32_USB_Device_Library/Core/Src/usbd_ctlreq.o
 .debug_aranges
                0x00001048       0x50 ./Middlewares/ST/STM32_USB_Device_Library/Core/Src/usbd_ioreq.o
 .debug_aranges
                0x00001098       0x20 ./USB_DEVICE/App/usb_device.o
 .debug_aranges
                0x000010b8       0x40 ./USB_DEVICE/App/usbd_cdc_if.o
 .debug_aranges
                0x000010f8       0x60 ./USB_DEVICE/App/usbd_desc.o
 .debug_aranges
                0x00001158      0x118 ./USB_DEVICE/Target/usbd_conf.o

.debug_rnglists
                0x00000000      0xdef
 .debug_rnglists
                0x00000000       0x5d ./Core/Src/ad5328.o
 .debug_rnglists
                0x0000005d       0x3f ./Core/Src/ads1115.o
 .debug_rnglists
                0x0000009c       0x6d ./Core/Src/main.o
 .debug_rnglists
                0x00000109       0x38 ./Core/Src/stm32f1xx_hal_msp.o
 .debug_rnglists
                0x00000141       0x4f ./Core/Src/stm32f1xx_it.o
 .debug_rnglists
                0x00000190       0x1a ./Core/Src/system_stm32f1xx.o
 .debug_rnglists
                0x000001aa       0x19 ./Core/Startup/startup_stm32f103c8tx.o
 .debug_rnglists
                0x000001c3       0xa3 ./Drivers/STM32F1xx_HAL_Driver/Src/stm32f1xx_hal.o
 .debug_rnglists
                0x00000266       0xbb ./Drivers/STM32F1xx_HAL_Driver/Src/stm32f1xx_hal_cortex.o
 .debug_rnglists
                0x00000321       0x64 ./Drivers/STM32F1xx_HAL_Driver/Src/stm32f1xx_hal_dma.o
 .debug_rnglists
                0x00000385       0x3f ./Drivers/STM32F1xx_HAL_Driver/Src/stm32f1xx_hal_gpio.o
 .debug_rnglists
                0x000003c4      0x23c ./Drivers/STM32F1xx_HAL_Driver/Src/stm32f1xx_hal_i2c.o
 .debug_rnglists
                0x00000600       0xf4 ./Drivers/STM32F1xx_HAL_Driver/Src/stm32f1xx_hal_pcd.o
 .debug_rnglists
                0x000006f4       0x26 ./Drivers/STM32F1xx_HAL_Driver/Src/stm32f1xx_hal_pcd_ex.o
 .debug_rnglists
                0x0000071a       0x7a ./Drivers/STM32F1xx_HAL_Driver/Src/stm32f1xx_hal_pwr.o
 .debug_rnglists
                0x00000794       0x6c ./Drivers/STM32F1xx_HAL_Driver/Src/stm32f1xx_hal_rcc.o
 .debug_rnglists
                0x00000800       0x21 ./Drivers/STM32F1xx_HAL_Driver/Src/stm32f1xx_hal_rcc_ex.o
 .debug_rnglists
                0x00000821       0xc1 ./Drivers/STM32F1xx_HAL_Driver/Src/stm32f1xx_hal_rtc.o
 .debug_rnglists
                0x000008e2      0x16e ./Drivers/STM32F1xx_HAL_Driver/Src/stm32f1xx_hal_spi.o
 .debug_rnglists
                0x00000a50       0xbd ./Drivers/STM32F1xx_HAL_Driver/Src/stm32f1xx_ll_usb.o
 .debug_rnglists
                0x00000b0d       0x6a ./Middlewares/ST/STM32_USB_Device_Library/Class/CDC/Src/usbd_cdc.o
 .debug_rnglists
                0x00000b77       0x89 ./Middlewares/ST/STM32_USB_Device_Library/Core/Src/usbd_core.o
 .debug_rnglists
                0x00000c00       0x68 ./Middlewares/ST/STM32_USB_Device_Library/Core/Src/usbd_ctlreq.o
 .debug_rnglists
                0x00000c68       0x37 ./Middlewares/ST/STM32_USB_Device_Library/Core/Src/usbd_ioreq.o
 .debug_rnglists
                0x00000c9f       0x13 ./USB_DEVICE/App/usb_device.o
 .debug_rnglists
                0x00000cb2       0x2c ./USB_DEVICE/App/usbd_cdc_if.o
 .debug_rnglists
                0x00000cde       0x43 ./USB_DEVICE/App/usbd_desc.o
 .debug_rnglists
                0x00000d21       0xce ./USB_DEVICE/Target/usbd_conf.o

.debug_macro    0x00000000    0x1b7d1
 .debug_macro   0x00000000      0x1ff ./Core/Src/ad5328.o
 .debug_macro   0x000001ff      0xacc ./Core/Src/ad5328.o
 .debug_macro   0x00000ccb      0x22d ./Core/Src/ad5328.o
 .debug_macro   0x00000ef8       0x2e ./Core/Src/ad5328.o
 .debug_macro   0x00000f26       0x22 ./Core/Src/ad5328.o
 .debug_macro   0x00000f48       0x22 ./Core/Src/ad5328.o
 .debug_macro   0x00000f6a       0x8e ./Core/Src/ad5328.o
 .debug_macro   0x00000ff8       0x51 ./Core/Src/ad5328.o
 .debug_macro   0x00001049      0x103 ./Core/Src/ad5328.o
 .debug_macro   0x0000114c       0x6a ./Core/Src/ad5328.o
 .debug_macro   0x000011b6      0x1df ./Core/Src/ad5328.o
 .debug_macro   0x00001395       0x1c ./Core/Src/ad5328.o
 .debug_macro   0x000013b1       0x22 ./Core/Src/ad5328.o
 .debug_macro   0x000013d3       0xbd ./Core/Src/ad5328.o
 .debug_macro   0x00001490      0xd23 ./Core/Src/ad5328.o
 .debug_macro   0x000021b3     0xe09e ./Core/Src/ad5328.o
 .debug_macro   0x00010251       0x6d ./Core/Src/ad5328.o
 .debug_macro   0x000102be     0x34a2 ./Core/Src/ad5328.o
 .debug_macro   0x00013760      0x190 ./Core/Src/ad5328.o
 .debug_macro   0x000138f0       0x5c ./Core/Src/ad5328.o
 .debug_macro   0x0001394c      0x5bc ./Core/Src/ad5328.o
 .debug_macro   0x00013f08      0x289 ./Core/Src/ad5328.o
 .debug_macro   0x00014191      0x1cb ./Core/Src/ad5328.o
 .debug_macro   0x0001435c      0x114 ./Core/Src/ad5328.o
 .debug_macro   0x00014470      0x1b2 ./Core/Src/ad5328.o
 .debug_macro   0x00014622       0x27 ./Core/Src/ad5328.o
 .debug_macro   0x00014649      0x136 ./Core/Src/ad5328.o
 .debug_macro   0x0001477f      0x1bc ./Core/Src/ad5328.o
 .debug_macro   0x0001493b       0x34 ./Core/Src/ad5328.o
 .debug_macro   0x0001496f       0x3c ./Core/Src/ad5328.o
 .debug_macro   0x000149ab       0x57 ./Core/Src/ad5328.o
 .debug_macro   0x00014a02       0x87 ./Core/Src/ad5328.o
 .debug_macro   0x00014a89      0x240 ./Core/Src/ad5328.o
 .debug_macro   0x00014cc9      0x287 ./Core/Src/ad5328.o
 .debug_macro   0x00014f50      0x140 ./Core/Src/ad5328.o
 .debug_macro   0x00015090      0x1ef ./Core/Src/ad5328.o
 .debug_macro   0x0001527f       0xeb ./Core/Src/ad5328.o
 .debug_macro   0x0001536a      0x217 ./Core/Src/ad5328.o
 .debug_macro   0x00015581      0x8e7 ./Core/Src/ad5328.o
 .debug_macro   0x00015e68       0xb7 ./Core/Src/ad5328.o
 .debug_macro   0x00015f1f      0x242 ./Core/Src/ad5328.o
 .debug_macro   0x00016161       0x83 ./Core/Src/ad5328.o
 .debug_macro   0x000161e4      0x1fe ./Core/Src/ads1115.o
 .debug_macro   0x000163e2       0x22 ./Core/Src/ads1115.o
 .debug_macro   0x00016404      0x3a5 ./Core/Src/main.o
 .debug_macro   0x000167a9      0x106 ./Core/Src/main.o
 .debug_macro   0x000168af       0x61 ./Core/Src/main.o
 .debug_macro   0x00016910       0x24 ./Core/Src/main.o
 .debug_macro   0x00016934       0x43 ./Core/Src/main.o
 .debug_macro   0x00016977       0x34 ./Core/Src/main.o
 .debug_macro   0x000169ab       0x16 ./Core/Src/main.o
 .debug_macro   0x000169c1       0x3c ./Core/Src/main.o
 .debug_macro   0x000169fd      0x370 ./Core/Src/main.o
 .debug_macro   0x00016d6d       0x10 ./Core/Src/main.o
 .debug_macro   0x00016d7d       0x16 ./Core/Src/main.o
 .debug_macro   0x00016d93       0x4a ./Core/Src/main.o
 .debug_macro   0x00016ddd       0x34 ./Core/Src/main.o
 .debug_macro   0x00016e11       0x10 ./Core/Src/main.o
 .debug_macro   0x00016e21       0x58 ./Core/Src/main.o
 .debug_macro   0x00016e79       0x8e ./Core/Src/main.o
 .debug_macro   0x00016f07       0x1c ./Core/Src/main.o
 .debug_macro   0x00016f23      0x185 ./Core/Src/main.o
 .debug_macro   0x000170a8       0x16 ./Core/Src/main.o
 .debug_macro   0x000170be       0x16 ./Core/Src/main.o
 .debug_macro   0x000170d4      0x146 ./Core/Src/main.o
 .debug_macro   0x0001721a       0x16 ./Core/Src/main.o
 .debug_macro   0x00017230       0x16 ./Core/Src/main.o
 .debug_macro   0x00017246       0x29 ./Core/Src/main.o
 .debug_macro   0x0001726f       0x16 ./Core/Src/main.o
 .debug_macro   0x00017285       0x20 ./Core/Src/main.o
 .debug_macro   0x000172a5       0x5f ./Core/Src/main.o
 .debug_macro   0x00017304      0x1c8 ./Core/Src/main.o
 .debug_macro   0x000174cc       0x28 ./Core/Src/main.o
 .debug_macro   0x000174f4      0x1fe ./Core/Src/stm32f1xx_hal_msp.o
 .debug_macro   0x000176f2      0x208 ./Core/Src/stm32f1xx_it.o
 .debug_macro   0x000178fa      0x1ef ./Core/Src/system_stm32f1xx.o
 .debug_macro   0x00017ae9      0x213 ./Drivers/STM32F1xx_HAL_Driver/Src/stm32f1xx_hal.o
 .debug_macro   0x00017cfc      0x1ef ./Drivers/STM32F1xx_HAL_Driver/Src/stm32f1xx_hal_cortex.o
 .debug_macro   0x00017eeb      0x1ef ./Drivers/STM32F1xx_HAL_Driver/Src/stm32f1xx_hal_dma.o
 .debug_macro   0x000180da      0x25a ./Drivers/STM32F1xx_HAL_Driver/Src/stm32f1xx_hal_gpio.o
 .debug_macro   0x00018334      0x23d ./Drivers/STM32F1xx_HAL_Driver/Src/stm32f1xx_hal_i2c.o
 .debug_macro   0x00018571      0x1fb ./Drivers/STM32F1xx_HAL_Driver/Src/stm32f1xx_hal_pcd.o
 .debug_macro   0x0001876c      0x1ef ./Drivers/STM32F1xx_HAL_Driver/Src/stm32f1xx_hal_pcd_ex.o
 .debug_macro   0x0001895b      0x24f ./Drivers/STM32F1xx_HAL_Driver/Src/stm32f1xx_hal_pwr.o
 .debug_macro   0x00018baa      0x201 ./Drivers/STM32F1xx_HAL_Driver/Src/stm32f1xx_hal_rcc.o
 .debug_macro   0x00018dab      0x1ef ./Drivers/STM32F1xx_HAL_Driver/Src/stm32f1xx_hal_rcc_ex.o
 .debug_macro   0x00018f9a      0x1fe ./Drivers/STM32F1xx_HAL_Driver/Src/stm32f1xx_hal_rtc.o
 .debug_macro   0x00019198      0x1f7 ./Drivers/STM32F1xx_HAL_Driver/Src/stm32f1xx_hal_spi.o
 .debug_macro   0x0001938f      0x1ef ./Drivers/STM32F1xx_HAL_Driver/Src/stm32f1xx_ll_usb.o
 .debug_macro   0x0001957e      0x38d ./Middlewares/ST/STM32_USB_Device_Library/Class/CDC/Src/usbd_cdc.o
 .debug_macro   0x0001990b       0x9e ./Middlewares/ST/STM32_USB_Device_Library/Class/CDC/Src/usbd_cdc.o
 .debug_macro   0x000199a9      0x112 ./Middlewares/ST/STM32_USB_Device_Library/Class/CDC/Src/usbd_cdc.o
 .debug_macro   0x00019abb       0x56 ./Middlewares/ST/STM32_USB_Device_Library/Class/CDC/Src/usbd_cdc.o
 .debug_macro   0x00019b11       0x8f ./Middlewares/ST/STM32_USB_Device_Library/Class/CDC/Src/usbd_cdc.o
 .debug_macro   0x00019ba0      0x374 ./Middlewares/ST/STM32_USB_Device_Library/Core/Src/usbd_core.o
 .debug_macro   0x00019f14      0x1ce ./Middlewares/ST/STM32_USB_Device_Library/Core/Src/usbd_core.o
 .debug_macro   0x0001a0e2      0x37e ./Middlewares/ST/STM32_USB_Device_Library/Core/Src/usbd_ctlreq.o
 .debug_macro   0x0001a460      0x37a ./Middlewares/ST/STM32_USB_Device_Library/Core/Src/usbd_ioreq.o
 .debug_macro   0x0001a7da      0x3ad ./USB_DEVICE/App/usb_device.o
 .debug_macro   0x0001ab87      0x10c ./USB_DEVICE/App/usb_device.o
 .debug_macro   0x0001ac93       0x22 ./USB_DEVICE/App/usb_device.o
 .debug_macro   0x0001acb5       0x16 ./USB_DEVICE/App/usb_device.o
 .debug_macro   0x0001accb      0x398 ./USB_DEVICE/App/usbd_cdc_if.o
 .debug_macro   0x0001b063       0x10 ./USB_DEVICE/App/usbd_cdc_if.o
 .debug_macro   0x0001b073      0x3b1 ./USB_DEVICE/App/usbd_desc.o
 .debug_macro   0x0001b424       0x1c ./USB_DEVICE/App/usbd_desc.o
 .debug_macro   0x0001b440      0x391 ./USB_DEVICE/Target/usbd_conf.o

.debug_line     0x00000000    0x18aa6
 .debug_line    0x00000000      0x9af ./Core/Src/ad5328.o
 .debug_line    0x000009af      0x928 ./Core/Src/ads1115.o
 .debug_line    0x000012d7      0xf46 ./Core/Src/main.o
 .debug_line    0x0000221d      0x893 ./Core/Src/stm32f1xx_hal_msp.o
 .debug_line    0x00002ab0      0x869 ./Core/Src/stm32f1xx_it.o
 .debug_line    0x00003319      0x809 ./Core/Src/system_stm32f1xx.o
 .debug_line    0x00003b22       0x78 ./Core/Startup/startup_stm32f103c8tx.o
 .debug_line    0x00003b9a      0xa3a ./Drivers/STM32F1xx_HAL_Driver/Src/stm32f1xx_hal.o
 .debug_line    0x000045d4      0xc04 ./Drivers/STM32F1xx_HAL_Driver/Src/stm32f1xx_hal_cortex.o
 .debug_line    0x000051d8      0xe44 ./Drivers/STM32F1xx_HAL_Driver/Src/stm32f1xx_hal_dma.o
 .debug_line    0x0000601c      0xa97 ./Drivers/STM32F1xx_HAL_Driver/Src/stm32f1xx_hal_gpio.o
 .debug_line    0x00006ab3     0x3c37 ./Drivers/STM32F1xx_HAL_Driver/Src/stm32f1xx_hal_i2c.o
 .debug_line    0x0000a6ea     0x13bf ./Drivers/STM32F1xx_HAL_Driver/Src/stm32f1xx_hal_pcd.o
 .debug_line    0x0000baa9      0x804 ./Drivers/STM32F1xx_HAL_Driver/Src/stm32f1xx_hal_pcd_ex.o
 .debug_line    0x0000c2ad      0x9de ./Drivers/STM32F1xx_HAL_Driver/Src/stm32f1xx_hal_pwr.o
 .debug_line    0x0000cc8b      0xef3 ./Drivers/STM32F1xx_HAL_Driver/Src/stm32f1xx_hal_rcc.o
 .debug_line    0x0000db7e      0x9a4 ./Drivers/STM32F1xx_HAL_Driver/Src/stm32f1xx_hal_rcc_ex.o
 .debug_line    0x0000e522     0x1249 ./Drivers/STM32F1xx_HAL_Driver/Src/stm32f1xx_hal_rtc.o
 .debug_line    0x0000f76b     0x1cd1 ./Drivers/STM32F1xx_HAL_Driver/Src/stm32f1xx_hal_spi.o
 .debug_line    0x0001143c     0x11aa ./Drivers/STM32F1xx_HAL_Driver/Src/stm32f1xx_ll_usb.o
 .debug_line    0x000125e6      0xd93 ./Middlewares/ST/STM32_USB_Device_Library/Class/CDC/Src/usbd_cdc.o
 .debug_line    0x00013379      0xde8 ./Middlewares/ST/STM32_USB_Device_Library/Core/Src/usbd_core.o
 .debug_line    0x00014161     0x1032 ./Middlewares/ST/STM32_USB_Device_Library/Core/Src/usbd_ctlreq.o
 .debug_line    0x00015193      0xa9e ./Middlewares/ST/STM32_USB_Device_Library/Core/Src/usbd_ioreq.o
 .debug_line    0x00015c31      0xa6e ./USB_DEVICE/App/usb_device.o
 .debug_line    0x0001669f      0xaa6 ./USB_DEVICE/App/usbd_cdc_if.o
 .debug_line    0x00017145      0xb17 ./USB_DEVICE/App/usbd_desc.o
 .debug_line    0x00017c5c      0xe4a ./USB_DEVICE/Target/usbd_conf.o

.debug_str      0x00000000    0x92a9e
 .debug_str     0x00000000    0x92a9e ./Core/Src/ad5328.o
                              0x89236 (size before relaxing)
 .debug_str     0x00092a9e    0x893eb ./Core/Src/ads1115.o
 .debug_str     0x00092a9e    0x8e4da ./Core/Src/main.o
 .debug_str     0x00092a9e    0x89cc0 ./Core/Src/stm32f1xx_hal_msp.o
 .debug_str     0x00092a9e    0x898b5 ./Core/Src/stm32f1xx_it.o
 .debug_str     0x00092a9e    0x88c6f ./Core/Src/system_stm32f1xx.o
 .debug_str     0x00092a9e       0x6c ./Core/Startup/startup_stm32f103c8tx.o
 .debug_str     0x00092a9e    0x893a2 ./Drivers/STM32F1xx_HAL_Driver/Src/stm32f1xx_hal.o
 .debug_str     0x00092a9e    0x892ee ./Drivers/STM32F1xx_HAL_Driver/Src/stm32f1xx_hal_cortex.o
 .debug_str     0x00092a9e    0x89018 ./Drivers/STM32F1xx_HAL_Driver/Src/stm32f1xx_hal_dma.o
 .debug_str     0x00092a9e    0x88ff5 ./Drivers/STM32F1xx_HAL_Driver/Src/stm32f1xx_hal_gpio.o
 .debug_str     0x00092a9e    0x89d36 ./Drivers/STM32F1xx_HAL_Driver/Src/stm32f1xx_hal_i2c.o
 .debug_str     0x00092a9e    0x8958c ./Drivers/STM32F1xx_HAL_Driver/Src/stm32f1xx_hal_pcd.o
 .debug_str     0x00092a9e    0x890ee ./Drivers/STM32F1xx_HAL_Driver/Src/stm32f1xx_hal_pcd_ex.o
 .debug_str     0x00092a9e    0x891a6 ./Drivers/STM32F1xx_HAL_Driver/Src/stm32f1xx_hal_pwr.o
 .debug_str     0x00092a9e    0x8909e ./Drivers/STM32F1xx_HAL_Driver/Src/stm32f1xx_hal_rcc.o
 .debug_str     0x00092a9e    0x88dee ./Drivers/STM32F1xx_HAL_Driver/Src/stm32f1xx_hal_rcc_ex.o
 .debug_str     0x00092a9e    0x8917a ./Drivers/STM32F1xx_HAL_Driver/Src/stm32f1xx_hal_rtc.o
 .debug_str     0x00092a9e    0x89595 ./Drivers/STM32F1xx_HAL_Driver/Src/stm32f1xx_hal_spi.o
 .debug_str     0x00092a9e    0x89140 ./Drivers/STM32F1xx_HAL_Driver/Src/stm32f1xx_ll_usb.o
 .debug_str     0x00092a9e    0x8e0e2 ./Middlewares/ST/STM32_USB_Device_Library/Class/CDC/Src/usbd_cdc.o
 .debug_str     0x00092a9e    0x8da12 ./Middlewares/ST/STM32_USB_Device_Library/Core/Src/usbd_core.o
 .debug_str     0x00092a9e    0x8d92c ./Middlewares/ST/STM32_USB_Device_Library/Core/Src/usbd_ctlreq.o
 .debug_str     0x00092a9e    0x8d859 ./Middlewares/ST/STM32_USB_Device_Library/Core/Src/usbd_ioreq.o
 .debug_str     0x00092a9e    0x8dbe4 ./USB_DEVICE/App/usb_device.o
 .debug_str     0x00092a9e    0x8dc0a ./USB_DEVICE/App/usbd_cdc_if.o
 .debug_str     0x00092a9e    0x8d795 ./USB_DEVICE/App/usbd_desc.o
 .debug_str     0x00092a9e    0x8e66f ./USB_DEVICE/Target/usbd_conf.o

.comment        0x00000000       0x43
 .comment       0x00000000       0x43 ./Core/Src/ad5328.o
                                 0x44 (size before relaxing)
 .comment       0x00000043       0x44 ./Core/Src/ads1115.o
 .comment       0x00000043       0x44 ./Core/Src/main.o
 .comment       0x00000043       0x44 ./Core/Src/stm32f1xx_hal_msp.o
 .comment       0x00000043       0x44 ./Core/Src/stm32f1xx_it.o
 .comment       0x00000043       0x44 ./Core/Src/system_stm32f1xx.o