Archive member included to satisfy reference by file (symbol)

C:/ST/STM32CubeIDE_1.19.0/STM32CubeIDE/plugins/com.st.stm32cube.ide.mcu.externaltools.gnu-tools-for-stm32.13.3.rel1.win32_1.0.0.202411081344/tools/bin/../lib/gcc/arm-none-eabi/13.3.1/../../../../arm-none-eabi/lib/thumb/v7-m/nofp\libc_nano.a(libc_a-exit.o)
                              C:/ST/STM32CubeIDE_1.19.0/STM32CubeIDE/plugins/com.st.stm32cube.ide.mcu.externaltools.gnu-tools-for-stm32.13.3.rel1.win32_1.0.0.202411081344/tools/bin/../lib/gcc/arm-none-eabi/13.3.1/../../../../arm-none-eabi/lib/thumb/v7-m/nofp/crt0.o (exit)
C:/ST/STM32CubeIDE_1.19.0/STM32CubeIDE/plugins/com.st.stm32cube.ide.mcu.externaltools.gnu-tools-for-stm32.13.3.rel1.win32_1.0.0.202411081344/tools/bin/../lib/gcc/arm-none-eabi/13.3.1/../../../../arm-none-eabi/lib/thumb/v7-m/nofp\libc_nano.a(libc_a-findfp.o)
                              C:/ST/STM32CubeIDE_1.19.0/STM32CubeIDE/plugins/com.st.stm32cube.ide.mcu.externaltools.gnu-tools-for-stm32.13.3.rel1.win32_1.0.0.202411081344/tools/bin/../lib/gcc/arm-none-eabi/13.3.1/../../../../arm-none-eabi/lib/thumb/v7-m/nofp\libc_nano.a(libc_a-exit.o) (__stdio_exit_handler)
C:/ST/STM32CubeIDE_1.19.0/STM32CubeIDE/plugins/com.st.stm32cube.ide.mcu.externaltools.gnu-tools-for-stm32.13.3.rel1.win32_1.0.0.202411081344/tools/bin/../lib/gcc/arm-none-eabi/13.3.1/../../../../arm-none-eabi/lib/thumb/v7-m/nofp\libc_nano.a(libc_a-fwalk.o)
                              C:/ST/STM32CubeIDE_1.19.0/STM32CubeIDE/plugins/com.st.stm32cube.ide.mcu.externaltools.gnu-tools-for-stm32.13.3.rel1.win32_1.0.0.202411081344/tools/bin/../lib/gcc/arm-none-eabi/13.3.1/../../../../arm-none-eabi/lib/thumb/v7-m/nofp\libc_nano.a(libc_a-findfp.o) (_fwalk_sglue)
C:/ST/STM32CubeIDE_1.19.0/STM32CubeIDE/plugins/com.st.stm32cube.ide.mcu.externaltools.gnu-tools-for-stm32.13.3.rel1.win32_1.0.0.202411081344/tools/bin/../lib/gcc/arm-none-eabi/13.3.1/../../../../arm-none-eabi/lib/thumb/v7-m/nofp\libc_nano.a(libc_a-stdio.o)
                              C:/ST/STM32CubeIDE_1.19.0/STM32CubeIDE/plugins/com.st.stm32cube.ide.mcu.externaltools.gnu-tools-for-stm32.13.3.rel1.win32_1.0.0.202411081344/tools/bin/../lib/gcc/arm-none-eabi/13.3.1/../../../../arm-none-eabi/lib/thumb/v7-m/nofp\libc_nano.a(libc_a-findfp.o) (__sread)
C:/ST/STM32CubeIDE_1.19.0/STM32CubeIDE/plugins/com.st.stm32cube.ide.mcu.externaltools.gnu-tools-for-stm32.13.3.rel1.win32_1.0.0.202411081344/tools/bin/../lib/gcc/arm-none-eabi/13.3.1/../../../../arm-none-eabi/lib/thumb/v7-m/nofp\libc_nano.a(libc_a-memset.o)
                              C:/ST/STM32CubeIDE_1.19.0/STM32CubeIDE/plugins/com.st.stm32cube.ide.mcu.externaltools.gnu-tools-for-stm32.13.3.rel1.win32_1.0.0.202411081344/tools/bin/../lib/gcc/arm-none-eabi/13.3.1/../../../../arm-none-eabi/lib/thumb/v7-m/nofp/crt0.o (memset)
C:/ST/STM32CubeIDE_1.19.0/STM32CubeIDE/plugins/com.st.stm32cube.ide.mcu.externaltools.gnu-tools-for-stm32.13.3.rel1.win32_1.0.0.202411081344/tools/bin/../lib/gcc/arm-none-eabi/13.3.1/../../../../arm-none-eabi/lib/thumb/v7-m/nofp\libc_nano.a(libc_a-strncmp.o)
                              ./Core/Src/mixer_cdc.o (strncmp)
C:/ST/STM32CubeIDE_1.19.0/STM32CubeIDE/plugins/com.st.stm32cube.ide.mcu.externaltools.gnu-tools-for-stm32.13.3.rel1.win32_1.0.0.202411081344/tools/bin/../lib/gcc/arm-none-eabi/13.3.1/../../../../arm-none-eabi/lib/thumb/v7-m/nofp\libc_nano.a(libc_a-closer.o)
                              C:/ST/STM32CubeIDE_1.19.0/STM32CubeIDE/plugins/com.st.stm32cube.ide.mcu.externaltools.gnu-tools-for-stm32.13.3.rel1.win32_1.0.0.202411081344/tools/bin/../lib/gcc/arm-none-eabi/13.3.1/../../../../arm-none-eabi/lib/thumb/v7-m/nofp\libc_nano.a(libc_a-stdio.o) (_close_r)
C:/ST/STM32CubeIDE_1.19.0/STM32CubeIDE/plugins/com.st.stm32cube.ide.mcu.externaltools.gnu-tools-for-stm32.13.3.rel1.win32_1.0.0.202411081344/tools/bin/../lib/gcc/arm-none-eabi/13.3.1/../../../../arm-none-eabi/lib/thumb/v7-m/nofp\libc_nano.a(libc_a-reent.o)
                              C:/ST/STM32CubeIDE_1.19.0/STM32CubeIDE/plugins/com.st.stm32cube.ide.mcu.externaltools.gnu-tools-for-stm32.13.3.rel1.win32_1.0.0.202411081344/tools/bin/../lib/gcc/arm-none-eabi/13.3.1/../../../../arm-none-eabi/lib/thumb/v7-m/nofp\libc_nano.a(libc_a-closer.o) (errno)
C:/ST/STM32CubeIDE_1.19.0/STM32CubeIDE/plugins/com.st.stm32cube.ide.mcu.externaltools.gnu-tools-for-stm32.13.3.rel1.win32_1.0.0.202411081344/tools/bin/../lib/gcc/arm-none-eabi/13.3.1/../../../../arm-none-eabi/lib/thumb/v7-m/nofp\libc_nano.a(libc_a-impure.o)
                              C:/ST/STM32CubeIDE_1.19.0/STM32CubeIDE/plugins/com.st.stm32cube.ide.mcu.externaltools.gnu-tools-for-stm32.13.3.rel1.win32_1.0.0.202411081344/tools/bin/../lib/gcc/arm-none-eabi/13.3.1/../../../../arm-none-eabi/lib/thumb/v7-m/nofp\libc_nano.a(libc_a-reent.o) (_impure_ptr)
[...]
Memory Configuration

Name             Origin             Length             Attributes
RAM              0x20000000         0x00005000         xrw
FLASH            0x08000000         0x00010000         xr
*default*        0x00000000         0xffffffff

Linker script and memory map

LOAD C:/ST/STM32CubeIDE_1.19.0/STM32CubeIDE/plugins/com.st.stm32cube.ide.mcu.externaltools.gnu-tools-for-stm32.13.3.rel1.win32_1.0.0.202411081344/tools/bin/../lib/gcc/arm-none-eabi/13.3.1/thumb/v7-m/nofp/crti.o
LOAD C:/ST/STM32CubeIDE_1.19.0/STM32CubeIDE/plugins/com.st.stm32cube.ide.mcu.externaltools.gnu-tools-for-stm32.13.3.rel1.win32_1.0.0.202411081344/tools/bin/../lib/gcc/arm-none-eabi/13.3.1/thumb/v7-m/nofp/crtbegin.o
LOAD C:/ST/STM32CubeIDE_1.19.0/STM32CubeIDE/plugins/com.st.stm32cube.ide.mcu.externaltools.gnu-tools-for-stm32.13.3.rel1.win32_1.0.0.202411081344/tools/bin/../lib/gcc/arm-none-eabi/13.3.1/../../../../arm-none-eabi/lib/thumb/v7-m/nofp/crt0.o
LOAD ./Core/Src/ad5328.o
LOAD ./Core/Src/ads1115.o
LOAD ./Core/Src/main.o
LOAD ./Core/Src/mixer_cdc.o
LOAD ./Core/Src/stm32f1xx_hal_msp.o
LOAD ./Core/Src/stm32f1xx_hal_tim.o
LOAD ./Core/Src/stm32f1xx_hal_tim_ex.o
LOAD ./Core/Src/stm32f1xx_it.o
LOAD ./Core/Src/syscalls.o
LOAD ./Core/Src/sysmem.o
LOAD ./Core/Src/system_stm32f1xx.o
LOAD ./Core/Startup/startup_stm32f103c8tx.o
LOAD ./Drivers/STM32F1xx_HAL_Driver/Src/stm32f1xx_hal.o
LOAD ./Drivers/STM32F1xx_HAL_Driver/Src/stm32f1xx_hal_cortex.o
LOAD ./Drivers/STM32F1xx_HAL_Driver/Src/stm32f1xx_hal_dma.o
LOAD ./Drivers/STM32F1xx_HAL_Driver/Src/stm32f1xx_hal_exti.o
LOAD ./Drivers/STM32F1xx_HAL_Driver/Src/stm32f1xx_hal_flash.o
LOAD ./Drivers/STM32F1xx_HAL_Driver/Src/stm32f1xx_hal_flash_ex.o
LOAD ./Drivers/STM32F1xx_HAL_Driver/Src/stm32f1xx_hal_gpio.o
LOAD ./Drivers/STM32F1xx_HAL_Driver/Src/stm32f1xx_hal_gpio_ex.o
LOAD ./Drivers/STM32F1xx_HAL_Driver/Src/stm32f1xx_hal_i2c.o
LOAD ./Drivers/STM32F1xx_HAL_Driver/Src/stm32f1xx_hal_pcd.o
LOAD ./Drivers/STM32F1xx_HAL_Driver/Src/stm32f1xx_hal_pcd_ex.o
LOAD ./Drivers/STM32F1xx_HAL_Driver/Src/stm32f1xx_hal_pwr.o
LOAD ./Drivers/STM32F1xx_HAL_Driver/Src/stm32f1xx_hal_rcc.o
LOAD ./Drivers/STM32F1xx_HAL_Driver/Src/stm32f1xx_hal_rcc_ex.o
LOAD ./Drivers/STM32F1xx_HAL_Driver/Src/stm32f1xx_hal_rtc.o
LOAD ./Drivers/STM32F1xx_HAL_Driver/Src/stm32f1xx_hal_rtc_ex.o
LOAD ./Drivers/STM32F1xx_HAL_Driver/Src/stm32f1xx_hal_spi.o
LOAD ./Drivers/STM32F1xx_HAL_Driver/Src/stm32f1xx_ll_usb.o
LOAD ./Middlewares/ST/STM32_USB_Device_Library/Class/CDC/Src/usbd_cdc.o
LOAD ./Middlewares/ST/STM32_USB_Device_Library/Core/Src/usbd_core.o
LOAD ./Middlewares/ST/STM32_USB_Device_Library/Core/Src/usbd_ctlreq.o
LOAD ./Middlewares/ST/STM32_USB_Device_Library/Core/Src/usbd_ioreq.o
LOAD ./USB_DEVICE/App/usb_device.o
LOAD ./USB_DEVICE/App/usbd_cdc_if.o
LOAD ./USB_DEVICE/App/usbd_desc.o
LOAD ./USB_DEVICE/Target/usbd_conf.o
START GROUP
LOAD C:/ST/STM32CubeIDE_1.19.0/STM32CubeIDE/plugins/com.st.stm32cube.ide.mcu.externaltools.gnu-tools-for-stm32.13.3.rel1.win32_1.0.0.202411081344/tools/bin/../lib/gcc/arm-none-eabi/13.3.1/../../../../arm-none-eabi/lib/thumb/v7-m/nofp\libc_nano.a
LOAD C:/ST/STM32CubeIDE_1.19.0/STM32CubeIDE/plugins/com.st.stm32cube.ide.mcu.externaltools.gnu-tools-for-stm32.13.3.rel1.win32_1.0.0.202411081344/tools/bin/../lib/gcc/arm-none-eabi/13.3.1/../../../../arm-none-eabi/lib/thumb/v7-m/nofp\libm.a
END GROUP
START GROUP
LOAD C:/ST/STM32CubeIDE_1.19.0/STM32CubeIDE/plugins/com.st.stm32cube.ide.mcu.externaltools.gnu-tools-for-stm32.13.3.rel1.win32_1.0.0.202411081344/tools/bin/../lib/gcc/arm-none-eabi/13.3.1/thumb/v7-m/nofp\libgcc.a
LOAD C:/ST/STM32CubeIDE_1.19.0/STM32CubeIDE/plugins/com.st.stm32cube.ide.mcu.externaltools.gnu-tools-for-stm32.13.3.rel1.win32_1.0.0.202411081344/tools/bin/../lib/gcc/arm-none-eabi/13.3.1/../../../../arm-none-eabi/lib/thumb/v7-m/nofp\libc_nano.a
END GROUP
START GROUP
LOAD C:/ST/STM32CubeIDE_1.19.0/STM32CubeIDE/plugins/com.st.stm32cube.ide.mcu.externaltools.gnu-tools-for-stm32.13.3.rel1.win32_1.0.0.202411081344/tools/bin/../lib/gcc/arm-none-eabi/13.3.1/thumb/v7-m/nofp\libgcc.a
LOAD C:/ST/STM32CubeIDE_1.19.0/STM32CubeIDE/plugins/com.st.stm32cube.ide.mcu.externaltools.gnu-tools-for-stm32.13.3.rel1.win32_1.0.0.202411081344/tools/bin/../lib/gcc/arm-none-eabi/13.3.1/../../../../arm-none-eabi/lib/thumb/v7-m/nofp\libc_nano.a
LOAD C:/ST/STM32CubeIDE_1.19.0/STM32CubeIDE/plugins/com.st.stm32cube.ide.mcu.externaltools.gnu-tools-for-stm32.13.3.rel1.win32_1.0.0.202411081344/tools/bin/../lib/gcc/arm-none-eabi/13.3.1/../../../../arm-none-eabi/lib/thumb/v7-m/nofp\libnosys.a
END GROUP
START GROUP
LOAD C:/ST/STM32CubeIDE_1.19.0/STM32CubeIDE/plugins/com.st.stm32cube.ide.mcu.externaltools.gnu-tools-for-stm32.13.3.rel1.win32_1.0.0.202411081344/tools/bin/../lib/gcc/arm-none-eabi/13.3.1/thumb/v7-m/nofp\libgcc.a
LOAD C:/ST/STM32CubeIDE_1.19.0/STM32CubeIDE/plugins/com.st.stm32cube.ide.mcu.externaltools.gnu-tools-for-stm32.13.3.rel1.win32_1.0.0.202411081344/tools/bin/../lib/gcc/arm-none-eabi/13.3.1/../../../../arm-none-eabi/lib/thumb/v7-m/nofp\libc_nano.a
LOAD C:/ST/STM32CubeIDE_1.19.0/STM32CubeIDE/plugins/com.st.stm32cube.ide.mcu.externaltools.gnu-tools-for-stm32.13.3.rel1.win32_1.0.0.202411081344/tools/bin/../lib/gcc/arm-none-eabi/13.3.1/../../../../arm-none-eabi/lib/thumb/v7-m/nofp\libnosys.a
END GROUP
LOAD C:/ST/STM32CubeIDE_1.19.0/STM32CubeIDE/plugins/com.st.stm32cube.ide.mcu.externaltools.gnu-tools-for-stm32.13.3.rel1.win32_1.0.0.202411081344/tools/bin/../lib/gcc/arm-none-eabi/13.3.1/thumb/v7-m/nofp/crtend.o
LOAD C:/ST/STM32CubeIDE_1.19.0/STM32CubeIDE/plugins/com.st.stm32cube.ide.mcu.externaltools.gnu-tools-for-stm32.13.3.rel1.win32_1.0.0.202411081344/tools/bin/../lib/gcc/arm-none-eabi/13.3.1/thumb/v7-m/nofp/crtn.o
                0x20005000                        _estack = (ORIGIN (RAM) + LENGTH (RAM))
                0x00000200                        _Min_Heap_Size = 0x200
                0x00000400                        _Min_Stack_Size = 0x400

.isr_vector     0x08000000      0x10c
                0x08000000                        . = ALIGN (0x4)
 *(.isr_vector)
 .isr_vector    0x08000000      0x10c ./Core/Startup/startup_stm32f103c8tx.o
                0x08000000                g_pfnVectors
                0x0800010c                        . = ALIGN (0x4)

.text           0x0800010c     0xd144
                0x0800010c                        . = ALIGN (0x4)
 *(.text)
 .text          0x0800010c       0x40 C:/ST/STM32CubeIDE_1.19.0/STM32CubeIDE/plugins/com.st.stm32cube.ide.mcu.externaltools.gnu-tools-for-stm32.13.3.rel1.win32_1.0.0.202411081344/tools/bin/../lib/gcc/arm-none-eabi/13.3.1/thumb/v7-m/nofp/crtbegin.o
 .text          0x0800014c       0x14 C:/ST/STM32CubeIDE_1.19.0/STM32CubeIDE/plugins/com.st.stm32cube.ide.mcu.externaltools.gnu-tools-for-stm32.13.3.rel1.win32_1.0.0.202411081344/tools/bin/../lib/gcc/arm-none-eabi/13.3.1/../../../../arm-none-eabi/lib/thumb/v7-m/nofp\libc_nano.a(libc_a-strcmp.o)
                0x0800014c                strcmp
 .text          0x08000160      0x21c C:/ST/STM32CubeIDE_1.19.0/STM32CubeIDE/plugins/com.st.stm32cube.ide.mcu.externaltools.gnu-tools-for-stm32.13.3.rel1.win32_1.0.0.202411081344/tools/bin/../lib/gcc/arm-none-eabi/13.3.1/thumb/v7-m/nofp\libgcc.a(_arm_addsubsf3.o)
                0x08000160                __aeabi_frsub
                0x08000168                __subsf3
                0x08000168                __aeabi_fsub
                0x0800016c                __aeabi_fadd
                0x0800016c                __addsf3
                0x080002cc                __aeabi_ui2f
                0x080002cc                __floatunsisf
                0x080002d4                __aeabi_i2f
                0x080002d4                __floatsisf
                0x080002f0                __aeabi_ul2f
                0x080002f0                __floatundisf
                0x08000300                __aeabi_l2f
                0x08000300                __floatdisf
 .text          0x0800037c      0x2a0 C:/ST/STM32CubeIDE_1.19.0/STM32CubeIDE/plugins/com.st.stm32cube.ide.mcu.externaltools.gnu-tools-for-stm32.13.3.rel1.win32_1.0.0.202411081344/tools/bin/../lib/gcc/arm-none-eabi/13.3.1/thumb/v7-m/nofp\libgcc.a(_arm_muldivsf3.o)
                0x0800037c                __mulsf3
                0x0800037c                __aeabi_fmul
                0x080004e4                __aeabi_fdiv
                0x080004e4                __divsf3
 .text          0x0800061c       0xec C:/ST/STM32CubeIDE_1.19.0/STM32CubeIDE/plugins/com.st.stm32cube.ide.mcu.externaltools.gnu-tools-for-stm32.13.3.rel1.win32_1.0.0.202411081344/tools/bin/../lib/gcc/arm-none-eabi/13.3.1/thumb/v7-m/nofp\libgcc.a(_arm_cmpsf2.o)
                0x0800061c                __gesf2
                0x0800061c                __gtsf2
                0x08000624                __lesf2
                0x08000624                __ltsf2
                0x0800062c                __nesf2
                0x0800062c                __eqsf2
                0x0800062c                __cmpsf2
                0x0800068c                __aeabi_cfrcmple
                0x08000694                __aeabi_cfcmpeq
                0x08000694                __aeabi_cfcmple
                0x080006a4                __aeabi_fcmpeq
                0x080006b8                __aeabi_fcmplt
                0x080006cc                __aeabi_fcmple
                0x080006e0                __aeabi_fcmpge
                0x080006f4                __aeabi_fcmpgt
 .text          0x08000708       0x40 C:/ST/STM32CubeIDE_1.19.0/STM32CubeIDE/plugins/com.st.stm32cube.ide.mcu.externaltools.gnu-tools-for-stm32.13.3.rel1.win32_1.0.0.202411081344/tools/bin/../lib/gcc/arm-none-eabi/13.3.1/thumb/v7-m/nofp\libgcc.a(_arm_fixunssfsi.o)
                0x08000708                __fixunssfsi
                0x08000708                __aeabi_f2uiz
 *(.text*)
 .text.AD5328_SendWord
                0x08000748       0x5c ./Core/Src/ad5328.o
 .text.AD5328_Init
                0x080007a4       0x6c ./Core/Src/ad5328.o
                0x080007a4                AD5328_Init
 .text.AD5328_WriteRaw
                0x08000810       0x54 ./Core/Src/ad5328.o
                0x08000810                AD5328_WriteRaw
 .text.AD5328_WriteVoltage
                0x08000864       0x90 ./Core/Src/ad5328.o
                0x08000864                AD5328_WriteVoltage
 .text.AD5328_WriteABCD_Voltage
                0x080008f4       0x78 ./Core/Src/ad5328.o
                0x080008f4                AD5328_WriteABCD_Voltage
 .text.AD5328_ResetDataAndControl
                0x0800096c       0x1c ./Core/Src/ad5328.o
                0x0800096c                AD5328_ResetDataAndControl
 .text.AD5328_SetGainABCD_X1
                0x08000988       0x1c ./Core/Src/ad5328.o
                0x08000988                AD5328_SetGainABCD_X1
 .text.ADS1115_WriteRegister
                0x080009a4       0x46 ./Core/Src/ads1115.o
 .text.ADS1115_ReadRegister
                0x080009ea       0x7a ./Core/Src/ads1115.o
 .text.ADS1115_GetMuxBitsSingleEnded
                0x08000a64       0x44 ./Core/Src/ads1115.o
 .text.ADS1115_GetConversionDelayMs
                0x08000aa8       0x64 ./Core/Src/ads1115.o
 .text.ADS1115_Init
                0x08000b0c       0x3e ./Core/Src/ads1115.o
                0x08000b0c                ADS1115_Init
 .text.ADS1115_ReadRawSingleEnded
                0x08000b4a       0xee ./Core/Src/ads1115.o
                0x08000b4a                ADS1115_ReadRawSingleEnded
 .text.ADS1115_RawToVoltage
                0x08000c38       0xa0 ./Core/Src/ads1115.o
                0x08000c38                ADS1115_RawToVoltage
 .text.ADS1115_ReadVoltageSingleEnded
                0x08000cd8       0x46 ./Core/Src/ads1115.o
                0x08000cd8                ADS1115_ReadVoltageSingleEnded
 *fill*         0x08000d1e        0x2 
 .text.main     0x08000d20      0x4fc ./Core/Src/main.o
                0x08000d20                main
 .text.ITV_PressureControl
                0x0800121c      0x210 ./Core/Src/main.o
                0x0800121c                ITV_PressureControl
 .text.Motherboard_UpdatePressureTarget
                0x0800142c       0x84 ./Core/Src/main.o
 .text.Motherboard_UpdatePressureReady
                0x080014b0       0xc8 ./Core/Src/main.o
 .text.Motherboard_ProcessCDCCommands
                0x08001578      0x230 ./Core/Src/main.o
 .text.Motherboard_SetAir
                0x080017a8       0x90 ./Core/Src/main.o
 .text.Motherboard_SafeAirOff
                0x08001838       0x64 ./Core/Src/main.o
 .text.Motherboard_SafeStop
                0x0800189c       0x34 ./Core/Src/main.o
 .text.Motherboard_CDCSafetyTick
                0x080018d0       0x4c ./Core/Src/main.o
 .text.Motherboard_CDCBurstDetection
                0x0800191c      0x114 ./Core/Src/main.o
 .text.Motherboard_SendCDCTelemetry
                0x08001a30      0x1bc ./Core/Src/main.o
 .text.Motherboard_ResetBurstDetector
                0x08001bec       0x54 ./Core/Src/main.o
 .text.HAL_SPI_RxCpltCallback
                0x08001c40       0x60 ./Core/Src/main.o
                0x08001c40                HAL_SPI_RxCpltCallback
 .text.HAL_SPI_ErrorCallback
                0x08001ca0       0x78 ./Core/Src/main.o
                0x08001ca0                HAL_SPI_ErrorCallback
 .text.Motherboard_ProcessCommand
                0x08001d18      0x17c ./Core/Src/main.o
                0x08001d18                Motherboard_ProcessCommand
 .text.SystemClock_Config
                0x08001e94       0xc0 ./Core/Src/main.o
                0x08001e94                SystemClock_Config
 .text.MX_I2C1_Init
                0x08001f54       0x5c ./Core/Src/main.o
 .text.MX_RTC_Init
                0x08001fb0       0x94 ./Core/Src/main.o
 .text.MX_SPI1_Init
                0x08002044       0x70 ./Core/Src/main.o
 .text.MX_SPI2_Init
                0x080020b4       0x64 ./Core/Src/main.o
 .text.MX_GPIO_Init
                0x08002118       0xf8 ./Core/Src/main.o
 .text.carriage_move_frw
                0x08002210       0x50 ./Core/Src/main.o
                0x08002210                carriage_move_frw
 .text.carriage_move_rev
                0x08002260       0x24 ./Core/Src/main.o
                0x08002260                carriage_move_rev
 .text.carriage_stop
                0x08002284       0x24 ./Core/Src/main.o
                0x08002284                carriage_stop
 .text.Error_Handler
                0x080022a8        0xc ./Core/Src/main.o
                0x080022a8                Error_Handler
 .text.MixerCDC_ReceiveFromISR
                0x080022b4       0x80 ./Core/Src/mixer_cdc.o
                0x080022b4                MixerCDC_ReceiveFromISR
 .text.MixerCDC_Process
                0x08002334       0xd0 ./Core/Src/mixer_cdc.o
                0x08002334                MixerCDC_Process
 .text.MixerCDC_PopCommand
                0x08002404       0x64 ./Core/Src/mixer_cdc.o
                0x08002404                MixerCDC_PopCommand
 .text.MixerCDC_SendTelemetry
                0x08002468      0x364 ./Core/Src/mixer_cdc.o
                0x08002468                MixerCDC_SendTelemetry
 .text.MixerCDC_SendProtocolInfo
                0x080027cc       0x18 ./Core/Src/mixer_cdc.o
                0x080027cc                MixerCDC_SendProtocolInfo
 .text.MixerCDC_ParseLine
                0x080027e4      0x2c4 ./Core/Src/mixer_cdc.o
 .text.MixerCDC_PushCommand
                0x08002aa8       0x64 ./Core/Src/mixer_cdc.o
 .text.MixerCDC_VoltageToMillivolts
                0x08002b0c       0x60 ./Core/Src/mixer_cdc.o
 .text.MixerCDC_ParseVoltage
                0x08002b6c       0xfc ./Core/Src/mixer_cdc.o
 .text.MixerCDC_ParseUnsigned
                0x08002c68       0x76 ./Core/Src/mixer_cdc.o
 .text.MixerCDC_AppendText
                0x08002cde       0x3a ./Core/Src/mixer_cdc.o
 .text.MixerCDC_AppendUnsigned
                0x08002d18       0x88 ./Core/Src/mixer_cdc.o
 .text.MixerCDC_AppendVoltage
                0x08002da0       0xf4 ./Core/Src/mixer_cdc.o
 .text.HAL_MspInit
                0x08002e94       0x64 ./Core/Src/stm32f1xx_hal_msp.o
                0x08002e94                HAL_MspInit
 .text.HAL_I2C_MspInit
                0x08002ef8       0x7c ./Core/Src/stm32f1xx_hal_msp.o
                0x08002ef8                HAL_I2C_MspInit
 .text.HAL_RTC_MspInit
                0x08002f74       0x48 ./Core/Src/stm32f1xx_hal_msp.o
                0x08002f74                HAL_RTC_MspInit
 .text.HAL_SPI_MspInit
                0x08002fbc      0x104 ./Core/Src/stm32f1xx_hal_msp.o
                0x08002fbc                HAL_SPI_MspInit
 .text.NMI_Handler
                0x080030c0        0x8 ./Core/Src/stm32f1xx_it.o
                0x080030c0                NMI_Handler
 .text.HardFault_Handler
                0x080030c8        0x8 ./Core/Src/stm32f1xx_it.o
                0x080030c8                HardFault_Handler
 .text.MemManage_Handler
                0x080030d0        0x8 ./Core/Src/stm32f1xx_it.o
                0x080030d0                MemManage_Handler
 .text.BusFault_Handler
                0x080030d8        0x8 ./Core/Src/stm32f1xx_it.o
                0x080030d8                BusFault_Handler
 .text.UsageFault_Handler
                0x080030e0        0x8 ./Core/Src/stm32f1xx_it.o
                0x080030e0                UsageFault_Handler
 .text.SVC_Handler
                0x080030e8        0xc ./Core/Src/stm32f1xx_it.o
                0x080030e8                SVC_Handler
 .text.DebugMon_Handler
                0x080030f4        0xc ./Core/Src/stm32f1xx_it.o
                0x080030f4                DebugMon_Handler
 .text.PendSV_Handler
                0x08003100        0xc ./Core/Src/stm32f1xx_it.o
                0x08003100                PendSV_Handler
 .text.SysTick_Handler
                0x0800310c        0xc ./Core/Src/stm32f1xx_it.o
                0x0800310c                SysTick_Handler
 .text.USB_LP_CAN1_RX0_IRQHandler
                0x08003118       0x14 ./Core/Src/stm32f1xx_it.o
                0x08003118                USB_LP_CAN1_RX0_IRQHandler
 .text.SPI2_IRQHandler
                0x0800312c       0x14 ./Core/Src/stm32f1xx_it.o
                0x0800312c                SPI2_IRQHandler
 .text.SystemInit
                0x08003140        0xc ./Core/Src/system_stm32f1xx.o
                0x08003140                SystemInit
 .text.Reset_Handler
                0x0800314c       0x48 ./Core/Startup/startup_stm32f103c8tx.o
                0x0800314c                Reset_Handler
 .text.Default_Handler
                0x08003194        0x2 ./Core/Startup/startup_stm32f103c8tx.o
                0x08003194                RTC_Alarm_IRQHandler
                0x08003194                EXTI2_IRQHandler
                0x08003194                TIM1_CC_IRQHandler
                0x08003194                PVD_IRQHandler
                0x08003194                EXTI3_IRQHandler
                0x08003194                EXTI0_IRQHandler
                0x08003194                I2C2_EV_IRQHandler
                0x08003194                ADC1_2_IRQHandler
                0x08003194                SPI1_IRQHandler
                0x08003194                TAMPER_IRQHandler
                0x08003194                DMA1_Channel4_IRQHandler
                0x08003194                USART3_IRQHandler
                0x08003194                RTC_IRQHandler
                0x08003194                DMA1_Channel7_IRQHandler
                0x08003194                CAN1_RX1_IRQHandler
                0x08003194                TIM4_IRQHandler
                0x08003194                I2C1_EV_IRQHandler
                0x08003194                DMA1_Channel6_IRQHandler
                0x08003194                TIM3_IRQHandler
                0x08003194                RCC_IRQHandler
                0x08003194                TIM1_TRG_COM_IRQHandler
                0x08003194                DMA1_Channel1_IRQHandler
                0x08003194                Default_Handler
                0x08003194                EXTI15_10_IRQHandler
                0x08003194                EXTI9_5_IRQHandler
                0x08003194                DMA1_Channel5_IRQHandler
                0x08003194                EXTI4_IRQHandler
                0x08003194                USB_HP_CAN1_TX_IRQHandler
                0x08003194                DMA1_Channel3_IRQHandler
                0x08003194                TIM1_UP_IRQHandler
                0x08003194                WWDG_IRQHandler
                0x08003194                TIM2_IRQHandler
                0x08003194                TIM1_BRK_IRQHandler
                0x08003194                EXTI1_IRQHandler
                0x08003194                USART2_IRQHandler
                0x08003194                I2C2_ER_IRQHandler
                0x08003194                DMA1_Channel2_IRQHandler
                0x08003194                CAN1_SCE_IRQHandler
                0x08003194                FLASH_IRQHandler
                0x08003194                USART1_IRQHandler
                0x08003194                I2C1_ER_IRQHandler
                0x08003194                USBWakeUp_IRQHandler
 *fill*         0x08003196        0x2 
 .text.HAL_Init
                0x08003198       0x2c ./Drivers/STM32F1xx_HAL_Driver/Src/stm32f1xx_hal.o
                0x08003198                HAL_Init
 .text.HAL_InitTick
                0x080031c4       0x60 ./Drivers/STM32F1xx_HAL_Driver/Src/stm32f1xx_hal.o
                0x080031c4                HAL_InitTick
 .text.HAL_IncTick
                0x08003224       0x24 ./Drivers/STM32F1xx_HAL_Driver/Src/stm32f1xx_hal.o
                0x08003224                HAL_IncTick
 .text.HAL_GetTick
                0x08003248       0x14 ./Drivers/STM32F1xx_HAL_Driver/Src/stm32f1xx_hal.o
                0x08003248                HAL_GetTick
 .text.HAL_Delay
                0x0800325c       0x48 ./Drivers/STM32F1xx_HAL_Driver/Src/stm32f1xx_hal.o
                0x0800325c                HAL_Delay
 .text.__NVIC_SetPriorityGrouping
                0x080032a4       0x48 ./Drivers/STM32F1xx_HAL_Driver/Src/stm32f1xx_hal_cortex.o
 .text.__NVIC_GetPriorityGrouping
                0x080032ec       0x1c ./Drivers/STM32F1xx_HAL_Driver/Src/stm32f1xx_hal_cortex.o
 .text.__NVIC_EnableIRQ
                0x08003308       0x38 ./Drivers/STM32F1xx_HAL_Driver/Src/stm32f1xx_hal_cortex.o
 .text.__NVIC_SetPriority
                0x08003340       0x54 ./Drivers/STM32F1xx_HAL_Driver/Src/stm32f1xx_hal_cortex.o
 .text.NVIC_EncodePriority
                0x08003394       0x64 ./Drivers/STM32F1xx_HAL_Driver/Src/stm32f1xx_hal_cortex.o
 .text.SysTick_Config
                0x080033f8       0x44 ./Drivers/STM32F1xx_HAL_Driver/Src/stm32f1xx_hal_cortex.o
 .text.HAL_NVIC_SetPriorityGrouping
                0x0800343c       0x16 ./Drivers/STM32F1xx_HAL_Driver/Src/stm32f1xx_hal_cortex.o
                0x0800343c                HAL_NVIC_SetPriorityGrouping
 .text.HAL_NVIC_SetPriority
                0x08003452       0x38 ./Drivers/STM32F1xx_HAL_Driver/Src/stm32f1xx_hal_cortex.o
                0x08003452                HAL_NVIC_SetPriority
 .text.HAL_NVIC_EnableIRQ
                0x0800348a       0x1c ./Drivers/STM32F1xx_HAL_Driver/Src/stm32f1xx_hal_cortex.o
                0x0800348a                HAL_NVIC_EnableIRQ
 .text.HAL_SYSTICK_Config
                0x080034a6       0x18 ./Drivers/STM32F1xx_HAL_Driver/Src/stm32f1xx_hal_cortex.o
                0x080034a6                HAL_SYSTICK_Config
 *fill*         0x080034be        0x2 
 .text.HAL_DMA_Abort_IT
                0x080034c0       0xf0 ./Drivers/STM32F1xx_HAL_Driver/Src/stm32f1xx_hal_dma.o
                0x080034c0                HAL_DMA_Abort_IT
 .text.HAL_GPIO_Init
                0x080035b0      0x308 ./Drivers/STM32F1xx_HAL_Driver/Src/stm32f1xx_hal_gpio.o
                0x080035b0                HAL_GPIO_Init
 .text.HAL_GPIO_ReadPin
                0x080038b8       0x2e ./Drivers/STM32F1xx_HAL_Driver/Src/stm32f1xx_hal_gpio.o
                0x080038b8                HAL_GPIO_ReadPin
 .text.HAL_GPIO_WritePin
                0x080038e6       0x30 ./Drivers/STM32F1xx_HAL_Driver/Src/stm32f1xx_hal_gpio.o
                0x080038e6                HAL_GPIO_WritePin
 *fill*         0x08003916        0x2 
 .text.HAL_I2C_Init
                0x08003918      0x288 ./Drivers/STM32F1xx_HAL_Driver/Src/stm32f1xx_hal_i2c.o
                0x08003918                HAL_I2C_Init
 .text.HAL_I2C_Master_Transmit
                0x08003ba0      0x1fc ./Drivers/STM32F1xx_HAL_Driver/Src/stm32f1xx_hal_i2c.o
                0x08003ba0                HAL_I2C_Master_Transmit
 .text.HAL_I2C_Master_Receive
                0x08003d9c      0x4d8 ./Drivers/STM32F1xx_HAL_Driver/Src/stm32f1xx_hal_i2c.o
                0x08003d9c                HAL_I2C_Master_Receive
 .text.HAL_I2C_IsDeviceReady
                0x08004274      0x25c ./Drivers/STM32F1xx_HAL_Driver/Src/stm32f1xx_hal_i2c.o
                0x08004274                HAL_I2C_IsDeviceReady
 .text.I2C_MasterRequestWrite
                0x080044d0      0x104 ./Drivers/STM32F1xx_HAL_Driver/Src/stm32f1xx_hal_i2c.o
 .text.I2C_MasterRequestRead
                0x080045d4      0x19c ./Drivers/STM32F1xx_HAL_Driver/Src/stm32f1xx_hal_i2c.o
 .text.I2C_WaitOnFlagUntilTimeout
                0x08004770       0xf4 ./Drivers/STM32F1xx_HAL_Driver/Src/stm32f1xx_hal_i2c.o
 .text.I2C_WaitOnMasterAddressFlagUntilTimeout
                0x08004864      0x140 ./Drivers/STM32F1xx_HAL_Driver/Src/stm32f1xx_hal_i2c.o
 .text.I2C_WaitOnTXEFlagUntilTimeout
                0x080049a4       0x90 ./Drivers/STM32F1xx_HAL_Driver/Src/stm32f1xx_hal_i2c.o
 .text.I2C_WaitOnBTFFlagUntilTimeout
                0x08004a34       0x90 ./Drivers/STM32F1xx_HAL_Driver/Src/stm32f1xx_hal_i2c.o
 .text.I2C_WaitOnRXNEFlagUntilTimeout
                0x08004ac4       0xba ./Drivers/STM32F1xx_HAL_Driver/Src/stm32f1xx_hal_i2c.o
 .text.I2C_IsAcknowledgeFailed
                0x08004b7e       0x5c ./Drivers/STM32F1xx_HAL_Driver/Src/stm32f1xx_hal_i2c.o
 .text.HAL_PCD_Init
                0x08004bda      0x1ec ./Drivers/STM32F1xx_HAL_Driver/Src/stm32f1xx_hal_pcd.o
                0x08004bda                HAL_PCD_Init
 .text.HAL_PCD_Start
                0x08004dc6       0x4c ./Drivers/STM32F1xx_HAL_Driver/Src/stm32f1xx_hal_pcd.o
                0x08004dc6                HAL_PCD_Start
 .text.HAL_PCD_IRQHandler
                0x08004e12      0x260 ./Drivers/STM32F1xx_HAL_Driver/Src/stm32f1xx_hal_pcd.o
                0x08004e12                HAL_PCD_IRQHandler
 .text.HAL_PCD_SetAddress
                0x08005072       0x48 ./Drivers/STM32F1xx_HAL_Driver/Src/stm32f1xx_hal_pcd.o
                0x08005072                HAL_PCD_SetAddress
 .text.HAL_PCD_EP_Open
                0x080050ba       0xba ./Drivers/STM32F1xx_HAL_Driver/Src/stm32f1xx_hal_pcd.o
                0x080050ba                HAL_PCD_EP_Open
 .text.HAL_PCD_EP_Close
                0x08005174       0x90 ./Drivers/STM32F1xx_HAL_Driver/Src/stm32f1xx_hal_pcd.o
                0x08005174                HAL_PCD_EP_Close
 .text.HAL_PCD_EP_Receive
                0x08005204       0x62 ./Drivers/STM32F1xx_HAL_Driver/Src/stm32f1xx_hal_pcd.o
                0x08005204                HAL_PCD_EP_Receive
 .text.HAL_PCD_EP_GetRxCount
                0x08005266       0x2e ./Drivers/STM32F1xx_HAL_Driver/Src/stm32f1xx_hal_pcd.o
                0x08005266                HAL_PCD_EP_GetRxCount
 .text.HAL_PCD_EP_Transmit
                0x08005294       0x6e ./Drivers/STM32F1xx_HAL_Driver/Src/stm32f1xx_hal_pcd.o
                0x08005294                HAL_PCD_EP_Transmit
 .text.HAL_PCD_EP_SetStall
                0x08005302       0xc0 ./Drivers/STM32F1xx_HAL_Driver/Src/stm32f1xx_hal_pcd.o
                0x08005302                HAL_PCD_EP_SetStall
 .text.HAL_PCD_EP_ClrStall
                0x080053c2       0xa8 ./Drivers/STM32F1xx_HAL_Driver/Src/stm32f1xx_hal_pcd.o
                0x080053c2                HAL_PCD_EP_ClrStall
 .text.PCD_EP_ISR_Handler
                0x0800546a      0x79e ./Drivers/STM32F1xx_HAL_Driver/Src/stm32f1xx_hal_pcd.o
 .text.HAL_PCD_EP_DB_Receive
                0x08005c08      0x21a ./Drivers/STM32F1xx_HAL_Driver/Src/stm32f1xx_hal_pcd.o
 .text.HAL_PCD_EP_DB_Transmit
                0x08005e22      0x7f4 ./Drivers/STM32F1xx_HAL_Driver/Src/stm32f1xx_hal_pcd.o
 .text.HAL_PCDEx_PMAConfig
                0x08006616       0x84 ./Drivers/STM32F1xx_HAL_Driver/Src/stm32f1xx_hal_pcd_ex.o
                0x08006616                HAL_PCDEx_PMAConfig
 *fill*         0x0800669a        0x2 
 .text.HAL_PWR_EnableBkUpAccess
                0x0800669c       0x18 ./Drivers/STM32F1xx_HAL_Driver/Src/stm32f1xx_hal_pwr.o
                0x0800669c                HAL_PWR_EnableBkUpAccess
 .text.HAL_RCC_OscConfig
                0x080066b4      0x504 ./Drivers/STM32F1xx_HAL_Driver/Src/stm32f1xx_hal_rcc.o
                0x080066b4                HAL_RCC_OscConfig
 .text.HAL_RCC_ClockConfig
                0x08006bb8      0x1d4 ./Drivers/STM32F1xx_HAL_Driver/Src/stm32f1xx_hal_rcc.o
                0x08006bb8                HAL_RCC_ClockConfig
 .text.HAL_RCC_GetSysClockFreq
                0x08006d8c       0xa8 ./Drivers/STM32F1xx_HAL_Driver/Src/stm32f1xx_hal_rcc.o
                0x08006d8c                HAL_RCC_GetSysClockFreq
 .text.HAL_RCC_GetHCLKFreq
                0x08006e34       0x14 ./Drivers/STM32F1xx_HAL_Driver/Src/stm32f1xx_hal_rcc.o
                0x08006e34                HAL_RCC_GetHCLKFreq
 .text.HAL_RCC_GetPCLK1Freq
                0x08006e48       0x28 ./Drivers/STM32F1xx_HAL_Driver/Src/stm32f1xx_hal_rcc.o
                0x08006e48                HAL_RCC_GetPCLK1Freq
 .text.HAL_RCC_GetPCLK2Freq
                0x08006e70       0x28 ./Drivers/STM32F1xx_HAL_Driver/Src/stm32f1xx_hal_rcc.o
                0x08006e70                HAL_RCC_GetPCLK2Freq
 .text.RCC_Delay
                0x08006e98       0x3c ./Drivers/STM32F1xx_HAL_Driver/Src/stm32f1xx_hal_rcc.o
 .text.HAL_RCCEx_PeriphCLKConfig
                0x08006ed4      0x16c ./Drivers/STM32F1xx_HAL_Driver/Src/stm32f1xx_hal_rcc_ex.o
                0x08006ed4                HAL_RCCEx_PeriphCLKConfig
 .text.HAL_RCCEx_GetPeriphCLKFreq
                0x08007040      0x16c ./Drivers/STM32F1xx_HAL_Driver/Src/stm32f1xx_hal_rcc_ex.o
                0x08007040                HAL_RCCEx_GetPeriphCLKFreq
 .text.HAL_RTC_Init
                0x080071ac      0x118 ./Drivers/STM32F1xx_HAL_Driver/Src/stm32f1xx_hal_rtc.o
                0x080071ac                HAL_RTC_Init
 .text.HAL_RTC_SetTime
                0x080072c4      0x12e ./Drivers/STM32F1xx_HAL_Driver/Src/stm32f1xx_hal_rtc.o
                0x080072c4                HAL_RTC_SetTime
 *fill*         0x080073f2        0x2 
 .text.HAL_RTC_SetDate
                0x080073f4      0x16c ./Drivers/STM32F1xx_HAL_Driver/Src/stm32f1xx_hal_rtc.o
                0x080073f4                HAL_RTC_SetDate
 .text.HAL_RTC_WaitForSynchro
                0x08007560       0x5a ./Drivers/STM32F1xx_HAL_Driver/Src/stm32f1xx_hal_rtc.o
                0x08007560                HAL_RTC_WaitForSynchro
 .text.RTC_ReadTimeCounter
                0x080075ba       0x60 ./Drivers/STM32F1xx_HAL_Driver/Src/stm32f1xx_hal_rtc.o
 .text.RTC_WriteTimeCounter
                0x0800761a       0x4e ./Drivers/STM32F1xx_HAL_Driver/Src/stm32f1xx_hal_rtc.o
 .text.RTC_ReadAlarmCounter
                0x08007668       0x32 ./Drivers/STM32F1xx_HAL_Driver/Src/stm32f1xx_hal_rtc.o
 .text.RTC_WriteAlarmCounter
                0x0800769a       0x4e ./Drivers/STM32F1xx_HAL_Driver/Src/stm32f1xx_hal_rtc.o
 .text.RTC_EnterInitMode
                0x080076e8       0x50 ./Drivers/STM32F1xx_HAL_Driver/Src/stm32f1xx_hal_rtc.o
 .text.RTC_ExitInitMode
                0x08007738       0x50 ./Drivers/STM32F1xx_HAL_Driver/Src/stm32f1xx_hal_rtc.o
 .text.RTC_Bcd2ToByte
                0x08007788       0x3a ./Drivers/STM32F1xx_HAL_Driver/Src/stm32f1xx_hal_rtc.o
 *fill*         0x080077c2        0x2 
 .text.RTC_WeekDayNum
                0x080077c4       0xf0 ./Drivers/STM32F1xx_HAL_Driver/Src/stm32f1xx_hal_rtc.o
 .text.HAL_SPI_Init
                0x080078b4      0x108 ./Drivers/STM32F1xx_HAL_Driver/Src/stm32f1xx_hal_spi.o
                0x080078b4                HAL_SPI_Init
 .text.HAL_SPI_Transmit
                0x080079bc      0x288 ./Drivers/STM32F1xx_HAL_Driver/Src/stm32f1xx_hal_spi.o
                0x080079bc                HAL_SPI_Transmit
 .text.HAL_SPI_Receive_IT
                0x08007c44      0x130 ./Drivers/STM32F1xx_HAL_Driver/Src/stm32f1xx_hal_spi.o
                0x08007c44                HAL_SPI_Receive_IT
 .text.HAL_SPI_TransmitReceive_IT
                0x08007d74      0x11c ./Drivers/STM32F1xx_HAL_Driver/Src/stm32f1xx_hal_spi.o
                0x08007d74                HAL_SPI_TransmitReceive_IT
 .text.HAL_SPI_Abort_IT
                0x08007e90      0x1e4 ./Drivers/STM32F1xx_HAL_Driver/Src/stm32f1xx_hal_spi.o
                0x08007e90                HAL_SPI_Abort_IT
 .text.HAL_SPI_IRQHandler
                0x08008074      0x1cc ./Drivers/STM32F1xx_HAL_Driver/Src/stm32f1xx_hal_spi.o
                0x08008074                HAL_SPI_IRQHandler
 .text.HAL_SPI_TxRxCpltCallback
                0x08008240       0x12 ./Drivers/STM32F1xx_HAL_Driver/Src/stm32f1xx_hal_spi.o
                0x08008240                HAL_SPI_TxRxCpltCallback
 .text.HAL_SPI_AbortCpltCallback
                0x08008252       0x12 ./Drivers/STM32F1xx_HAL_Driver/Src/stm32f1xx_hal_spi.o
                0x08008252                HAL_SPI_AbortCpltCallback
 .text.HAL_SPI_GetError
                0x08008264       0x16 ./Drivers/STM32F1xx_HAL_Driver/Src/stm32f1xx_hal_spi.o
                0x08008264                HAL_SPI_GetError
 .text.SPI_DMAAbortOnError
                0x0800827a       0x28 ./Drivers/STM32F1xx_HAL_Driver/Src/stm32f1xx_hal_spi.o
 *fill*         0x080082a2        0x2 
 .text.SPI_DMATxAbortCallback
                0x080082a4       0xc4 ./Drivers/STM32F1xx_HAL_Driver/Src/stm32f1xx_hal_spi.o
 .text.SPI_DMARxAbortCallback
                0x08008368       0xb2 ./Drivers/STM32F1xx_HAL_Driver/Src/stm32f1xx_hal_spi.o
 .text.SPI_2linesRxISR_8BIT
                0x0800841a       0x64 ./Drivers/STM32F1xx_HAL_Driver/Src/stm32f1xx_hal_spi.o
 .text.SPI_2linesTxISR_8BIT
                0x0800847e       0x60 ./Drivers/STM32F1xx_HAL_Driver/Src/stm32f1xx_hal_spi.o
 .text.SPI_2linesRxISR_16BIT
                0x080084de       0x60 ./Drivers/STM32F1xx_HAL_Driver/Src/stm32f1xx_hal_spi.o
 .text.SPI_2linesTxISR_16BIT
                0x0800853e       0x5e ./Drivers/STM32F1xx_HAL_Driver/Src/stm32f1xx_hal_spi.o
 .text.SPI_RxISR_8BIT
                0x0800859c       0x4a ./Drivers/STM32F1xx_HAL_Driver/Src/stm32f1xx_hal_spi.o
 .text.SPI_RxISR_16BIT
                0x080085e6       0x46 ./Drivers/STM32F1xx_HAL_Driver/Src/stm32f1xx_hal_spi.o
 .text.SPI_WaitFlagStateUntilTimeout
                0x0800862c      0x110 ./Drivers/STM32F1xx_HAL_Driver/Src/stm32f1xx_hal_spi.o
 .text.SPI_EndRxTransaction
                0x0800873c       0xa4 ./Drivers/STM32F1xx_HAL_Driver/Src/stm32f1xx_hal_spi.o
 .text.SPI_EndRxTxTransaction
                0x080087e0       0x62 ./Drivers/STM32F1xx_HAL_Driver/Src/stm32f1xx_hal_spi.o
 *fill*         0x08008842        0x2 
 .text.SPI_CloseRxTx_ISR
                0x08008844       0xe8 ./Drivers/STM32F1xx_HAL_Driver/Src/stm32f1xx_hal_spi.o
 .text.SPI_CloseRx_ISR
                0x0800892c       0x7e ./Drivers/STM32F1xx_HAL_Driver/Src/stm32f1xx_hal_spi.o
 *fill*         0x080089aa        0x2 
 .text.SPI_AbortRx_ISR
                0x080089ac       0x8c ./Drivers/STM32F1xx_HAL_Driver/Src/stm32f1xx_hal_spi.o
 .text.SPI_AbortTx_ISR
                0x08008a38       0x3a ./Drivers/STM32F1xx_HAL_Driver/Src/stm32f1xx_hal_spi.o
 .text.USB_CoreInit
                0x08008a72       0x1a ./Drivers/STM32F1xx_HAL_Driver/Src/stm32f1xx_ll_usb.o
                0x08008a72                USB_CoreInit
 .text.USB_EnableGlobalInt
                0x08008a8c       0x2c ./Drivers/STM32F1xx_HAL_Driver/Src/stm32f1xx_ll_usb.o
                0x08008a8c                USB_EnableGlobalInt
 .text.USB_DisableGlobalInt
                0x08008ab8       0x34 ./Drivers/STM32F1xx_HAL_Driver/Src/stm32f1xx_ll_usb.o
                0x08008ab8                USB_DisableGlobalInt
 .text.USB_SetCurrentMode
                0x08008aec       0x18 ./Drivers/STM32F1xx_HAL_Driver/Src/stm32f1xx_ll_usb.o
                0x08008aec                USB_SetCurrentMode
 .text.USB_DevInit
                0x08008b04       0x3a ./Drivers/STM32F1xx_HAL_Driver/Src/stm32f1xx_ll_usb.o
                0x08008b04                USB_DevInit
 *fill*         0x08008b3e        0x2 
 .text.USB_ActivateEndpoint
                0x08008b40      0x780 ./Drivers/STM32F1xx_HAL_Driver/Src/stm32f1xx_ll_usb.o
                0x08008b40                USB_ActivateEndpoint
 .text.USB_DeactivateEndpoint
                0x080092c0      0x3d8 ./Drivers/STM32F1xx_HAL_Driver/Src/stm32f1xx_ll_usb.o
                0x080092c0                USB_DeactivateEndpoint
 .text.USB_EPStartXfer
                0x08009698     0x1762 ./Drivers/STM32F1xx_HAL_Driver/Src/stm32f1xx_ll_usb.o
                0x08009698                USB_EPStartXfer
 .text.USB_EPSetStall
                0x0800adfa       0xa0 ./Drivers/STM32F1xx_HAL_Driver/Src/stm32f1xx_ll_usb.o
                0x0800adfa                USB_EPSetStall
 .text.USB_EPClearStall
                0x0800ae9a      0x15a ./Drivers/STM32F1xx_HAL_Driver/Src/stm32f1xx_ll_usb.o
                0x0800ae9a                USB_EPClearStall
 .text.USB_SetDevAddress
                0x0800aff4       0x26 ./Drivers/STM32F1xx_HAL_Driver/Src/stm32f1xx_ll_usb.o
                0x0800aff4                USB_SetDevAddress
 .text.USB_DevConnect
                0x0800b01a       0x14 ./Drivers/STM32F1xx_HAL_Driver/Src/stm32f1xx_ll_usb.o
                0x0800b01a                USB_DevConnect
 .text.USB_DevDisconnect
                0x0800b02e       0x14 ./Drivers/STM32F1xx_HAL_Driver/Src/stm32f1xx_ll_usb.o
                0x0800b02e                USB_DevDisconnect
 .text.USB_ReadInterrupts
                0x0800b042       0x1e ./Drivers/STM32F1xx_HAL_Driver/Src/stm32f1xx_ll_usb.o
                0x0800b042                USB_ReadInterrupts
 .text.USB_EP0_OutStart
                0x0800b060       0x16 ./Drivers/STM32F1xx_HAL_Driver/Src/stm32f1xx_ll_usb.o
                0x0800b060                USB_EP0_OutStart
 .text.USB_WritePMA
                0x0800b076       0x8c ./Drivers/STM32F1xx_HAL_Driver/Src/stm32f1xx_ll_usb.o
                0x0800b076                USB_WritePMA
 .text.USB_ReadPMA
                0x0800b102       0x9e ./Drivers/STM32F1xx_HAL_Driver/Src/stm32f1xx_ll_usb.o
                0x0800b102                USB_ReadPMA
 .text.USBD_CDC_Init
                0x0800b1a0       0xf4 ./Middlewares/ST/STM32_USB_Device_Library/Class/CDC/Src/usbd_cdc.o
 .text.USBD_CDC_DeInit
                0x0800b294       0x6e ./Middlewares/ST/STM32_USB_Device_Library/Class/CDC/Src/usbd_cdc.o
 .text.USBD_CDC_Setup
                0x0800b302      0x146 ./Middlewares/ST/STM32_USB_Device_Library/Class/CDC/Src/usbd_cdc.o
 .text.USBD_CDC_DataIn
                0x0800b448       0xa6 ./Middlewares/ST/STM32_USB_Device_Library/Class/CDC/Src/usbd_cdc.o
 .text.USBD_CDC_DataOut
                0x0800b4ee       0x56 ./Middlewares/ST/STM32_USB_Device_Library/Class/CDC/Src/usbd_cdc.o
 .text.USBD_CDC_EP0_RxReady
                0x0800b544       0x4e ./Middlewares/ST/STM32_USB_Device_Library/Class/CDC/Src/usbd_cdc.o
 *fill*         0x0800b592        0x2 
 .text.USBD_CDC_GetFSCfgDesc
                0x0800b594       0x20 ./Middlewares/ST/STM32_USB_Device_Library/Class/CDC/Src/usbd_cdc.o
 .text.USBD_CDC_GetHSCfgDesc
                0x0800b5b4       0x20 ./Middlewares/ST/STM32_USB_Device_Library/Class/CDC/Src/usbd_cdc.o
 .text.USBD_CDC_GetOtherSpeedCfgDesc
                0x0800b5d4       0x20 ./Middlewares/ST/STM32_USB_Device_Library/Class/CDC/Src/usbd_cdc.o
 .text.USBD_CDC_GetDeviceQualifierDescriptor
                0x0800b5f4       0x20 ./Middlewares/ST/STM32_USB_Device_Library/Class/CDC/Src/usbd_cdc.o
                0x0800b5f4                USBD_CDC_GetDeviceQualifierDescriptor
 .text.USBD_CDC_RegisterInterface
                0x0800b614       0x2c ./Middlewares/ST/STM32_USB_Device_Library/Class/CDC/Src/usbd_cdc.o
                0x0800b614                USBD_CDC_RegisterInterface
 .text.USBD_CDC_SetTxBuffer
                0x0800b640       0x32 ./Middlewares/ST/STM32_USB_Device_Library/Class/CDC/Src/usbd_cdc.o
                0x0800b640                USBD_CDC_SetTxBuffer
 .text.USBD_CDC_SetRxBuffer
                0x0800b672       0x26 ./Middlewares/ST/STM32_USB_Device_Library/Class/CDC/Src/usbd_cdc.o
                0x0800b672                USBD_CDC_SetRxBuffer
 .text.USBD_CDC_TransmitPacket
                0x0800b698       0x5e ./Middlewares/ST/STM32_USB_Device_Library/Class/CDC/Src/usbd_cdc.o
                0x0800b698                USBD_CDC_TransmitPacket
 .text.USBD_CDC_ReceivePacket
                0x0800b6f6       0x54 ./Middlewares/ST/STM32_USB_Device_Library/Class/CDC/Src/usbd_cdc.o
                0x0800b6f6                USBD_CDC_ReceivePacket
 .text.USBD_Init
                0x0800b74a       0x56 ./Middlewares/ST/STM32_USB_Device_Library/Core/Src/usbd_core.o
                0x0800b74a                USBD_Init
 .text.USBD_RegisterClass
                0x0800b7a0       0x32 ./Middlewares/ST/STM32_USB_Device_Library/Core/Src/usbd_core.o
                0x0800b7a0                USBD_RegisterClass
 .text.USBD_Start
                0x0800b7d2       0x18 ./Middlewares/ST/STM32_USB_Device_Library/Core/Src/usbd_core.o
                0x0800b7d2                USBD_Start
 .text.USBD_RunTestMode
                0x0800b7ea       0x14 ./Middlewares/ST/STM32_USB_Device_Library/Core/Src/usbd_core.o
                0x0800b7ea                USBD_RunTestMode
 .text.USBD_SetClassConfig
                0x0800b7fe       0x3e ./Middlewares/ST/STM32_USB_Device_Library/Core/Src/usbd_core.o
                0x0800b7fe                USBD_SetClassConfig
 .text.USBD_ClrClassConfig
                0x0800b83c       0x26 ./Middlewares/ST/STM32_USB_Device_Library/Core/Src/usbd_core.o
                0x0800b83c                USBD_ClrClassConfig
 .text.USBD_LL_SetupStage
                0x0800b862       0x9a ./Middlewares/ST/STM32_USB_Device_Library/Core/Src/usbd_core.o
                0x0800b862                USBD_LL_SetupStage
 .text.USBD_LL_DataOutStage
                0x0800b8fc       0xe2 ./Middlewares/ST/STM32_USB_Device_Library/Core/Src/usbd_core.o
                0x0800b8fc                USBD_LL_DataOutStage
 .text.USBD_LL_DataInStage
                0x0800b9de      0x14a ./Middlewares/ST/STM32_USB_Device_Library/Core/Src/usbd_core.o
                0x0800b9de                USBD_LL_DataInStage
 .text.USBD_LL_Reset
                0x0800bb28       0x82 ./Middlewares/ST/STM32_USB_Device_Library/Core/Src/usbd_core.o
                0x0800bb28                USBD_LL_Reset
 .text.USBD_LL_SetSpeed
                0x0800bbaa       0x1e ./Middlewares/ST/STM32_USB_Device_Library/Core/Src/usbd_core.o
                0x0800bbaa                USBD_LL_SetSpeed
 .text.USBD_LL_Suspend
                0x0800bbc8       0x28 ./Middlewares/ST/STM32_USB_Device_Library/Core/Src/usbd_core.o
                0x0800bbc8                USBD_LL_Suspend
 .text.USBD_LL_Resume
                0x0800bbf0       0x2a ./Middlewares/ST/STM32_USB_Device_Library/Core/Src/usbd_core.o
                0x0800bbf0                USBD_LL_Resume
 .text.USBD_LL_SOF
                0x0800bc1a       0x34 ./Middlewares/ST/STM32_USB_Device_Library/Core/Src/usbd_core.o
                0x0800bc1a                USBD_LL_SOF
 *fill*         0x0800bc4e        0x2 
 .text.USBD_StdDevReq
                0x0800bc50       0xd4 ./Middlewares/ST/STM32_USB_Device_Library/Core/Src/usbd_ctlreq.o
                0x0800bc50                USBD_StdDevReq
 .text.USBD_StdItfReq
                0x0800bd24       0x90 ./Middlewares/ST/STM32_USB_Device_Library/Core/Src/usbd_ctlreq.o
                0x0800bd24                USBD_StdItfReq
 .text.USBD_StdEPReq
                0x0800bdb4      0x2c6 ./Middlewares/ST/STM32_USB_Device_Library/Core/Src/usbd_ctlreq.o
                0x0800bdb4                USBD_StdEPReq
 *fill*         0x0800c07a        0x2 
 .text.USBD_GetDescriptor
                0x0800c07c      0x2d0 ./Middlewares/ST/STM32_USB_Device_Library/Core/Src/usbd_ctlreq.o
 .text.USBD_SetAddress
                0x0800c34c       0x86 ./Middlewares/ST/STM32_USB_Device_Library/Core/Src/usbd_ctlreq.o
 *fill*         0x0800c3d2        0x2 
 .text.USBD_SetConfig
                0x0800c3d4      0x11c ./Middlewares/ST/STM32_USB_Device_Library/Core/Src/usbd_ctlreq.o
 .text.USBD_GetConfig
                0x0800c4f0       0x6a ./Middlewares/ST/STM32_USB_Device_Library/Core/Src/usbd_ctlreq.o
 .text.USBD_GetStatus
                0x0800c55a       0x66 ./Middlewares/ST/STM32_USB_Device_Library/Core/Src/usbd_ctlreq.o
 .text.USBD_SetFeature
                0x0800c5c0       0x28 ./Middlewares/ST/STM32_USB_Device_Library/Core/Src/usbd_ctlreq.o
 .text.USBD_ClrFeature
                0x0800c5e8       0x42 ./Middlewares/ST/STM32_USB_Device_Library/Core/Src/usbd_ctlreq.o
 .text.USBD_ParseSetupRequest
                0x0800c62a       0x72 ./Middlewares/ST/STM32_USB_Device_Library/Core/Src/usbd_ctlreq.o
                0x0800c62a                USBD_ParseSetupRequest
 .text.USBD_CtlError
                0x0800c69c       0x22 ./Middlewares/ST/STM32_USB_Device_Library/Core/Src/usbd_ctlreq.o
                0x0800c69c                USBD_CtlError
 .text.USBD_GetString
                0x0800c6be       0x84 ./Middlewares/ST/STM32_USB_Device_Library/Core/Src/usbd_ctlreq.o
                0x0800c6be                USBD_GetString
 .text.USBD_GetLen
                0x0800c742       0x2e ./Middlewares/ST/STM32_USB_Device_Library/Core/Src/usbd_ctlreq.o
 .text.USBD_CtlSendData
                0x0800c770       0x38 ./Middlewares/ST/STM32_USB_Device_Library/Core/Src/usbd_ioreq.o
                0x0800c770                USBD_CtlSendData
 .text.USBD_CtlContinueSendData
                0x0800c7a8       0x24 ./Middlewares/ST/STM32_USB_Device_Library/Core/Src/usbd_ioreq.o
                0x0800c7a8                USBD_CtlContinueSendData
 .text.USBD_CtlPrepareRx
                0x0800c7cc       0x3c ./Middlewares/ST/STM32_USB_Device_Library/Core/Src/usbd_ioreq.o
                0x0800c7cc                USBD_CtlPrepareRx
 .text.USBD_CtlContinueRx
                0x0800c808       0x24 ./Middlewares/ST/STM32_USB_Device_Library/Core/Src/usbd_ioreq.o
                0x0800c808                USBD_CtlContinueRx
 .text.USBD_CtlSendStatus
                0x0800c82c       0x26 ./Middlewares/ST/STM32_USB_Device_Library/Core/Src/usbd_ioreq.o
                0x0800c82c                USBD_CtlSendStatus
 .text.USBD_CtlReceiveStatus
                0x0800c852       0x26 ./Middlewares/ST/STM32_USB_Device_Library/Core/Src/usbd_ioreq.o
                0x0800c852                USBD_CtlReceiveStatus
 .text.MX_USB_DEVICE_Init
                0x0800c878       0x60 ./USB_DEVICE/App/usb_device.o
                0x0800c878                MX_USB_DEVICE_Init
 .text.CDC_Init_FS
                0x0800c8d8       0x28 ./USB_DEVICE/App/usbd_cdc_if.o
 .text.CDC_DeInit_FS
                0x0800c900        0xe ./USB_DEVICE/App/usbd_cdc_if.o
 *fill*         0x0800c90e        0x2 
 .text.CDC_Control_FS
                0x0800c910       0xbc ./USB_DEVICE/App/usbd_cdc_if.o
 .text.CDC_Receive_FS
                0x0800c9cc       0x34 ./USB_DEVICE/App/usbd_cdc_if.o
 .text.CDC_Transmit_FS
                0x0800ca00       0x4c ./USB_DEVICE/App/usbd_cdc_if.o
                0x0800ca00                CDC_Transmit_FS
 .text.USBD_FS_DeviceDescriptor
                0x0800ca4c       0x24 ./USB_DEVICE/App/usbd_desc.o
                0x0800ca4c                USBD_FS_DeviceDescriptor
 .text.USBD_FS_LangIDStrDescriptor
                0x0800ca70       0x24 ./USB_DEVICE/App/usbd_desc.o
                0x0800ca70                USBD_FS_LangIDStrDescriptor
 .text.USBD_FS_ProductStrDescriptor
                0x0800ca94       0x3c ./USB_DEVICE/App/usbd_desc.o
                0x0800ca94                USBD_FS_ProductStrDescriptor
 .text.USBD_FS_ManufacturerStrDescriptor
                0x0800cad0       0x28 ./USB_DEVICE/App/usbd_desc.o
                0x0800cad0                USBD_FS_ManufacturerStrDescriptor
 .text.USBD_FS_SerialStrDescriptor
                0x0800caf8       0x24 ./USB_DEVICE/App/usbd_desc.o
                0x0800caf8                USBD_FS_SerialStrDescriptor
 .text.USBD_FS_ConfigStrDescriptor
                0x0800cb1c       0x3c ./USB_DEVICE/App/usbd_desc.o
                0x0800cb1c                USBD_FS_ConfigStrDescriptor
 .text.USBD_FS_InterfaceStrDescriptor
                0x0800cb58       0x3c ./USB_DEVICE/App/usbd_desc.o
                0x0800cb58                USBD_FS_InterfaceStrDescriptor
 .text.Get_SerialNum
                0x0800cb94       0x58 ./USB_DEVICE/App/usbd_desc.o
 .text.IntToUnicode
                0x0800cbec       0x7c ./USB_DEVICE/App/usbd_desc.o
 .text.HAL_PCD_MspInit
                0x0800cc68       0x4c ./USB_DEVICE/Target/usbd_conf.o
                0x0800cc68                HAL_PCD_MspInit
 .text.HAL_PCD_SetupStageCallback
                0x0800ccb4       0x24 ./USB_DEVICE/Target/usbd_conf.o
                0x0800ccb4                HAL_PCD_SetupStageCallback
 .text.HAL_PCD_DataOutStageCallback
                0x0800ccd8       0x36 ./USB_DEVICE/Target/usbd_conf.o
                0x0800ccd8                HAL_PCD_DataOutStageCallback
 .text.HAL_PCD_DataInStageCallback
                0x0800cd0e       0x34 ./USB_DEVICE/Target/usbd_conf.o
                0x0800cd0e                HAL_PCD_DataInStageCallback
 .text.HAL_PCD_SOFCallback
                0x0800cd42       0x1c ./USB_DEVICE/Target/usbd_conf.o
                0x0800cd42                HAL_PCD_SOFCallback
 .text.HAL_PCD_ResetCallback
                0x0800cd5e       0x3c ./USB_DEVICE/Target/usbd_conf.o
                0x0800cd5e                HAL_PCD_ResetCallback
 *fill*         0x0800cd9a        0x2 
 .text.HAL_PCD_SuspendCallback
                0x0800cd9c       0x34 ./USB_DEVICE/Target/usbd_conf.o
                0x0800cd9c                HAL_PCD_SuspendCallback
 .text.HAL_PCD_ResumeCallback
                0x0800cdd0       0x1c ./USB_DEVICE/Target/usbd_conf.o
                0x0800cdd0                HAL_PCD_ResumeCallback
 .text.USBD_LL_Init
                0x0800cdec       0xb4 ./USB_DEVICE/Target/usbd_conf.o
                0x0800cdec                USBD_LL_Init
 .text.USBD_LL_Start
                0x0800cea0       0x36 ./USB_DEVICE/Target/usbd_conf.o
                0x0800cea0                USBD_LL_Start
 .text.USBD_LL_OpenEP
                0x0800ced6       0x4c ./USB_DEVICE/Target/usbd_conf.o
                0x0800ced6                USBD_LL_OpenEP
 .text.USBD_LL_CloseEP
                0x0800cf22       0x3e ./USB_DEVICE/Target/usbd_conf.o
                0x0800cf22                USBD_LL_CloseEP
 .text.USBD_LL_StallEP
                0x0800cf60       0x3e ./USB_DEVICE/Target/usbd_conf.o
                0x0800cf60                USBD_LL_StallEP
 .text.USBD_LL_ClearStallEP
                0x0800cf9e       0x3e ./USB_DEVICE/Target/usbd_conf.o
                0x0800cf9e                USBD_LL_ClearStallEP
 .text.USBD_LL_IsStallEP
                0x0800cfdc       0x56 ./USB_DEVICE/Target/usbd_conf.o
                0x0800cfdc                USBD_LL_IsStallEP
 .text.USBD_LL_SetUSBAddress
                0x0800d032       0x3e ./USB_DEVICE/Target/usbd_conf.o
                0x0800d032                USBD_LL_SetUSBAddress
 .text.USBD_LL_Transmit
                0x0800d070       0x46 ./USB_DEVICE/Target/usbd_conf.o
                0x0800d070                USBD_LL_Transmit
 .text.USBD_LL_PrepareReceive
                0x0800d0b6       0x46 ./USB_DEVICE/Target/usbd_conf.o
                0x0800d0b6                USBD_LL_PrepareReceive
 .text.USBD_LL_GetRxDataSize
                0x0800d0fc       0x26 ./USB_DEVICE/Target/usbd_conf.o
                0x0800d0fc                USBD_LL_GetRxDataSize
 *fill*         0x0800d122        0x2 
 .text.USBD_static_malloc
                0x0800d124       0x18 ./USB_DEVICE/Target/usbd_conf.o
                0x0800d124                USBD_static_malloc
 .text.USBD_static_free
                0x0800d13c       0x12 ./USB_DEVICE/Target/usbd_conf.o
                0x0800d13c                USBD_static_free
 .text.HAL_PCDEx_SetConnectionState
                0x0800d14e       0x16 ./USB_DEVICE/Target/usbd_conf.o
                0x0800d14e                HAL_PCDEx_SetConnectionState
 .text.USBD_Get_USB_Status
                0x0800d164       0x58 ./USB_DEVICE/Target/usbd_conf.o
 .text.memset   0x0800d1bc       0x10 C:/ST/STM32CubeIDE_1.19.0/STM32CubeIDE/plugins/com.st.stm32cube.ide.mcu.externaltools.gnu-tools-for-stm32.13.3.rel1.win32_1.0.0.202411081344/tools/bin/../lib/gcc/arm-none-eabi/13.3.1/../../../../arm-none-eabi/lib/thumb/v7-m/nofp\libc_nano.a(libc_a-memset.o)
                0x0800d1bc                memset
 .text.strncmp  0x0800d1cc       0x24 C:/ST/STM32CubeIDE_1.19.0/STM32CubeIDE/plugins/com.st.stm32cube.ide.mcu.externaltools.gnu-tools-for-stm32.13.3.rel1.win32_1.0.0.202411081344/tools/bin/../lib/gcc/arm-none-eabi/13.3.1/../../../../arm-none-eabi/lib/thumb/v7-m/nofp\libc_nano.a(libc_a-strncmp.o)
                0x0800d1cc                strncmp
 .text.__libc_init_array
                0x0800d1f0       0x48 C:/ST/STM32CubeIDE_1.19.0/STM32CubeIDE/plugins/com.st.stm32cube.ide.mcu.externaltools.gnu-tools-for-stm32.13.3.rel1.win32_1.0.0.202411081344/tools/bin/../lib/gcc/arm-none-eabi/13.3.1/../../../../arm-none-eabi/lib/thumb/v7-m/nofp\libc_nano.a(libc_a-init.o)
                0x0800d1f0                __libc_init_array
 *(.glue_7)
 .glue_7        0x0800d238        0x0 linker stubs
 *(.glue_7t)
 .glue_7t       0x0800d238        0x0 linker stubs
 *(.eh_frame)
 .eh_frame      0x0800d238        0x0 C:/ST/STM32CubeIDE_1.19.0/STM32CubeIDE/plugins/com.st.stm32cube.ide.mcu.externaltools.gnu-tools-for-stm32.13.3.rel1.win32_1.0.0.202411081344/tools/bin/../lib/gcc/arm-none-eabi/13.3.1/thumb/v7-m/nofp/crtbegin.o
 *(.init)
 .init          0x0800d238        0x4 C:/ST/STM32CubeIDE_1.19.0/STM32CubeIDE/plugins/com.st.stm32cube.ide.mcu.externaltools.gnu-tools-for-stm32.13.3.rel1.win32_1.0.0.202411081344/tools/bin/../lib/gcc/arm-none-eabi/13.3.1/thumb/v7-m/nofp/crti.o
                0x0800d238                _init
 .init          0x0800d23c        0x8 C:/ST/STM32CubeIDE_1.19.0/STM32CubeIDE/plugins/com.st.stm32cube.ide.mcu.externaltools.gnu-tools-for-stm32.13.3.rel1.win32_1.0.0.202411081344/tools/bin/../lib/gcc/arm-none-eabi/13.3.1/thumb/v7-m/nofp/crtn.o
 *(.fini)
 .fini          0x0800d244        0x4 C:/ST/STM32CubeIDE_1.19.0/STM32CubeIDE/plugins/com.st.stm32cube.ide.mcu.externaltools.gnu-tools-for-stm32.13.3.rel1.win32_1.0.0.202411081344/tools/bin/../lib/gcc/arm-none-eabi/13.3.1/thumb/v7-m/nofp/crti.o
                0x0800d244                _fini
 .fini          0x0800d248        0x8 C:/ST/STM32CubeIDE_1.19.0/STM32CubeIDE/plugins/com.st.stm32cube.ide.mcu.externaltools.gnu-tools-for-stm32.13.3.rel1.win32_1.0.0.202411081344/tools/bin/../lib/gcc/arm-none-eabi/13.3.1/thumb/v7-m/nofp/crtn.o
                0x0800d250                        . = ALIGN (0x4)
                0x0800d250                        _etext = .

.vfp11_veneer   0x0800d250        0x0
 .vfp11_veneer  0x0800d250        0x0 linker stubs

.v4_bx          0x0800d250        0x0
 .v4_bx         0x0800d250        0x0 linker stubs

.iplt           0x0800d250        0x0
 .iplt          0x0800d250        0x0 C:/ST/STM32CubeIDE_1.19.0/STM32CubeIDE/plugins/com.st.stm32cube.ide.mcu.externaltools.gnu-tools-for-stm32.13.3.rel1.win32_1.0.0.202411081344/tools/bin/../lib/gcc/arm-none-eabi/13.3.1/thumb/v7-m/nofp/crtbegin.o

.rodata         0x0800d250      0x124
                0x0800d250                        . = ALIGN (0x4)
 *(.rodata)
 .rodata        0x0800d250       0x99 ./Core/Src/mixer_cdc.o
 *fill*         0x0800d2e9        0x3 
 .rodata        0x0800d2ec       0x46 ./USB_DEVICE/App/usbd_desc.o
 *(.rodata*)
 *fill*         0x0800d332        0x2 
 .rodata.AHBPrescTable
                0x0800d334       0x10 ./Core/Src/system_stm32f1xx.o
                0x0800d334                AHBPrescTable
 .rodata.APBPrescTable
                0x0800d344        0x8 ./Core/Src/system_stm32f1xx.o
                0x0800d344                APBPrescTable
 .rodata.aPLLMULFactorTable.1
                0x0800d34c       0x10 ./Drivers/STM32F1xx_HAL_Driver/Src/stm32f1xx_hal_rcc.o
 .rodata.aPredivFactorTable.0
                0x0800d35c        0x2 ./Drivers/STM32F1xx_HAL_Driver/Src/stm32f1xx_hal_rcc.o
 *fill*         0x0800d35e        0x2 
 .rodata.aPLLMULFactorTable.1
                0x0800d360       0x10 ./Drivers/STM32F1xx_HAL_Driver/Src/stm32f1xx_hal_rcc_ex.o
 .rodata.aPredivFactorTable.0
                0x0800d370        0x2 ./Drivers/STM32F1xx_HAL_Driver/Src/stm32f1xx_hal_rcc_ex.o
                0x0800d374                        . = ALIGN (0x4)
 *fill*         0x0800d372        0x2 

.ARM.extab      0x0800d374        0x0
                0x0800d374                        . = ALIGN (0x4)
 *(.ARM.extab* .gnu.linkonce.armextab.*)
                0x0800d374                        . = ALIGN (0x4)

.ARM            0x0800d374        0x8
                0x0800d374                        . = ALIGN (0x4)
                0x0800d374                        __exidx_start = .
 *(.ARM.exidx*)
 .ARM.exidx     0x0800d374        0x8 C:/ST/STM32CubeIDE_1.19.0/STM32CubeIDE/plugins/com.st.stm32cube.ide.mcu.externaltools.gnu-tools-for-stm32.13.3.rel1.win32_1.0.0.202411081344/tools/bin/../lib/gcc/arm-none-eabi/13.3.1/../../../../arm-none-eabi/lib/thumb/v7-m/nofp\libc_nano.a(libc_a-strcmp.o)
                0x0800d37c                        __exidx_end = .
                0x0800d37c                        . = ALIGN (0x4)

.preinit_array  0x0800d37c        0x0
                0x0800d37c                        . = ALIGN (0x4)
                0x0800d37c                        PROVIDE (__preinit_array_start = .)
 *(.preinit_array*)
                0x0800d37c                        PROVIDE (__preinit_array_end = .)
                0x0800d37c                        . = ALIGN (0x4)

.init_array     0x0800d37c        0x4
                0x0800d37c                        . = ALIGN (0x4)
                0x0800d37c                        PROVIDE (__init_array_start = .)
 *(SORT_BY_NAME(.init_array.*))
 *(.init_array*)
 .init_array    0x0800d37c        0x4 C:/ST/STM32CubeIDE_1.19.0/STM32CubeIDE/plugins/com.st.stm32cube.ide.mcu.externaltools.gnu-tools-for-stm32.13.3.rel1.win32_1.0.0.202411081344/tools/bin/../lib/gcc/arm-none-eabi/13.3.1/thumb/v7-m/nofp/crtbegin.o
                0x0800d380                        PROVIDE (__init_array_end = .)
                0x0800d380                        . = ALIGN (0x4)

.fini_array     0x0800d380        0x4
                0x0800d380                        . = ALIGN (0x4)
                [!provide]                        PROVIDE (__fini_array_start = .)
 *(SORT_BY_NAME(.fini_array.*))
 *(.fini_array*)
 .fini_array    0x0800d380        0x4 C:/ST/STM32CubeIDE_1.19.0/STM32CubeIDE/plugins/com.st.stm32cube.ide.mcu.externaltools.gnu-tools-for-stm32.13.3.rel1.win32_1.0.0.202411081344/tools/bin/../lib/gcc/arm-none-eabi/13.3.1/thumb/v7-m/nofp/crtbegin.o
                [!provide]                        PROVIDE (__fini_array_end = .)
                0x0800d384                        . = ALIGN (0x4)
                0x0800d384                        _sidata = LOADADDR (.data)

.rel.dyn        0x0800d384        0x0
 .rel.iplt      0x0800d384        0x0 C:/ST/STM32CubeIDE_1.19.0/STM32CubeIDE/plugins/com.st.stm32cube.ide.mcu.externaltools.gnu-tools-for-stm32.13.3.rel1.win32_1.0.0.202411081344/tools/bin/../lib/gcc/arm-none-eabi/13.3.1/thumb/v7-m/nofp/crtbegin.o

.data           0x20000000      0x1a4 load address 0x0800d384
                0x20000000                        . = ALIGN (0x4)
                0x20000000                        _sdata = .
 *(.data)
 *(.data*)
 .data.ITV_PRESSURE
                0x20000000        0x4 ./Core/Src/main.o
                0x20000000                ITV_PRESSURE
 .data.CARRIAGE_SPEED
                0x20000004        0x4 ./Core/Src/main.o
                0x20000004                CARRIAGE_SPEED
 .data.itv_target_pressure_v
                0x20000008        0x4 ./Core/Src/main.o
 .data.cdc_stream_period_ms
                0x2000000c        0x4 ./Core/Src/main.o
 .data.cdc_burst_drop_threshold_v
                0x20000010        0x4 ./Core/Src/main.o
 .data.meter_pause_enabled
                0x20000014        0x1 ./Core/Src/main.o
 *fill*         0x20000015        0x3 
 .data.meter_pause_length_m
                0x20000018        0x4 ./Core/Src/main.o
 .data.message.0
                0x2000001c        0x9 ./Core/Src/mixer_cdc.o
 *fill*         0x20000025        0x3 
 .data.SystemCoreClock
                0x20000028        0x4 ./Core/Src/system_stm32f1xx.o
                0x20000028                SystemCoreClock
 .data.uwTickPrio
                0x2000002c        0x4 ./Drivers/STM32F1xx_HAL_Driver/Src/stm32f1xx_hal.o
                0x2000002c                uwTickPrio
 .data.uwTickFreq
                0x20000030        0x1 ./Drivers/STM32F1xx_HAL_Driver/Src/stm32f1xx_hal.o
                0x20000030                uwTickFreq
 *fill*         0x20000031        0x3 
 .data.USBD_CDC_DeviceQualifierDesc
                0x20000034        0xa ./Middlewares/ST/STM32_USB_Device_Library/Class/CDC/Src/usbd_cdc.o
 *fill*         0x2000003e        0x2 
 .data.USBD_CDC
                0x20000040       0x38 ./Middlewares/ST/STM32_USB_Device_Library/Class/CDC/Src/usbd_cdc.o
                0x20000040                USBD_CDC
 .data.USBD_CDC_CfgHSDesc
                0x20000078       0x43 ./Middlewares/ST/STM32_USB_Device_Library/Class/CDC/Src/usbd_cdc.o
                0x20000078                USBD_CDC_CfgHSDesc
 *fill*         0x200000bb        0x1 
 .data.USBD_CDC_CfgFSDesc
                0x200000bc       0x43 ./Middlewares/ST/STM32_USB_Device_Library/Class/CDC/Src/usbd_cdc.o
                0x200000bc                USBD_CDC_CfgFSDesc
 *fill*         0x200000ff        0x1 
 .data.USBD_CDC_OtherSpeedCfgDesc
                0x20000100       0x43 ./Middlewares/ST/STM32_USB_Device_Library/Class/CDC/Src/usbd_cdc.o
                0x20000100                USBD_CDC_OtherSpeedCfgDesc
 *fill*         0x20000143        0x1 
 .data.USBD_Interface_fops_FS
                0x20000144       0x10 ./USB_DEVICE/App/usbd_cdc_if.o
                0x20000144                USBD_Interface_fops_FS
 .data.FS_Desc  0x20000154       0x1c ./USB_DEVICE/App/usbd_desc.o
                0x20000154                FS_Desc
 .data.USBD_FS_DeviceDesc
                0x20000170       0x12 ./USB_DEVICE/App/usbd_desc.o
                0x20000170                USBD_FS_DeviceDesc
 *fill*         0x20000182        0x2 
 .data.USBD_LangIDDesc
                0x20000184        0x4 ./USB_DEVICE/App/usbd_desc.o
                0x20000184                USBD_LangIDDesc
 .data.USBD_StringSerial
                0x20000188       0x1a ./USB_DEVICE/App/usbd_desc.o
                0x20000188                USBD_StringSerial
 *(.RamFunc)
 *(.RamFunc*)
                0x200001a4                        . = ALIGN (0x4)
 *fill*         0x200001a2        0x2 
                0x200001a4                        _edata = .

.igot.plt       0x200001a4        0x0 load address 0x0800d528
 .igot.plt      0x200001a4        0x0 C:/ST/STM32CubeIDE_1.19.0/STM32CubeIDE/plugins/com.st.stm32cube.ide.mcu.externaltools.gnu-tools-for-stm32.13.3.rel1.win32_1.0.0.202411081344/tools/bin/../lib/gcc/arm-none-eabi/13.3.1/thumb/v7-m/nofp/crtbegin.o
                0x200001a4                        . = ALIGN (0x4)

.bss            0x200001a4     0x1654 load address 0x0800d528
                0x200001a4                        _sbss = .
                0x200001a4                        __bss_start__ = _sbss
 *(.bss)
 .bss           0x200001a4       0x1c C:/ST/STM32CubeIDE_1.19.0/STM32CubeIDE/plugins/com.st.stm32cube.ide.mcu.externaltools.gnu-tools-for-stm32.13.3.rel1.win32_1.0.0.202411081344/tools/bin/../lib/gcc/arm-none-eabi/13.3.1/thumb/v7-m/nofp/crtbegin.o
 *(.bss*)
 .bss.hi2c1     0x200001c0       0x54 ./Core/Src/main.o
                0x200001c0                hi2c1
 .bss.hrtc      0x20000214       0x14 ./Core/Src/main.o
                0x20000214                hrtc
 .bss.hspi1     0x20000228       0x58 ./Core/Src/main.o
                0x20000228                hspi1
 .bss.hspi2     0x20000280       0x58 ./Core/Src/main.o
                0x20000280                hspi2
 .bss.dac       0x200002d8       0x1c ./Core/Src/main.o
                0x200002d8                dac
 .bss.adc       0x200002f4        0x8 ./Core/Src/main.o
                0x200002f4                adc
 .bss.REG_ITV   0x200002fc        0x4 ./Core/Src/main.o
                0x200002fc                REG_ITV
 .bss.REG_CAROUSEL
                0x20000300        0x4 ./Core/Src/main.o
                0x20000300                REG_CAROUSEL
 .bss.REG_CARRIAGE
                0x20000304        0x4 ./Core/Src/main.o
                0x20000304                REG_CARRIAGE
 .bss.rx_cmd    0x20000308        0x1 ./Core/Src/main.o
                0x20000308                rx_cmd
 .bss.spi_cmd_ready
                0x20000309        0x1 ./Core/Src/main.o
                0x20000309                spi_cmd_ready
 .bss.spi_last_cmd
                0x2000030a        0x1 ./Core/Src/main.o
                0x2000030a                spi_last_cmd
 .bss.spi_rx_status
                0x2000030b        0x1 ./Core/Src/main.o
                0x2000030b                spi_rx_status
 .bss.spi_error_code
                0x2000030c        0x4 ./Core/Src/main.o
                0x2000030c                spi_error_code
 .bss.spi_rx_count
                0x20000310        0x4 ./Core/Src/main.o
                0x20000310                spi_rx_count
 .bss.spi_err_count
                0x20000314        0x4 ./Core/Src/main.o
                0x20000314                spi_err_count
 .bss.g_state   0x20000318        0x1 ./Core/Src/main.o
                0x20000318                g_state
 .bss.g_stage   0x20000319        0x1 ./Core/Src/main.o
                0x20000319                g_stage
 .bss.HOMESENSOR
                0x2000031a        0x1 ./Core/Src/main.o
                0x2000031a                HOMESENSOR
 .bss.CNTSENSOR
                0x2000031b        0x1 ./Core/Src/main.o
                0x2000031b                CNTSENSOR
 .bss.NEARSENSOR
                0x2000031c        0x1 ./Core/Src/main.o
                0x2000031c                NEARSENSOR
 .bss.FARSENSOR
                0x2000031d        0x1 ./Core/Src/main.o
                0x2000031d                FARSENSOR
 *fill*         0x2000031e        0x2 
 .bss.AIROUT    0x20000320        0x4 ./Core/Src/main.o
                0x20000320                AIROUT
 .bss.bigairon  0x20000324        0x1 ./Core/Src/main.o
                0x20000324                bigairon
 *fill*         0x20000325        0x3 
 .bss.itv_control_tick
                0x20000328        0x4 ./Core/Src/main.o
 .bss.itv_control_trim_v
                0x2000032c        0x4 ./Core/Src/main.o
 .bss.pressure_ready
                0x20000330        0x1 ./Core/Src/main.o
 *fill*         0x20000331        0x3 
 .bss.pressure_ready_since_tick
                0x20000334        0x4 ./Core/Src/main.o
 .bss.cdc_remote_airout
                0x20000338        0x1 ./Core/Src/main.o
 .bss.cdc_stream_enabled
                0x20000339        0x1 ./Core/Src/main.o
 .bss.pressure_sensor_valid
                0x2000033a        0x1 ./Core/Src/main.o
 *fill*         0x2000033b        0x1 
 .bss.cdc_last_control_tick
                0x2000033c        0x4 ./Core/Src/main.o
 .bss.cdc_last_stream_tick
                0x20000340        0x4 ./Core/Src/main.o
 .bss.cdc_pressure_history
                0x20000344       0x80 ./Core/Src/main.o
 .bss.cdc_pressure_history_count
                0x200003c4        0x1 ./Core/Src/main.o
 .bss.cdc_pressure_history_index
                0x200003c5        0x1 ./Core/Src/main.o
 .bss.cdc_burst_confirm_count
                0x200003c6        0x1 ./Core/Src/main.o
 *fill*         0x200003c7        0x1 
 .bss.coff      0x200003c8        0x4 ./Core/Src/main.o
                0x200003c8                coff
 .bss.counter   0x200003cc        0x1 ./Core/Src/main.o
                0x200003cc                counter
 .bss.cntblock  0x200003cd        0x1 ./Core/Src/main.o
                0x200003cd                cntblock
 *fill*         0x200003ce        0x2 
 .bss.meter     0x200003d0        0x4 ./Core/Src/main.o
                0x200003d0                meter
 .bss.isCollected
                0x200003d4        0x1 ./Core/Src/main.o
                0x200003d4                isCollected
 .bss.meter_pause_done
                0x200003d5        0x1 ./Core/Src/main.o
 .bss.cycle_active
                0x200003d6        0x1 ./Core/Src/main.o
 *fill*         0x200003d7        0x1 
 .bss.cycle_count
                0x200003d8        0x4 ./Core/Src/main.o
 .bss.product_count
                0x200003dc        0x4 ./Core/Src/main.o
 .bss.rx_buffer
                0x200003e0      0x100 ./Core/Src/mixer_cdc.o
 .bss.rx_head   0x200004e0        0x2 ./Core/Src/mixer_cdc.o
 .bss.rx_tail   0x200004e2        0x2 ./Core/Src/mixer_cdc.o
 .bss.line_buffer
                0x200004e4       0x40 ./Core/Src/mixer_cdc.o
 .bss.line_length
                0x20000524        0x2 ./Core/Src/mixer_cdc.o
 .bss.line_discard
                0x20000526        0x1 ./Core/Src/mixer_cdc.o
 *fill*         0x20000527        0x1 
 .bss.command_queue
                0x20000528       0x60 ./Core/Src/mixer_cdc.o
 .bss.command_head
                0x20000588        0x1 ./Core/Src/mixer_cdc.o
 .bss.command_tail
                0x20000589        0x1 ./Core/Src/mixer_cdc.o
 *fill*         0x2000058a        0x2 
 .bss.mixer_cdc_rx_overflow_count
                0x2000058c        0x4 ./Core/Src/mixer_cdc.o
                0x2000058c                mixer_cdc_rx_overflow_count
 .bss.mixer_cdc_command_overflow_count
                0x20000590        0x4 ./Core/Src/mixer_cdc.o
                0x20000590                mixer_cdc_command_overflow_count
 .bss.message.1
                0x20000594       0xa0 ./Core/Src/mixer_cdc.o
 .bss.uwTick    0x20000634        0x4 ./Drivers/STM32F1xx_HAL_Driver/Src/stm32f1xx_hal.o
                0x20000634                uwTick
 .bss.cfgidx.0  0x20000638        0x1 ./Middlewares/ST/STM32_USB_Device_Library/Core/Src/usbd_ctlreq.o
 *fill*         0x20000639        0x3 
 .bss.hUsbDeviceFS
                0x2000063c      0x2c4 ./USB_DEVICE/App/usb_device.o
                0x2000063c                hUsbDeviceFS
 .bss.UserRxBufferFS
                0x20000900      0x400 ./USB_DEVICE/App/usbd_cdc_if.o
                0x20000900                UserRxBufferFS
 .bss.UserTxBufferFS
                0x20000d00      0x400 ./USB_DEVICE/App/usbd_cdc_if.o
                0x20000d00                UserTxBufferFS
 .bss.USBD_StrDesc
                0x20001100      0x200 ./USB_DEVICE/App/usbd_desc.o
                0x20001100                USBD_StrDesc
 .bss.hpcd_USB_FS
                0x20001300      0x2d8 ./USB_DEVICE/Target/usbd_conf.o
                0x20001300                hpcd_USB_FS
 .bss.mem.0     0x200015d8      0x220 ./USB_DEVICE/Target/usbd_conf.o
 *(COMMON)
                0x200017f8                        . = ALIGN (0x4)
                0x200017f8                        _ebss = .
                0x200017f8                        __bss_end__ = _ebss

._user_heap_stack
                0x200017f8      0x600 load address 0x0800d528
                0x200017f8                        . = ALIGN (0x8)
                [!provide]                        PROVIDE (end = .)
                0x200017f8                        PROVIDE (_end = .)
                0x200019f8                        . = (. + _Min_Heap_Size)
 *fill*         0x200017f8      0x200 
                0x20001df8                        . = (. + _Min_Stack_Size)
 *fill*         0x200019f8      0x400 
                0x20001df8                        . = ALIGN (0x8)

/DISCARD/
 libc.a(*)
 libm.a(*)
 libgcc.a(*)

.ARM.attributes
                0x00000000       0x29
 *(.ARM.attributes)
 .ARM.attributes
                0x00000000       0x1d C:/ST/STM32CubeIDE_1.19.0/STM32CubeIDE/plugins/com.st.stm32cube.ide.mcu.externaltools.gnu-tools-for-stm32.13.3.rel1.win32_1.0.0.202411081344/tools/bin/../lib/gcc/arm-none-eabi/13.3.1/thumb/v7-m/nofp/crti.o
 .ARM.attributes
                0x0000001d       0x2d C:/ST/STM32CubeIDE_1.19.0/STM32CubeIDE/plugins/com.st.stm32cube.ide.mcu.externaltools.gnu-tools-for-stm32.13.3.rel1.win32_1.0.0.202411081344/tools/bin/../lib/gcc/arm-none-eabi/13.3.1/thumb/v7-m/nofp/crtbegin.o
 .ARM.attributes
                0x0000004a       0x2d ./Core/Src/ad5328.o
 .ARM.attributes
                0x00000077       0x2d ./Core/Src/ads1115.o
 .ARM.attributes
                0x000000a4       0x2d ./Core/Src/main.o
 .ARM.attributes
                0x000000d1       0x2d ./Core/Src/mixer_cdc.o
 .ARM.attributes
                0x000000fe       0x2d ./Core/Src/stm32f1xx_hal_msp.o
 .ARM.attributes
                0x0000012b       0x2d ./Core/Src/stm32f1xx_it.o
 .ARM.attributes
                0x00000158       0x2d ./Core/Src/system_stm32f1xx.o
 .ARM.attributes
                0x00000185       0x21 ./Core/Startup/startup_stm32f103c8tx.o
 .ARM.attributes
                0x000001a6       0x2d ./Drivers/STM32F1xx_HAL_Driver/Src/stm32f1xx_hal.o
 .ARM.attributes
                0x000001d3       0x2d ./Drivers/STM32F1xx_HAL_Driver/Src/stm32f1xx_hal_cortex.o
 .ARM.attributes
                0x00000200       0x2d ./Drivers/STM32F1xx_HAL_Driver/Src/stm32f1xx_hal_dma.o
 .ARM.attributes
                0x0000022d       0x2d ./Drivers/STM32F1xx_HAL_Driver/Src/stm32f1xx_hal_gpio.o
 .ARM.attributes
                0x0000025a       0x2d ./Drivers/STM32F1xx_HAL_Driver/Src/stm32f1xx_hal_i2c.o
 .ARM.attributes
                0x00000287       0x2d ./Drivers/STM32F1xx_HAL_Driver/Src/stm32f1xx_hal_pcd.o
 .ARM.attributes
                0x000002b4       0x2d ./Drivers/STM32F1xx_HAL_Driver/Src/stm32f1xx_hal_pcd_ex.o
 .ARM.attributes
                0x000002e1       0x2d ./Drivers/STM32F1xx_HAL_Driver/Src/stm32f1xx_hal_pwr.o
 .ARM.attributes
                0x0000030e       0x2d ./Drivers/STM32F1xx_HAL_Driver/Src/stm32f1xx_hal_rcc.o
 .ARM.attributes
                0x0000033b       0x2d ./Drivers/STM32F1xx_HAL_Driver/Src/stm32f1xx_hal_rcc_ex.o
 .ARM.attributes
                0x00000368       0x2d ./Drivers/STM32F1xx_HAL_Driver/Src/stm32f1xx_hal_rtc.o
 .ARM.attributes
                0x00000395       0x2d ./Drivers/STM32F1xx_HAL_Driver/Src/stm32f1xx_hal_spi.o
 .ARM.attributes
                0x000003c2       0x2d ./Drivers/STM32F1xx_HAL_Driver/Src/stm32f1xx_ll_usb.o
 .ARM.attributes
                0x000003ef       0x2d ./Middlewares/ST/STM32_USB_Device_Library/Class/CDC/Src/usbd_cdc.o
 .ARM.attributes
                0x0000041c       0x2d ./Middlewares/ST/STM32_USB_Device_Library/Core/Src/usbd_core.o
 .ARM.attributes
                0x00000449       0x2d ./Middlewares/ST/STM32_USB_Device_Library/Core/Src/usbd_ctlreq.o
 .ARM.attributes
                0x00000476       0x2d ./Middlewares/ST/STM32_USB_Device_Library/Core/Src/usbd_ioreq.o
 .ARM.attributes
                0x000004a3       0x2d ./USB_DEVICE/App/usb_device.o
 .ARM.attributes
                0x000004d0       0x2d ./USB_DEVICE/App/usbd_cdc_if.o
 .ARM.attributes
                0x000004fd       0x2d ./USB_DEVICE/App/usbd_desc.o
 .ARM.attributes
                0x0000052a       0x2d ./USB_DEVICE/Target/usbd_conf.o
 .ARM.attributes
                0x00000557       0x2d C:/ST/STM32CubeIDE_1.19.0/STM32CubeIDE/plugins/com.st.stm32cube.ide.mcu.externaltools.gnu-tools-for-stm32.13.3.rel1.win32_1.0.0.202411081344/tools/bin/../lib/gcc/arm-none-eabi/13.3.1/../../../../arm-none-eabi/lib/thumb/v7-m/nofp\libc_nano.a(libc_a-memset.o)
 .ARM.attributes
                0x00000584       0x2d C:/ST/STM32CubeIDE_1.19.0/STM32CubeIDE/plugins/com.st.stm32cube.ide.mcu.externaltools.gnu-tools-for-stm32.13.3.rel1.win32_1.0.0.202411081344/tools/bin/../lib/gcc/arm-none-eabi/13.3.1/../../../../arm-none-eabi/lib/thumb/v7-m/nofp\libc_nano.a(libc_a-strncmp.o)
 .ARM.attributes
                0x000005b1       0x2d C:/ST/STM32CubeIDE_1.19.0/STM32CubeIDE/plugins/com.st.stm32cube.ide.mcu.externaltools.gnu-tools-for-stm32.13.3.rel1.win32_1.0.0.202411081344/tools/bin/../lib/gcc/arm-none-eabi/13.3.1/../../../../arm-none-eabi/lib/thumb/v7-m/nofp\libc_nano.a(libc_a-init.o)
 .ARM.attributes
                0x000005de       0x1b C:/ST/STM32CubeIDE_1.19.0/STM32CubeIDE/plugins/com.st.stm32cube.ide.mcu.externaltools.gnu-tools-for-stm32.13.3.rel1.win32_1.0.0.202411081344/tools/bin/../lib/gcc/arm-none-eabi/13.3.1/../../../../arm-none-eabi/lib/thumb/v7-m/nofp\libc_nano.a(libc_a-strcmp.o)
 .ARM.attributes
                0x000005f9       0x1d C:/ST/STM32CubeIDE_1.19.0/STM32CubeIDE/plugins/com.st.stm32cube.ide.mcu.externaltools.gnu-tools-for-stm32.13.3.rel1.win32_1.0.0.202411081344/tools/bin/../lib/gcc/arm-none-eabi/13.3.1/thumb/v7-m/nofp\libgcc.a(_arm_addsubsf3.o)
 .ARM.attributes
                0x00000616       0x1d C:/ST/STM32CubeIDE_1.19.0/STM32CubeIDE/plugins/com.st.stm32cube.ide.mcu.externaltools.gnu-tools-for-stm32.13.3.rel1.win32_1.0.0.202411081344/tools/bin/../lib/gcc/arm-none-eabi/13.3.1/thumb/v7-m/nofp\libgcc.a(_arm_muldivsf3.o)
 .ARM.attributes
                0x00000633       0x1d C:/ST/STM32CubeIDE_1.19.0/STM32CubeIDE/plugins/com.st.stm32cube.ide.mcu.externaltools.gnu-tools-for-stm32.13.3.rel1.win32_1.0.0.202411081344/tools/bin/../lib/gcc/arm-none-eabi/13.3.1/thumb/v7-m/nofp\libgcc.a(_arm_cmpsf2.o)
 .ARM.attributes
                0x00000650       0x1d C:/ST/STM32CubeIDE_1.19.0/STM32CubeIDE/plugins/com.st.stm32cube.ide.mcu.externaltools.gnu-tools-for-stm32.13.3.rel1.win32_1.0.0.202411081344/tools/bin/../lib/gcc/arm-none-eabi/13.3.1/thumb/v7-m/nofp\libgcc.a(_arm_fixunssfsi.o)
 .ARM.attributes
                0x0000066d       0x1d C:/ST/STM32CubeIDE_1.19.0/STM32CubeIDE/plugins/com.st.stm32cube.ide.mcu.externaltools.gnu-tools-for-stm32.13.3.rel1.win32_1.0.0.202411081344/tools/bin/../lib/gcc/arm-none-eabi/13.3.1/thumb/v7-m/nofp/crtn.o
OUTPUT(Motherboard.elf elf32-littlearm)
LOAD linker stubs
LOAD C:/ST/STM32CubeIDE_1.19.0/STM32CubeIDE/plugins/com.st.stm32cube.ide.mcu.externaltools.gnu-tools-for-stm32.13.3.rel1.win32_1.0.0.202411081344/tools/bin/../lib/gcc/arm-none-eabi/13.3.1/../../../../arm-none-eabi/lib/thumb/v7-m/nofp\libc.a
LOAD C:/ST/STM32CubeIDE_1.19.0/STM32CubeIDE/plugins/com.st.stm32cube.ide.mcu.externaltools.gnu-tools-for-stm32.13.3.rel1.win32_1.0.0.202411081344/tools/bin/../lib/gcc/arm-none-eabi/13.3.1/../../../../arm-none-eabi/lib/thumb/v7-m/nofp\libm.a
LOAD C:/ST/STM32CubeIDE_1.19.0/STM32CubeIDE/plugins/com.st.stm32cube.ide.mcu.externaltools.gnu-tools-for-stm32.13.3.rel1.win32_1.0.0.202411081344/tools/bin/../lib/gcc/arm-none-eabi/13.3.1/thumb/v7-m/nofp\libgcc.a

.debug_info     0x00000000    0x15396
 .debug_info    0x00000000      0xa33 ./Core/Src/ad5328.o
 .debug_info    0x00000a33      0x9ba ./Core/Src/ads1115.o
 .debug_info    0x000013ed     0x1b13 ./Core/Src/main.o
 .debug_info    0x00002f00      0x871 ./Core/Src/mixer_cdc.o
 .debug_info    0x00003771      0xf30 ./Core/Src/stm32f1xx_hal_msp.o
 .debug_info    0x000046a1      0xa7d ./Core/Src/stm32f1xx_it.o
 .debug_info    0x0000511e      0x222 ./Core/Src/system_stm32f1xx.o
 .debug_info    0x00005340       0x30 ./Core/Startup/startup_stm32f103c8tx.o
 .debug_info    0x00005370      0x704 ./Drivers/STM32F1xx_HAL_Driver/Src/stm32f1xx_hal.o
 .debug_info    0x00005a74      0xa87 ./Drivers/STM32F1xx_HAL_Driver/Src/stm32f1xx_hal_cortex.o
 .debug_info    0x000064fb      0x6d2 ./Drivers/STM32F1xx_HAL_Driver/Src/stm32f1xx_hal_dma.o
 .debug_info    0x00006bcd      0x5ab ./Drivers/STM32F1xx_HAL_Driver/Src/stm32f1xx_hal_gpio.o
 .debug_info    0x00007178     0x2524 ./Drivers/STM32F1xx_HAL_Driver/Src/stm32f1xx_hal_i2c.o
 .debug_info    0x0000969c     0x16dc ./Drivers/STM32F1xx_HAL_Driver/Src/stm32f1xx_hal_pcd.o
 .debug_info    0x0000ad78      0x6c3 ./Drivers/STM32F1xx_HAL_Driver/Src/stm32f1xx_hal_pcd_ex.o
 .debug_info    0x0000b43b      0x628 ./Drivers/STM32F1xx_HAL_Driver/Src/stm32f1xx_hal_pwr.o
 .debug_info    0x0000ba63      0x7d5 ./Drivers/STM32F1xx_HAL_Driver/Src/stm32f1xx_hal_rcc.o
 .debug_info    0x0000c238      0x3c0 ./Drivers/STM32F1xx_HAL_Driver/Src/stm32f1xx_hal_rcc_ex.o
 .debug_info    0x0000c5f8      0xc73 ./Drivers/STM32F1xx_HAL_Driver/Src/stm32f1xx_hal_rtc.o
 .debug_info    0x0000d26b     0x142d ./Drivers/STM32F1xx_HAL_Driver/Src/stm32f1xx_hal_spi.o
 .debug_info    0x0000e698     0x17ae ./Drivers/STM32F1xx_HAL_Driver/Src/stm32f1xx_ll_usb.o
 .debug_info    0x0000fe46     0x1043 ./Middlewares/ST/STM32_USB_Device_Library/Class/CDC/Src/usbd_cdc.o
 .debug_info    0x00010e89      0xa52 ./Middlewares/ST/STM32_USB_Device_Library/Core/Src/usbd_core.o
 .debug_info    0x000118db      0x91c ./Middlewares/ST/STM32_USB_Device_Library/Core/Src/usbd_ctlreq.o
 .debug_info    0x000121f7      0x6a0 ./Middlewares/ST/STM32_USB_Device_Library/Core/Src/usbd_ioreq.o
 .debug_info    0x00012897      0x63d ./USB_DEVICE/App/usb_device.o
 .debug_info    0x00012ed4      0x814 ./USB_DEVICE/App/usbd_cdc_if.o
 .debug_info    0x000136e8      0x44a ./USB_DEVICE/App/usbd_desc.o
 .debug_info    0x00013b32     0x1864 ./USB_DEVICE/Target/usbd_conf.o

.debug_abbrev   0x00000000     0x3d02
 .debug_abbrev  0x00000000      0x1dc ./Core/Src/ad5328.o
 .debug_abbrev  0x000001dc      0x1f4 ./Core/Src/ads1115.o
 .debug_abbrev  0x000003d0      0x308 ./Core/Src/main.o
 .debug_abbrev  0x000006d8      0x21e ./Core/Src/mixer_cdc.o
 .debug_abbrev  0x000008f6      0x225 ./Core/Src/stm32f1xx_hal_msp.o
 .debug_abbrev  0x00000b1b      0x1bc ./Core/Src/stm32f1xx_it.o
 .debug_abbrev  0x00000cd7      0x13f ./Core/Src/system_stm32f1xx.o
 .debug_abbrev  0x00000e16       0x24 ./Core/Startup/startup_stm32f103c8tx.o
 .debug_abbrev  0x00000e3a      0x201 ./Drivers/STM32F1xx_HAL_Driver/Src/stm32f1xx_hal.o
 .debug_abbrev  0x0000103b      0x2f8 ./Drivers/STM32F1xx_HAL_Driver/Src/stm32f1xx_hal_cortex.o
 .debug_abbrev  0x00001333      0x20b ./Drivers/STM32F1xx_HAL_Driver/Src/stm32f1xx_hal_dma.o
 .debug_abbrev  0x0000153e      0x1ca ./Drivers/STM32F1xx_HAL_Driver/Src/stm32f1xx_hal_gpio.o
 .debug_abbrev  0x00001708      0x2a3 ./Drivers/STM32F1xx_HAL_Driver/Src/stm32f1xx_hal_i2c.o
 .debug_abbrev  0x000019ab      0x2d6 ./Drivers/STM32F1xx_HAL_Driver/Src/stm32f1xx_hal_pcd.o
 .debug_abbrev  0x00001c81      0x189 ./Drivers/STM32F1xx_HAL_Driver/Src/stm32f1xx_hal_pcd_ex.o
 .debug_abbrev  0x00001e0a      0x1f6 ./Drivers/STM32F1xx_HAL_Driver/Src/stm32f1xx_hal_pwr.o
 .debug_abbrev  0x00002000      0x2b3 ./Drivers/STM32F1xx_HAL_Driver/Src/stm32f1xx_hal_rcc.o
 .debug_abbrev  0x000022b3      0x188 ./Drivers/STM32F1xx_HAL_Driver/Src/stm32f1xx_hal_rcc_ex.o
 .debug_abbrev  0x0000243b      0x23a ./Drivers/STM32F1xx_HAL_Driver/Src/stm32f1xx_hal_rtc.o
 .debug_abbrev  0x00002675      0x27a ./Drivers/STM32F1xx_HAL_Driver/Src/stm32f1xx_hal_spi.o
 .debug_abbrev  0x000028ef      0x1de ./Drivers/STM32F1xx_HAL_Driver/Src/stm32f1xx_ll_usb.o
 .debug_abbrev  0x00002acd      0x2d3 ./Middlewares/ST/STM32_USB_Device_Library/Class/CDC/Src/usbd_cdc.o
 .debug_abbrev  0x00002da0      0x24a ./Middlewares/ST/STM32_USB_Device_Library/Core/Src/usbd_core.o
 .debug_abbrev  0x00002fea      0x26b ./Middlewares/ST/STM32_USB_Device_Library/Core/Src/usbd_ctlreq.o
 .debug_abbrev  0x00003255      0x192 ./Middlewares/ST/STM32_USB_Device_Library/Core/Src/usbd_ioreq.o
 .debug_abbrev  0x000033e7      0x18d ./USB_DEVICE/App/usb_device.o
 .debug_abbrev  0x00003574      0x279 ./USB_DEVICE/App/usbd_cdc_if.o
 .debug_abbrev  0x000037ed      0x1ff ./USB_DEVICE/App/usbd_desc.o
 .debug_abbrev  0x000039ec      0x316 ./USB_DEVICE/Target/usbd_conf.o

.debug_aranges  0x00000000     0x1340
 .debug_aranges
                0x00000000       0x80 ./Core/Src/ad5328.o
 .debug_aranges
                0x00000080       0x58 ./Core/Src/ads1115.o
 .debug_aranges
                0x000000d8       0xe0 ./Core/Src/main.o
 .debug_aranges
                0x000001b8       0x80 ./Core/Src/mixer_cdc.o
 .debug_aranges
                0x00000238       0x50 ./Core/Src/stm32f1xx_hal_msp.o
 .debug_aranges
                0x00000288       0x70 ./Core/Src/stm32f1xx_it.o
 .debug_aranges
                0x000002f8       0x28 ./Core/Src/system_stm32f1xx.o
 .debug_aranges
                0x00000320       0x28 ./Core/Startup/startup_stm32f103c8tx.o
 .debug_aranges
                0x00000348       0xe0 ./Drivers/STM32F1xx_HAL_Driver/Src/stm32f1xx_hal.o
 .debug_aranges
                0x00000428      0x100 ./Drivers/STM32F1xx_HAL_Driver/Src/stm32f1xx_hal_cortex.o
 .debug_aranges
                0x00000528       0x80 ./Drivers/STM32F1xx_HAL_Driver/Src/stm32f1xx_hal_dma.o
 .debug_aranges
                0x000005a8       0x58 ./Drivers/STM32F1xx_HAL_Driver/Src/stm32f1xx_hal_gpio.o
 .debug_aranges
                0x00000600      0x2a8 ./Drivers/STM32F1xx_HAL_Driver/Src/stm32f1xx_hal_i2c.o
 .debug_aranges
                0x000008a8      0x140 ./Drivers/STM32F1xx_HAL_Driver/Src/stm32f1xx_hal_pcd.o
 .debug_aranges
                0x000009e8       0x38 ./Drivers/STM32F1xx_HAL_Driver/Src/stm32f1xx_hal_pcd_ex.o
 .debug_aranges
                0x00000a20       0xa8 ./Drivers/STM32F1xx_HAL_Driver/Src/stm32f1xx_hal_pwr.o
 .debug_aranges
                0x00000ac8       0x90 ./Drivers/STM32F1xx_HAL_Driver/Src/stm32f1xx_hal_rcc.o
 .debug_aranges
                0x00000b58       0x30 ./Drivers/STM32F1xx_HAL_Driver/Src/stm32f1xx_hal_rcc_ex.o
 .debug_aranges
                0x00000b88       0xf8 ./Drivers/STM32F1xx_HAL_Driver/Src/stm32f1xx_hal_rtc.o
 .debug_aranges
                0x00000c80      0x1d0 ./Drivers/STM32F1xx_HAL_Driver/Src/stm32f1xx_hal_spi.o
 .debug_aranges
                0x00000e50       0xf8 ./Drivers/STM32F1xx_HAL_Driver/Src/stm32f1xx_ll_usb.o
 .debug_aranges
                0x00000f48       0x90 ./Middlewares/ST/STM32_USB_Device_Library/Class/CDC/Src/usbd_cdc.o
 .debug_aranges
                0x00000fd8       0xb8 ./Middlewares/ST/STM32_USB_Device_Library/Core/Src/usbd_core.o
 .debug_aranges
                0x00001090       0x88 ./Middlewares/ST/STM32_USB_Device_Library/Core/Src/usbd_ctlreq.o
 .debug_aranges
                0x00001118       0x50 ./Middlewares/ST/STM32_USB_Device_Library/Core/Src/usbd_ioreq.o
 .debug_aranges
                0x00001168       0x20 ./USB_DEVICE/App/usb_device.o
 .debug_aranges
                0x00001188       0x40 ./USB_DEVICE/App/usbd_cdc_if.o
 .debug_aranges
                0x000011c8       0x60 ./USB_DEVICE/App/usbd_desc.o
 .debug_aranges
                0x00001228      0x118 ./USB_DEVICE/Target/usbd_conf.o

.debug_rnglists
                0x00000000      0xe93
 .debug_rnglists
                0x00000000       0x5d ./Core/Src/ad5328.o
 .debug_rnglists
                0x0000005d       0x3f ./Core/Src/ads1115.o
 .debug_rnglists
                0x0000009c       0xaf ./Core/Src/main.o
 .debug_rnglists
                0x0000014b       0x62 ./Core/Src/mixer_cdc.o
 .debug_rnglists
                0x000001ad       0x38 ./Core/Src/stm32f1xx_hal_msp.o
 .debug_rnglists
                0x000001e5       0x4f ./Core/Src/stm32f1xx_it.o
 .debug_rnglists
                0x00000234       0x1a ./Core/Src/system_stm32f1xx.o
 .debug_rnglists
                0x0000024e       0x19 ./Core/Startup/startup_stm32f103c8tx.o
 .debug_rnglists
                0x00000267       0xa3 ./Drivers/STM32F1xx_HAL_Driver/Src/stm32f1xx_hal.o
 .debug_rnglists
                0x0000030a       0xbb ./Drivers/STM32F1xx_HAL_Driver/Src/stm32f1xx_hal_cortex.o
 .debug_rnglists
                0x000003c5       0x64 ./Drivers/STM32F1xx_HAL_Driver/Src/stm32f1xx_hal_dma.o
 .debug_rnglists
                0x00000429       0x3f ./Drivers/STM32F1xx_HAL_Driver/Src/stm32f1xx_hal_gpio.o
 .debug_rnglists
                0x00000468      0x23c ./Drivers/STM32F1xx_HAL_Driver/Src/stm32f1xx_hal_i2c.o
 .debug_rnglists
                0x000006a4       0xf4 ./Drivers/STM32F1xx_HAL_Driver/Src/stm32f1xx_hal_pcd.o
 .debug_rnglists
                0x00000798       0x26 ./Drivers/STM32F1xx_HAL_Driver/Src/stm32f1xx_hal_pcd_ex.o
 .debug_rnglists
                0x000007be       0x7a ./Drivers/STM32F1xx_HAL_Driver/Src/stm32f1xx_hal_pwr.o
 .debug_rnglists
                0x00000838       0x6c ./Drivers/STM32F1xx_HAL_Driver/Src/stm32f1xx_hal_rcc.o
 .debug_rnglists
                0x000008a4       0x21 ./Drivers/STM32F1xx_HAL_Driver/Src/stm32f1xx_hal_rcc_ex.o
 .debug_rnglists
                0x000008c5       0xc1 ./Drivers/STM32F1xx_HAL_Driver/Src/stm32f1xx_hal_rtc.o
 .debug_rnglists
                0x00000986      0x16e ./Drivers/STM32F1xx_HAL_Driver/Src/stm32f1xx_hal_spi.o
 .debug_rnglists
                0x00000af4       0xbd ./Drivers/STM32F1xx_HAL_Driver/Src/stm32f1xx_ll_usb.o
 .debug_rnglists
                0x00000bb1       0x6a ./Middlewares/ST/STM32_USB_Device_Library/Class/CDC/Src/usbd_cdc.o
 .debug_rnglists
                0x00000c1b       0x89 ./Middlewares/ST/STM32_USB_Device_Library/Core/Src/usbd_core.o
 .debug_rnglists
                0x00000ca4       0x68 ./Middlewares/ST/STM32_USB_Device_Library/Core/Src/usbd_ctlreq.o
 .debug_rnglists
                0x00000d0c       0x37 ./Middlewares/ST/STM32_USB_Device_Library/Core/Src/usbd_ioreq.o
 .debug_rnglists
                0x00000d43       0x13 ./USB_DEVICE/App/usb_device.o
 .debug_rnglists
                0x00000d56       0x2c ./USB_DEVICE/App/usbd_cdc_if.o
 .debug_rnglists
                0x00000d82       0x43 ./USB_DEVICE/App/usbd_desc.o
 .debug_rnglists
                0x00000dc5       0xce ./USB_DEVICE/Target/usbd_conf.o

.debug_macro    0x00000000    0x1bbfb
 .debug_macro   0x00000000      0x1ff ./Core/Src/ad5328.o
 .debug_macro   0x000001ff      0xacc ./Core/Src/ad5328.o
 .debug_macro   0x00000ccb      0x22d ./Core/Src/ad5328.o
 .debug_macro   0x00000ef8       0x2e ./Core/Src/ad5328.o
 .debug_macro   0x00000f26       0x22 ./Core/Src/ad5328.o
 .debug_macro   0x00000f48       0x22 ./Core/Src/ad5328.o
 .debug_macro   0x00000f6a       0x8e ./Core/Src/ad5328.o
 .debug_macro   0x00000ff8       0x51 ./Core/Src/ad5328.o
 .debug_macro   0x00001049      0x103 ./Core/Src/ad5328.o
 .debug_macro   0x0000114c       0x6a ./Core/Src/ad5328.o
 .debug_macro   0x000011b6      0x1df ./Core/Src/ad5328.o
 .debug_macro   0x00001395       0x1c ./Core/Src/ad5328.o
 .debug_macro   0x000013b1       0x22 ./Core/Src/ad5328.o
 .debug_macro   0x000013d3       0xbd ./Core/Src/ad5328.o
 .debug_macro   0x00001490      0xd23 ./Core/Src/ad5328.o
 .debug_macro   0x000021b3     0xe09e ./Core/Src/ad5328.o
 .debug_macro   0x00010251       0x6d ./Core/Src/ad5328.o
 .debug_macro   0x000102be     0x34a2 ./Core/Src/ad5328.o
 .debug_macro   0x00013760      0x190 ./Core/Src/ad5328.o
 .debug_macro   0x000138f0       0x5c ./Core/Src/ad5328.o
 .debug_macro   0x0001394c      0x5bc ./Core/Src/ad5328.o
 .debug_macro   0x00013f08      0x289 ./Core/Src/ad5328.o
 .debug_macro   0x00014191      0x1cb ./Core/Src/ad5328.o
 .debug_macro   0x0001435c      0x114 ./Core/Src/ad5328.o
 .debug_macro   0x00014470      0x1b2 ./Core/Src/ad5328.o
 .debug_macro   0x00014622       0x27 ./Core/Src/ad5328.o
 .debug_macro   0x00014649      0x136 ./Core/Src/ad5328.o
 .debug_macro   0x0001477f      0x1bc ./Core/Src/ad5328.o
 .debug_macro   0x0001493b       0x34 ./Core/Src/ad5328.o
 .debug_macro   0x0001496f       0x3c ./Core/Src/ad5328.o
 .debug_macro   0x000149ab       0x57 ./Core/Src/ad5328.o
 .debug_macro   0x00014a02       0x87 ./Core/Src/ad5328.o
 .debug_macro   0x00014a89      0x240 ./Core/Src/ad5328.o
 .debug_macro   0x00014cc9      0x287 ./Core/Src/ad5328.o
 .debug_macro   0x00014f50      0x140 ./Core/Src/ad5328.o
 .debug_macro   0x00015090      0x1ef ./Core/Src/ad5328.o
 .debug_macro   0x0001527f       0xeb ./Core/Src/ad5328.o
 .debug_macro   0x0001536a      0x217 ./Core/Src/ad5328.o
 .debug_macro   0x00015581      0x8e7 ./Core/Src/ad5328.o
 .debug_macro   0x00015e68       0xb7 ./Core/Src/ad5328.o
 .debug_macro   0x00015f1f      0x242 ./Core/Src/ad5328.o
 .debug_macro   0x00016161       0x83 ./Core/Src/ad5328.o
 .debug_macro   0x000161e4      0x1fe ./Core/Src/ads1115.o
 .debug_macro   0x000163e2       0x22 ./Core/Src/ads1115.o
 .debug_macro   0x00016404      0x3f6 ./Core/Src/main.o
 .debug_macro   0x000167fa      0x106 ./Core/Src/main.o
 .debug_macro   0x00016900       0x61 ./Core/Src/main.o
 .debug_macro   0x00016961       0x24 ./Core/Src/main.o
 .debug_macro   0x00016985       0x43 ./Core/Src/main.o
 .debug_macro   0x000169c8       0x34 ./Core/Src/main.o
 .debug_macro   0x000169fc       0x16 ./Core/Src/main.o
 .debug_macro   0x00016a12       0x3c ./Core/Src/main.o
 .debug_macro   0x00016a4e      0x370 ./Core/Src/main.o
 .debug_macro   0x00016dbe       0x10 ./Core/Src/main.o
 .debug_macro   0x00016dce       0x16 ./Core/Src/main.o
 .debug_macro   0x00016de4       0x4a ./Core/Src/main.o
 .debug_macro   0x00016e2e       0x34 ./Core/Src/main.o
 .debug_macro   0x00016e62       0x10 ./Core/Src/main.o
 .debug_macro   0x00016e72       0x58 ./Core/Src/main.o
 .debug_macro   0x00016eca       0x8e ./Core/Src/main.o
 .debug_macro   0x00016f58       0x1c ./Core/Src/main.o
 .debug_macro   0x00016f74      0x185 ./Core/Src/main.o
 .debug_macro   0x000170f9       0x16 ./Core/Src/main.o
 .debug_macro   0x0001710f       0x16 ./Core/Src/main.o
 .debug_macro   0x00017125      0x146 ./Core/Src/main.o
 .debug_macro   0x0001726b       0x16 ./Core/Src/main.o
 .debug_macro   0x00017281       0x16 ./Core/Src/main.o
 .debug_macro   0x00017297       0x29 ./Core/Src/main.o
 .debug_macro   0x000172c0       0x16 ./Core/Src/main.o
 .debug_macro   0x000172d6       0x20 ./Core/Src/main.o
 .debug_macro   0x000172f6       0x5f ./Core/Src/main.o
 .debug_macro   0x00017355      0x1c8 ./Core/Src/main.o
 .debug_macro   0x0001751d       0x28 ./Core/Src/main.o
 .debug_macro   0x00017545       0x10 ./Core/Src/main.o
 .debug_macro   0x00017555      0x3c0 ./Core/Src/mixer_cdc.o
 .debug_macro   0x00017915       0x9e ./Core/Src/mixer_cdc.o
 .debug_macro   0x000179b3      0x112 ./Core/Src/mixer_cdc.o
 .debug_macro   0x00017ac5       0x56 ./Core/Src/mixer_cdc.o