../Core/Src/main.c:183:5:main	24	static
../Core/Src/main.c:502:6:ITV_PressureControl	32	static
../Core/Src/main.c:635:6:HAL_SPI_RxCpltCallback	16	static
../Core/Src/main.c:652:6:HAL_SPI_ErrorCallback	24	static
../Core/Src/main.c:675:6:Motherboard_ProcessCommand	16	static
../Core/Src/main.c:772:6:SystemClock_Config	88	static
../Core/Src/main.c:847:13:MX_I2C1_Init	8	static
../Core/Src/main.c:879:13:MX_RTC_Init	16	static
../Core/Src/main.c:923:13:MX_SPI1_Init	8	static
../Core/Src/main.c:955:13:MX_SPI2_Init	8	static
../Core/Src/main.c:983:13:MX_GPIO_Init	40	static
../Core/Src/main.c:1055:6:carriage_move_frw	16	static
../Core/Src/main.c:1071:6:carriage_move_rev	8	static
../Core/Src/main.c:1082:6:carriage_stop	8	static
../Core/Src/main.c:1097:6:Error_Handler	4	static,ignoring_inline_asm
