../Core/Src/main.c:183:5:main	27
../Core/Src/main.c:502:6:ITV_PressureControl	16
../Core/Src/main.c:635:6:HAL_SPI_RxCpltCallback	2
../Core/Src/main.c:652:6:HAL_SPI_ErrorCallback	2
../Core/Src/main.c:675:6:Motherboard_ProcessCommand	13
../Core/Src/main.c:772:6:SystemClock_Config	4
../Core/Src/main.c:847:13:MX_I2C1_Init	2
../Core/Src/main.c:879:13:MX_RTC_Init	4
../Core/Src/main.c:923:13:MX_SPI1_Init	2
../Core/Src/main.c:955:13:MX_SPI2_Init	2
../Core/Src/main.c:983:13:MX_GPIO_Init	1
../Core/Src/main.c:1055:6:carriage_move_frw	2
../Core/Src/main.c:1071:6:carriage_move_rev	1
../Core/Src/main.c:1082:6:carriage_stop	1
../Core/Src/main.c:1097:6:Error_Handler	1
