../Core/Src/main.c:220:5:main	36
../Core/Src/main.c:564:6:ITV_PressureControl	15
../Core/Src/main.c:652:13:Motherboard_UpdatePressureTarget	3
../Core/Src/main.c:671:13:Motherboard_UpdatePressureReady	7
../Core/Src/main.c:705:13:Motherboard_ProcessCDCCommands	28
../Core/Src/main.c:823:13:Motherboard_SetAir	4
../Core/Src/main.c:853:13:Motherboard_SafeAirOff	1
../Core/Src/main.c:874:13:Motherboard_SafeStop	1
../Core/Src/main.c:893:13:Motherboard_CDCSafetyTick	5
../Core/Src/main.c:907:13:Motherboard_CDCBurstDetection	10
../Core/Src/main.c:952:13:Motherboard_SendCDCTelemetry	10
../Core/Src/main.c:1002:13:Motherboard_ResetBurstDetector	2
../Core/Src/main.c:1020:6:HAL_SPI_RxCpltCallback	2
../Core/Src/main.c:1037:6:HAL_SPI_ErrorCallback	2
../Core/Src/main.c:1060:6:Motherboard_ProcessCommand	15
../Core/Src/main.c:1155:6:SystemClock_Config	4
../Core/Src/main.c:1230:13:MX_I2C1_Init	2
../Core/Src/main.c:1262:13:MX_RTC_Init	4
../Core/Src/main.c:1306:13:MX_SPI1_Init	2
../Core/Src/main.c:1338:13:MX_SPI2_Init	2
../Core/Src/main.c:1366:13:MX_GPIO_Init	1
../Core/Src/main.c:1438:6:carriage_move_frw	2
../Core/Src/main.c:1454:6:carriage_move_rev	1
../Core/Src/main.c:1465:6:carriage_stop	1
../Core/Src/main.c:1480:6:Error_Handler	1
