../Core/Src/mixer_cdc.c:35:6:MixerCDC_ReceiveFromISR	24	static
../Core/Src/mixer_cdc.c:59:6:MixerCDC_Process	16	static
../Core/Src/mixer_cdc.c:101:9:MixerCDC_PopCommand	16	static
../Core/Src/mixer_cdc.c:113:9:MixerCDC_SendTelemetry	24	static
../Core/Src/mixer_cdc.c:172:9:MixerCDC_SendProtocolInfo	8	static
../Core/Src/mixer_cdc.c:178:13:MixerCDC_ParseLine	48	static
../Core/Src/mixer_cdc.c:288:13:MixerCDC_PushCommand	24	static
../Core/Src/mixer_cdc.c:302:17:MixerCDC_VoltageToMillivolts	16	static
../Core/Src/mixer_cdc.c:317:16:MixerCDC_ParseVoltage	40	static
../Core/Src/mixer_cdc.c:360:16:MixerCDC_ParseUnsigned	24	static
../Core/Src/mixer_cdc.c:386:17:MixerCDC_AppendText	24	static
../Core/Src/mixer_cdc.c:395:17:MixerCDC_AppendUnsigned	40	static
../Core/Src/mixer_cdc.c:415:17:MixerCDC_AppendVoltage	32	static
