2026-07-15 09:59:30,393 [INFO] Activator:176 - 


2026-07-15 09:59:30,398 [INFO] Activator:177 - !SESSION log4j initialized
2026-07-15 09:59:36,143 [INFO] LogOutputStream:77 - [STDOUT_REDIRECT] 
2026-07-15 09:59:38,519 [INFO] ApplicationProperties:184 - Using Application install path: C:\ST\STM32CubeIDE_1.13.0\STM32CubeIDE\plugins\com.st.stm32cube.common.mx_6.15.0.202507011659
2026-07-15 09:59:38,536 [INFO] DbMcusXml:78 - Set database path to: C:\ST\STM32CubeIDE_1.13.0\STM32CubeIDE\plugins\com.st.stm32cube.common.mx_6.15.0.202507011659\\db\/mcu/
2026-07-15 09:59:38,538 [INFO] ApiDb:274 - Set plugin database path to: C:\ST\STM32CubeIDE_1.13.0\STM32CubeIDE\plugins\com.st.stm32cube.common.mx_6.15.0.202507011659\\db\/plugins/boardmanager/
2026-07-15 09:59:38,538 [WARN] ApiDb:259 - Overriding images path with different value:  => C:\ST\STM32CubeIDE_1.13.0\STM32CubeIDE\plugins\com.st.stm32cube.common.mx_6.15.0.202507011659\\db\/plugins/mcufinder/images/
2026-07-15 09:59:38,547 [INFO] ApiDb:250 - Set database path to: C:\Users\Евгений\.stmcufinder\plugins\mcufinder//mcu/
2026-07-15 09:59:38,547 [INFO] DbMcusAds:125 - Set database path to: C:\Users\Евгений\.stmcufinder\plugins\mcufinder//mcu/
2026-07-15 09:59:38,550 [INFO] CrossReferenceDbSqlite:203 - Set database path to: C:\Users\Евгений\.stmcufinder\plugins\mcufinder//mcu/cs/
2026-07-15 09:59:38,653 [INFO] RulesReader:64 - Compatibility file has been processed (317 Rules)
2026-07-15 09:59:38,733 [INFO] DbMcusXml:78 - Set database path to: C:\ST\STM32CubeIDE_1.13.0\STM32CubeIDE\plugins\com.st.stm32cube.common.mx_6.15.0.202507011659\\db\/mcu/
2026-07-15 09:59:38,733 [INFO] ApiDb:274 - Set plugin database path to: C:\ST\STM32CubeIDE_1.13.0\STM32CubeIDE\plugins\com.st.stm32cube.common.mx_6.15.0.202507011659\\db\/plugins/boardmanager/
2026-07-15 09:59:38,733 [INFO] ApiDb:261 - Set plugin images path to: C:\ST\STM32CubeIDE_1.13.0\STM32CubeIDE\plugins\com.st.stm32cube.common.mx_6.15.0.202507011659\\db\/plugins/mcufinder/images/
2026-07-15 09:59:38,733 [WARN] DbFile:41 - Overriding database path with different value: C:\Users\Евгений\.stmcufinder\plugins\mcufinder/ => C:\Users\Евгений\.stmcufinder\plugins\mcufinder
2026-07-15 09:59:38,733 [INFO] ApiDb:250 - Set database path to: C:\Users\Евгений\.stmcufinder\plugins\mcufinder//mcu/
2026-07-15 09:59:38,733 [WARN] DbFile:41 - Overriding database path with different value: C:\Users\Евгений\.stmcufinder\plugins\mcufinder/ => C:\Users\Евгений\.stmcufinder\plugins\mcufinder
2026-07-15 09:59:38,734 [INFO] DbMcusAds:125 - Set database path to: C:\Users\Евгений\.stmcufinder\plugins\mcufinder//mcu/
2026-07-15 09:59:38,734 [WARN] DbFile:41 - Overriding database path with different value: C:\Users\Евгений\.stmcufinder\plugins\mcufinder/ => C:\Users\Евгений\.stmcufinder\plugins\mcufinder
2026-07-15 09:59:38,734 [WARN] DbFile:41 - Overriding database path with different value: C:\Users\Евгений\.stmcufinder\plugins\mcufinder/ => C:\Users\Евгений\.stmcufinder\plugins\mcufinder
2026-07-15 09:59:38,734 [INFO] CrossReferenceDbSqlite:203 - Set database path to: C:\Users\Евгений\.stmcufinder\plugins\mcufinder//mcu/cs/
2026-07-15 09:59:38,821 [INFO] MainPanel:274 - HeapMemory: 268435456
2026-07-15 09:59:38,962 [INFO] DbMcusXml:78 - Set database path to: C:\ST\STM32CubeIDE_1.13.0\STM32CubeIDE\plugins\com.st.stm32cube.common.mx_6.15.0.202507011659\\db\/mcu/
2026-07-15 09:59:38,963 [INFO] ApiDb:274 - Set plugin database path to: C:\ST\STM32CubeIDE_1.13.0\STM32CubeIDE\plugins\com.st.stm32cube.common.mx_6.15.0.202507011659\\db\/plugins/boardmanager/
2026-07-15 09:59:38,963 [INFO] ApiDb:261 - Set plugin images path to: C:\ST\STM32CubeIDE_1.13.0\STM32CubeIDE\plugins\com.st.stm32cube.common.mx_6.15.0.202507011659\\db\/plugins/mcufinder/images/
2026-07-15 09:59:38,963 [WARN] DbFile:41 - Overriding database path with different value: C:\Users\Евгений\.stmcufinder\plugins\mcufinder/ => C:\Users\Евгений\.stmcufinder\plugins\mcufinder
2026-07-15 09:59:38,963 [INFO] ApiDb:250 - Set database path to: C:\Users\Евгений\.stmcufinder\plugins\mcufinder//mcu/
2026-07-15 09:59:38,963 [WARN] DbFile:41 - Overriding database path with different value: C:\Users\Евгений\.stmcufinder\plugins\mcufinder/ => C:\Users\Евгений\.stmcufinder\plugins\mcufinder
2026-07-15 09:59:38,963 [INFO] DbMcusAds:125 - Set database path to: C:\Users\Евгений\.stmcufinder\plugins\mcufinder//mcu/
2026-07-15 09:59:38,963 [WARN] DbFile:41 - Overriding database path with different value: C:\Users\Евгений\.stmcufinder\plugins\mcufinder/ => C:\Users\Евгений\.stmcufinder\plugins\mcufinder
2026-07-15 09:59:38,964 [WARN] DbFile:41 - Overriding database path with different value: C:\Users\Евгений\.stmcufinder\plugins\mcufinder/ => C:\Users\Евгений\.stmcufinder\plugins\mcufinder
2026-07-15 09:59:38,964 [INFO] CrossReferenceDbSqlite:203 - Set database path to: C:\Users\Евгений\.stmcufinder\plugins\mcufinder//mcu/cs/
2026-07-15 09:59:38,984 [INFO] ApplicationProperties:184 - Using Application install path: C:\ST\STM32CubeIDE_1.13.0\STM32CubeIDE\plugins\com.st.stm32cube.common.mx_6.15.0.202507011659
2026-07-15 09:59:38,985 [INFO] PluginManage:196 - Search for loadable plugins [exclusion list=, ]
2026-07-15 09:59:38,987 [INFO] PluginManage:310 - Check plugin analytics
2026-07-15 09:59:39,207 [INFO] AnalyticsPlugin:253 - Accepted Software Licenses: STM32CubeMX.6.9.0,STM32CubeMX.6.6.1,STM32CubeMX.6.10.0,STM32CubeMX.6.17.0
2026-07-15 09:59:39,207 [INFO] AnalyticsPlugin:255 - Accepted CMSIS Pack Licenses: 
2026-07-15 09:59:39,209 [INFO] AnalyticsPlugin:257 - Accepted Firmware Licenses: FW.F4.1.28.0
2026-07-15 09:59:39,210 [INFO] PluginManage:359 - Loaded plugin analytics (category:tool,tabindex:-1)
2026-07-15 09:59:39,210 [INFO] PluginManage:310 - Check plugin cadmodel
2026-07-15 09:59:39,218 [INFO] CADModel:105 - Init CAD model plugin
2026-07-15 09:59:39,218 [INFO] PluginManage:359 - Loaded plugin cadmodel (category:power,tabindex:5)
2026-07-15 09:59:39,218 [INFO] PluginManage:310 - Check plugin clock
2026-07-15 09:59:39,229 [INFO] PluginManage:359 - Loaded plugin clock (category:base,tabindex:2)
2026-07-15 09:59:39,230 [INFO] PluginManage:310 - Check plugin ddr
2026-07-15 09:59:39,233 [INFO] PluginManage:359 - Loaded plugin ddr (category:tool,tabindex:6)
2026-07-15 09:59:39,233 [INFO] PluginManage:310 - Check plugin filemanager
2026-07-15 09:59:39,377 [INFO] PluginManage:359 - Loaded plugin filemanager (category:base,tabindex:10)
2026-07-15 09:59:39,377 [INFO] PluginManage:310 - Check plugin ipmanager
2026-07-15 09:59:39,386 [INFO] PluginManage:359 - Loaded plugin ipmanager (category:base,tabindex:5)
2026-07-15 09:59:39,386 [INFO] PluginManage:310 - Check plugin lpbam
2026-07-15 09:59:39,394 [INFO] PluginManage:359 - Loaded plugin lpbam (category:base,tabindex:0)
2026-07-15 09:59:39,394 [INFO] PluginManage:310 - Check plugin memorymap
2026-07-15 09:59:39,407 [INFO] PluginManage:359 - Loaded plugin memorymap (category:base,tabindex:4)
2026-07-15 09:59:39,407 [INFO] PluginManage:310 - Check plugin pinoutandconfiguration
2026-07-15 09:59:39,417 [INFO] PluginManage:359 - Loaded plugin pinoutandconfiguration (category:base,tabindex:1)
2026-07-15 09:59:39,417 [INFO] PluginManage:310 - Check plugin pinoutconfig
2026-07-15 09:59:39,510 [WARN] SupportedApi:132 - Cannot load RTOS API schema: s4s-elt-must-match.1: The content of 'definitions' must match (annotation?, (simpleType | complexType)?, (unique | key | keyref)*)). A problem was found starting at: attribute.
2026-07-15 09:59:39,665 [INFO] PluginManage:359 - Loaded plugin pinoutconfig (category:base,tabindex:0)
2026-07-15 09:59:39,665 [INFO] PluginManage:310 - Check plugin power
2026-07-15 09:59:39,678 [INFO] PluginManage:359 - Loaded plugin power (category:power,tabindex:4)
2026-07-15 09:59:39,678 [INFO] PluginManage:310 - Check plugin projectmanager
2026-07-15 09:59:39,698 [INFO] PluginManage:359 - Loaded plugin projectmanager (category:projectmanager,tabindex:4)
2026-07-15 09:59:39,700 [INFO] PluginManage:310 - Check plugin rif
2026-07-15 09:59:39,709 [INFO] PluginManage:359 - Loaded plugin rif (category:base,tabindex:3)
2026-07-15 09:59:39,710 [INFO] PluginManage:310 - Check plugin thirdparty
2026-07-15 09:59:39,874 [INFO] PluginManage:359 - Loaded plugin thirdparty (category:base,tabindex:-1)
2026-07-15 09:59:39,874 [WARN] IntegrityCheckThread:84 - waiting for thirdparty lock release [integrity check]
2026-07-15 09:59:39,874 [INFO] PluginManage:310 - Check plugin tools
2026-07-15 09:59:39,874 [INFO] IntegrityCheckThread:86 - entering critical section [integrity check]
2026-07-15 09:59:39,874 [INFO] ThirdPartyUpdaterWithRetryManager:70 - Updater plugin not ready yet. [1/15]
2026-07-15 09:59:39,875 [INFO] PluginManage:359 - Loaded plugin tools (category:base,tabindex:7)
2026-07-15 09:59:39,877 [INFO] PluginManage:310 - Check plugin tutovideos
2026-07-15 09:59:40,059 [INFO] PluginManage:359 - Loaded plugin tutovideos (category:base,tabindex:-1)
2026-07-15 09:59:40,060 [INFO] PluginManage:310 - Check plugin updater
2026-07-15 09:59:40,079 [INFO] PluginManage:359 - Loaded plugin updater (category:base,tabindex:12)
2026-07-15 09:59:40,079 [INFO] PluginManage:310 - Check plugin userauth
2026-07-15 09:59:40,083 [INFO] UserAuth:118 - Init User Auth plugin
2026-07-15 09:59:40,084 [INFO] PluginManage:359 - Loaded plugin userauth (category:base,tabindex:14)
2026-07-15 09:59:40,084 [INFO] PluginManage:283 - PluginManage : Loaded plugins [18]
2026-07-15 09:59:40,276 [INFO] PinOutPanel:1589 - setPackage(No Configuration,No Configuration)
2026-07-15 09:59:40,348 [INFO] CADModel:165 - CPN selected for project level
2026-07-15 09:59:40,348 [INFO] CADModel:114 - Register for checkConnection events
2026-07-15 09:59:40,364 [INFO] IPUIPlugin:80 - create IPUIPlugin
2026-07-15 09:59:40,364 [INFO] PluginManager:220 - loadIPPluginJar : add adc
2026-07-15 09:59:40,366 [INFO] IPUIPlugin:80 - create IPUIPlugin
2026-07-15 09:59:40,366 [INFO] PluginManager:220 - loadIPPluginJar : add aes
2026-07-15 09:59:40,369 [INFO] IPUIPlugin:80 - create IPUIPlugin
2026-07-15 09:59:40,369 [INFO] PluginManager:220 - loadIPPluginJar : add can
2026-07-15 09:59:40,371 [INFO] IPUIPlugin:80 - create IPUIPlugin
2026-07-15 09:59:40,371 [INFO] PluginManager:220 - loadIPPluginJar : add comp
2026-07-15 09:59:40,373 [INFO] IPUIPlugin:80 - create IPUIPlugin
2026-07-15 09:59:40,373 [INFO] PluginManager:220 - loadIPPluginJar : add cryp
2026-07-15 09:59:40,376 [INFO] IPUIPlugin:80 - create IPUIPlugin
2026-07-15 09:59:40,376 [INFO] PluginManager:220 - loadIPPluginJar : add ddr_ctrl_phy
2026-07-15 09:59:40,378 [INFO] IPUIPlugin:80 - create IPUIPlugin
2026-07-15 09:59:40,378 [INFO] PluginManager:220 - loadIPPluginJar : add dfsdm
2026-07-15 09:59:40,382 [INFO] IPUIPlugin:80 - create IPUIPlugin
2026-07-15 09:59:40,382 [INFO] PluginManager:220 - loadIPPluginJar : add dma
2026-07-15 09:59:40,385 [INFO] IPUIPlugin:80 - create IPUIPlugin
2026-07-15 09:59:40,385 [INFO] PluginManager:220 - loadIPPluginJar : add dma3
2026-07-15 09:59:40,389 [INFO] IPUIPlugin:80 - create IPUIPlugin
2026-07-15 09:59:40,389 [INFO] PluginManager:220 - loadIPPluginJar : add extmemmanager
2026-07-15 09:59:40,391 [INFO] IPUIPlugin:80 - create IPUIPlugin
2026-07-15 09:59:40,391 [INFO] PluginManager:220 - loadIPPluginJar : add fatfs
2026-07-15 09:59:40,395 [INFO] IPUIPlugin:80 - create IPUIPlugin
2026-07-15 09:59:40,395 [INFO] PluginManager:220 - loadIPPluginJar : add fmc
2026-07-15 09:59:40,401 [INFO] IPUIPlugin:80 - create IPUIPlugin
2026-07-15 09:59:40,401 [INFO] PluginManager:220 - loadIPPluginJar : add freertos
2026-07-15 09:59:40,403 [INFO] IPUIPlugin:80 - create IPUIPlugin
2026-07-15 09:59:40,403 [INFO] PluginManager:220 - loadIPPluginJar : add genericplugin
2026-07-15 09:59:40,405 [INFO] IPUIPlugin:80 - create IPUIPlugin
2026-07-15 09:59:40,405 [INFO] PluginManager:220 - loadIPPluginJar : add gfxmmu
2026-07-15 09:59:40,408 [INFO] IPUIPlugin:80 - create IPUIPlugin
2026-07-15 09:59:40,409 [INFO] PluginManager:220 - loadIPPluginJar : add gic
2026-07-15 09:59:40,413 [INFO] IPUIPlugin:80 - create IPUIPlugin
2026-07-15 09:59:40,414 [INFO] PluginManager:220 - loadIPPluginJar : add gpio
2026-07-15 09:59:40,416 [INFO] IPUIPlugin:80 - create IPUIPlugin
2026-07-15 09:59:40,416 [INFO] PluginManager:220 - loadIPPluginJar : add gtzc
2026-07-15 09:59:40,418 [INFO] IPUIPlugin:80 - create IPUIPlugin
2026-07-15 09:59:40,419 [INFO] PluginManager:220 - loadIPPluginJar : add hash
2026-07-15 09:59:40,420 [INFO] IPUIPlugin:80 - create IPUIPlugin
2026-07-15 09:59:40,420 [INFO] PluginManager:220 - loadIPPluginJar : add i2c
2026-07-15 09:59:40,423 [INFO] IPUIPlugin:80 - create IPUIPlugin
2026-07-15 09:59:40,423 [INFO] PluginManager:220 - loadIPPluginJar : add i2s
2026-07-15 09:59:40,425 [INFO] IPUIPlugin:80 - create IPUIPlugin
2026-07-15 09:59:40,425 [INFO] PluginManager:220 - loadIPPluginJar : add i3c
2026-07-15 09:59:40,428 [INFO] IPUIPlugin:80 - create IPUIPlugin
2026-07-15 09:59:40,428 [INFO] PluginManager:220 - loadIPPluginJar : add ipddr
2026-07-15 09:59:40,433 [INFO] IPUIPlugin:80 - create IPUIPlugin
2026-07-15 09:59:40,433 [INFO] PluginManager:220 - loadIPPluginJar : add linkedlist
2026-07-15 09:59:40,435 [INFO] IPUIPlugin:80 - create IPUIPlugin
2026-07-15 09:59:40,435 [INFO] PluginManager:220 - loadIPPluginJar : add lorawan
2026-07-15 09:59:40,437 [INFO] IPUIPlugin:80 - create IPUIPlugin
2026-07-15 09:59:40,437 [INFO] PluginManager:220 - loadIPPluginJar : add ltdc
2026-07-15 09:59:40,441 [INFO] IPUIPlugin:80 - create IPUIPlugin
2026-07-15 09:59:40,441 [INFO] PluginManager:220 - loadIPPluginJar : add mdma
2026-07-15 09:59:40,444 [INFO] IPUIPlugin:80 - create IPUIPlugin
2026-07-15 09:59:40,444 [INFO] PluginManager:220 - loadIPPluginJar : add nvic
2026-07-15 09:59:40,446 [INFO] IPUIPlugin:80 - create IPUIPlugin
2026-07-15 09:59:40,446 [INFO] PluginManager:220 - loadIPPluginJar : add opamp
2026-07-15 09:59:40,449 [INFO] IPUIPlugin:80 - create IPUIPlugin
2026-07-15 09:59:40,449 [INFO] PluginManager:220 - loadIPPluginJar : add openamp
2026-07-15 09:59:40,452 [INFO] IPUIPlugin:80 - create IPUIPlugin
2026-07-15 09:59:40,452 [INFO] PluginManager:220 - loadIPPluginJar : add pdm2pcm
2026-07-15 09:59:40,457 [INFO] IPUIPlugin:80 - create IPUIPlugin
2026-07-15 09:59:40,460 [INFO] PluginManager:220 - loadIPPluginJar : add plateformsettings
2026-07-15 09:59:40,462 [INFO] IPUIPlugin:80 - create IPUIPlugin
2026-07-15 09:59:40,462 [INFO] PluginManager:220 - loadIPPluginJar : add quadspi
2026-07-15 09:59:40,464 [INFO] IPUIPlugin:80 - create IPUIPlugin
2026-07-15 09:59:40,465 [INFO] PluginManager:220 - loadIPPluginJar : add radio
2026-07-15 09:59:40,467 [INFO] IPUIPlugin:80 - create IPUIPlugin
2026-07-15 09:59:40,467 [INFO] PluginManager:220 - loadIPPluginJar : add resmgrutility
2026-07-15 09:59:40,471 [INFO] IPUIPlugin:80 - create IPUIPlugin
2026-07-15 09:59:40,471 [INFO] PluginManager:220 - loadIPPluginJar : add sai
2026-07-15 09:59:40,473 [INFO] IPUIPlugin:80 - create IPUIPlugin
2026-07-15 09:59:40,473 [INFO] PluginManager:220 - loadIPPluginJar : add spi
2026-07-15 09:59:40,479 [INFO] IPUIPlugin:80 - create IPUIPlugin
2026-07-15 09:59:40,479 [INFO] PluginManager:220 - loadIPPluginJar : add stm32_wpan
2026-07-15 09:59:40,482 [INFO] IPUIPlugin:80 - create IPUIPlugin
2026-07-15 09:59:40,482 [INFO] PluginManager:220 - loadIPPluginJar : add tim
2026-07-15 09:59:40,485 [INFO] IPUIPlugin:80 - create IPUIPlugin
2026-07-15 09:59:40,486 [INFO] PluginManager:220 - loadIPPluginJar : add touchsensing
2026-07-15 09:59:40,488 [INFO] IPUIPlugin:80 - create IPUIPlugin
2026-07-15 09:59:40,488 [INFO] PluginManager:220 - loadIPPluginJar : add tracer_emb
2026-07-15 09:59:40,490 [INFO] IPUIPlugin:80 - create IPUIPlugin
2026-07-15 09:59:40,490 [INFO] PluginManager:220 - loadIPPluginJar : add ts
2026-07-15 09:59:40,491 [INFO] IPUIPlugin:80 - create IPUIPlugin
2026-07-15 09:59:40,491 [INFO] PluginManager:220 - loadIPPluginJar : add tsc
2026-07-15 09:59:40,493 [INFO] IPUIPlugin:80 - create IPUIPlugin
2026-07-15 09:59:40,493 [INFO] PluginManager:220 - loadIPPluginJar : add ucpd
2026-07-15 09:59:40,496 [INFO] IPUIPlugin:80 - create IPUIPlugin
2026-07-15 09:59:40,496 [INFO] PluginManager:220 - loadIPPluginJar : add usart
2026-07-15 09:59:40,500 [INFO] IPUIPlugin:80 - create IPUIPlugin
2026-07-15 09:59:40,500 [INFO] PluginManager:220 - loadIPPluginJar : add usbx
2026-07-15 09:59:40,636 [FATAL] Updater:351 - Updater called before beeing initialized
2026-07-15 09:59:40,659 [INFO] RulesReader:64 - Compatibility file has been processed (317 Rules)
2026-07-15 09:59:40,671 [INFO] RulesReader:64 - Compatibility file has been processed (317 Rules)
2026-07-15 09:59:40,679 [INFO] CADModel:165 - CPN selected for project level
2026-07-15 09:59:40,679 [INFO] CADModel:114 - Register for checkConnection events
2026-07-15 09:59:40,679 [FATAL] Updater:351 - Updater called before beeing initialized
2026-07-15 09:59:40,679 [ERROR] CADModel:125 - Updater not yet initialized, retry later 
2026-07-15 09:59:40,833 [FATAL] Updater:351 - Updater called before beeing initialized
2026-07-15 09:59:40,836 [INFO] CADModel:165 - CPN selected for project level
2026-07-15 09:59:40,836 [INFO] CADModel:114 - Register for checkConnection events
2026-07-15 09:59:40,836 [FATAL] Updater:351 - Updater called before beeing initialized
2026-07-15 09:59:40,836 [ERROR] CADModel:125 - Updater not yet initialized, retry later 
2026-07-15 09:59:40,838 [FATAL] Updater:351 - Updater called before beeing initialized
2026-07-15 09:59:40,958 [FATAL] Updater:351 - Updater called before beeing initialized
2026-07-15 09:59:40,961 [INFO] DbMcusAds:53 - JSON generation date=Thu May 28 19:08:17 MSK 2026 (1779984497073)
2026-07-15 09:59:40,961 [FATAL] Updater:351 - Updater called before beeing initialized
2026-07-15 09:59:40,996 [WARN] DetailPanel:346 - Failed to get advertising image, set to default
2026-07-15 09:59:41,068 [FATAL] Updater:351 - Updater called before beeing initialized
2026-07-15 09:59:41,071 [FATAL] Updater:351 - Updater called before beeing initialized
2026-07-15 09:59:41,071 [FATAL] Updater:351 - Updater called before beeing initialized
2026-07-15 09:59:41,071 [WARN] DetailPanel:346 - Failed to get advertising image, set to default
2026-07-15 09:59:41,072 [FATAL] Updater:351 - Updater called before beeing initialized
2026-07-15 09:59:41,114 [ERROR] Updater:1198 - MainUpdater not yet initialized. External WinMGr cannot be set.
2026-07-15 09:59:41,116 [INFO] Updater:1134 - Updater Version found : 6.15.0
2026-07-15 09:59:41,130 [INFO] ApplicationProperties:184 - Using Application install path: C:\ST\STM32CubeIDE_1.13.0\STM32CubeIDE\plugins\com.st.stm32cube.common.mx_6.15.0.202507011659
2026-07-15 09:59:41,190 [INFO] MainUpdater:525 - Copy updater definitions from MX database
2026-07-15 09:59:41,328 [INFO] MainUpdater:2872 - connection check result : 22
2026-07-15 09:59:41,328 [INFO] MainUpdater:289 - Updater Check For Update Now.
2026-07-15 09:59:41,328 [INFO] MicroXplorer:498 - Change Database Version : DB.6.0.150
2026-07-15 09:59:41,333 [INFO] McuFinderGlobals:63 - Set McuFinder mode to 2 (CubeIDE integrated)
2026-07-15 09:59:41,334 [INFO] UserAuth:487 - Internet connection configuration mode: 2
2026-07-15 09:59:41,341 [INFO] UserAuth:487 - Internet connection configuration mode: 2
2026-07-15 09:59:41,513 [INFO] CheckServerUpdateThread:120 - End of CheckServer Thread
2026-07-15 09:59:43,230 [WARN] PackLoader:240 - Cannot read IP mode file for STMicroelectronics.X-CUBE-AZRTOS-H7.3.5.0
2026-07-15 09:59:43,243 [WARN] PackLoader:240 - Cannot read IP mode file for STMicroelectronics.FP-SNS-MOTENVWB1.1.4.0
2026-07-15 09:59:43,252 [WARN] PackLoader:240 - Cannot read IP mode file for STMicroelectronics.FP-ATR-ASTRA1.2.0.2
2026-07-15 09:59:43,260 [ERROR] Engine:466 - C:\Users\Евгений\.stm32cubemx\thirdparties\pdsc\STMicroelectronics.X-CUBE-SMBUS.2.1.1.pdsc: PDSC version is not supported
2026-07-15 09:59:43,265 [WARN] PackLoader:240 - Cannot read IP mode file for STMicroelectronics.X-CUBE-SMBUS.2.1.0
2026-07-15 09:59:43,272 [WARN] PackLoader:240 - Cannot read IP mode file for STMicroelectronics.X-CUBE-ST60.1.0.0
2026-07-15 09:59:43,278 [WARN] PackLoader:240 - Cannot read IP mode file for STMicroelectronics.X-CUBE-TOUCHGFX.4.23.0
2026-07-15 09:59:43,305 [WARN] PackLoader:240 - Cannot read IP mode file for STMicroelectronics.X-CUBE-AZRTOS-F7.1.1.0
2026-07-15 09:59:43,316 [WARN] PackLoader:240 - Cannot read IP mode file for STMicroelectronics.FP-SNS-MOTENV1.4.3.2
2026-07-15 09:59:43,322 [ERROR] RealEvaluatedCondition:428 - Found unsupported composite condition: GROUP='STM32_MetaDataManager' CLASS='Data Exchange'
2026-07-15 09:59:43,322 [ERROR] RealEvaluatedCondition:428 - Found unsupported composite condition: CLASS='Data Exchange' GROUP='STM32_MetaDataManager'
2026-07-15 09:59:43,323 [WARN] PackLoader:240 - Cannot read IP mode file for STMicroelectronics.FP-SNS-MOTENV1.4.3.1
2026-07-15 09:59:43,331 [WARN] PackLoader:240 - Cannot read IP mode file for STMicroelectronics.FP-SNS-FLIGHT1.5.0.1
2026-07-15 09:59:43,340 [WARN] PackLoader:240 - Cannot read IP mode file for STMicroelectronics.X-CUBE-BLE1.6.2.3
2026-07-15 09:59:43,346 [WARN] PackLoader:240 - Cannot read IP mode file for STMicroelectronics.X-CUBE-BLE1.6.2.4
2026-07-15 09:59:43,351 [WARN] PackLoader:240 - Cannot read IP mode file for STMicroelectronics.FP-SNS-MOTENV1.5.1.0
2026-07-15 09:59:43,356 [WARN] PackLoader:240 - Cannot read IP mode file for STMicroelectronics.FP-SNS-FLIGHT1.5.0.2
2026-07-15 09:59:43,386 [WARN] PackLoader:240 - Cannot read IP mode file for STMicroelectronics.X-CUBE-AZRTOS-H7.3.4.0
2026-07-15 09:59:43,397 [WARN] PackLoader:240 - Cannot read IP mode file for STMicroelectronics.X-CUBE-DISPLAY.3.0.0
2026-07-15 09:59:43,407 [WARN] PackLoader:240 - Cannot read IP mode file for STMicroelectronics.X-CUBE-GNSS1.7.1.1
2026-07-15 09:59:43,413 [WARN] PackLoader:240 - Cannot read IP mode file for STMicroelectronics.FP-SNS-MOTENVWB1.1.5.0
2026-07-15 09:59:43,418 [WARN] PackLoader:240 - Cannot read IP mode file for STMicroelectronics.X-CUBE-BLE1.7.0.0
2026-07-15 09:59:43,424 [WARN] PackLoader:240 - Cannot read IP mode file for STMicroelectronics.X-CUBE-NFC10.1.0.0
2026-07-15 09:59:43,434 [WARN] PackLoader:240 - Cannot read IP mode file for STMicroelectronics.X-CUBE-BLEMGR.4.0.0
2026-07-15 09:59:43,441 [WARN] PackLoader:240 - Cannot read IP mode file for STMicroelectronics.X-CUBE-ST60.1.1.0
2026-07-15 09:59:43,446 [WARN] PackLoader:240 - Cannot read IP mode file for STMicroelectronics.X-CUBE-TOUCHGFX.4.22.0
2026-07-15 09:59:43,451 [WARN] PackLoader:240 - Cannot read IP mode file for STMicroelectronics.X-CUBE-GNSS1.7.1.0
2026-07-15 09:59:43,456 [WARN] PackLoader:240 - Cannot read IP mode file for STMicroelectronics.X-CUBE-TOUCHGFX.4.22.1
2026-07-15 09:59:43,484 [WARN] PackLoader:240 - Cannot read IP mode file for STMicroelectronics.X-CUBE-MEMS1.9.3.0
2026-07-15 09:59:43,617 [WARN] ConditionMgr:438 - getConditionDescription Invalid condition id : Cortex-A Device cause : null
2026-07-15 09:59:43,635 [INFO] LogOutputStream:77 - [STDOUT_REDIRECT] [ThirdParty] unknown protocol: c
2026-07-15 09:59:43,636 [WARN] PackLoader:240 - Cannot read IP mode file for quantropi.X-CUBE-qispace-sdk-base.2.0.0
2026-07-15 09:59:43,636 [WARN] ConditionMgr:1044 - genDependencies : Invalid condition id : Cortex-A Device cause : null
2026-07-15 09:59:43,636 [WARN] ConditionMgr:1044 - genDependencies : Invalid condition id : Cortex-A Device cause : null
2026-07-15 09:59:43,637 [WARN] ConditionMgr:1044 - genDependencies : Invalid condition id : Cortex-A Device cause : null
2026-07-15 09:59:43,644 [WARN] PackLoader:240 - Cannot read IP mode file for STMicroelectronics.X-CUBE-AI.10.0.0
2026-07-15 09:59:43,653 [WARN] PackLoader:240 - Cannot read IP mode file for STMicroelectronics.FP-SNS-STBOX1.2.1.0
2026-07-15 09:59:43,661 [WARN] PackLoader:240 - Cannot read IP mode file for STMicroelectronics.FP-SNS-SMARTAG2.1.2.0
2026-07-15 09:59:43,666 [WARN] PackLoader:240 - Cannot read IP mode file for STMicroelectronics.FP-SNS-FLIGHT1.5.1.0
2026-07-15 09:59:43,676 [INFO] LogOutputStream:77 - [STDOUT_REDIRECT] 1 : Invalid condition id : UX_CORESTACK_Condition cause : null
2026-07-15 09:59:43,676 [INFO] LogOutputStream:77 - [STDOUT_REDIRECT] 1 : Invalid condition id : UX_CORESTACK_Condition cause : null
2026-07-15 09:59:43,678 [INFO] LogOutputStream:77 - [STDOUT_REDIRECT] 1 : Invalid condition id : UX_CORESTACK_Condition cause : null
2026-07-15 09:59:43,680 [INFO] LogOutputStream:77 - [STDOUT_REDIRECT] 1 : Invalid condition id : UX_CORESTACK_Condition cause : null
2026-07-15 09:59:43,681 [INFO] LogOutputStream:77 - [STDOUT_REDIRECT] 1 : Invalid condition id : UX_CORESTACK_Condition cause : null
2026-07-15 09:59:43,684 [WARN] PackLoader:240 - Cannot read IP mode file for STMicroelectronics.X-CUBE-AZRTOS-WL.2.0.0
2026-07-15 09:59:43,691 [WARN] PackLoader:240 - Cannot read IP mode file for STMicroelectronics.FP-SNS-MOTENV1.5.0.0
2026-07-15 09:59:43,712 [WARN] PackLoader:240 - Cannot read IP mode file for STMicroelectronics.X-CUBE-AZRTOS-H7RS.1.2.0
2026-07-15 09:59:43,720 [WARN] PackLoader:240 - Cannot read IP mode file for WES.I-CUBE-Cesium.1.3.0
2026-07-15 09:59:43,726 [WARN] PackLoader:240 - Cannot read IP mode file for STMicroelectronics.X-CUBE-BLE2.3.3.0
2026-07-15 09:59:43,736 [INFO] LogOutputStream:77 - [STDOUT_REDIRECT] [ThirdParty] unknown protocol: c
2026-07-15 09:59:43,736 [WARN] PackLoader:240 - Cannot read IP mode file for Avnet-IOTCONNECT.X-CUBE-iotc-st67-sdk.1.0.0
2026-07-15 09:59:43,741 [WARN] PackLoader:240 - Cannot read IP mode file for STMicroelectronics.X-CUBE-DISPLAY.2.2.0
2026-07-15 09:59:43,751 [WARN] PackLoader:240 - Cannot read IP mode file for STMicroelectronics.X-CUBE-TOF1.3.2.0
2026-07-15 09:59:43,760 [WARN] PackLoader:240 - Cannot read IP mode file for STMicroelectronics.X-CUBE-NFC9.1.0.0
2026-07-15 09:59:43,782 [WARN] PackLoader:240 - Cannot read IP mode file for STMicroelectronics.X-CUBE-AZRTOS-H7.2.1.0
2026-07-15 09:59:43,791 [WARN] PackLoader:240 - Cannot read IP mode file for STMicroelectronics.X-CUBE-BLE1.7.1.0
2026-07-15 09:59:43,797 [WARN] PackLoader:240 - Cannot read IP mode file for wolfSSL.I-CUBE-wolfMQTT.1.19.2
2026-07-15 09:59:43,802 [WARN] PackLoader:240 - Cannot read IP mode file for STMicroelectronics.X-CUBE-FREERTOS.1.4.0
2026-07-15 09:59:43,811 [WARN] PackLoader:240 - Cannot read IP mode file for STMicroelectronics.X-CUBE-EEPRMA1.5.2.0
2026-07-15 09:59:43,817 [WARN] PackLoader:240 - Cannot read IP mode file for STMicroelectronics.X-CUBE-TOUCHGFX.4.21.0
2026-07-15 09:59:43,820 [WARN] PackLoader:240 - Cannot read IP mode file for STMicroelectronics.X-CUBE-TOUCHGFX.4.21.3
2026-07-15 09:59:43,823 [WARN] PackLoader:240 - Cannot read IP mode file for STMicroelectronics.X-CUBE-TOUCHGFX.4.21.4
2026-07-15 09:59:43,880 [WARN] PackLoader:240 - Cannot read IP mode file for STMicroelectronics.X-CUBE-MEMS1.9.4.0
2026-07-15 09:59:43,982 [WARN] PackLoader:240 - Cannot read IP mode file for STMicroelectronics.X-CUBE-AI.7.3.0
2026-07-15 09:59:43,988 [WARN] PackLoader:240 - Cannot read IP mode file for STMicroelectronics.X-CUBE-ST67W61.1.1.0
2026-07-15 09:59:43,992 [WARN] PackLoader:240 - Cannot read IP mode file for STMicroelectronics.X-CUBE-AI.10.1.0
2026-07-15 09:59:43,996 [WARN] PackLoader:240 - Cannot read IP mode file for STMicroelectronics.FP-SNS-STAIOTCFT.1.1.0
2026-07-15 09:59:44,028 [WARN] PackLoader:240 - Cannot read IP mode file for STMicroelectronics.X-CUBE-MEMS1.12.0.0
2026-07-15 09:59:44,099 [WARN] PackLoader:240 - Cannot read IP mode file for STMicroelectronics.X-CUBE-ALGOBUILD.1.3.0
2026-07-15 09:59:44,133 [WARN] PackLoader:240 - Cannot read IP mode file for STMicroelectronics.X-CUBE-MEMS1.11.2.0
2026-07-15 09:59:44,224 [WARN] PackLoader:240 - Cannot read IP mode file for STMicroelectronics.X-CUBE-AZRTOS-G0.1.1.0
2026-07-15 09:59:44,231 [WARN] PackLoader:240 - Cannot read IP mode file for STMicroelectronics.X-CUBE-SAFEA1.1.2.2
2026-07-15 09:59:44,242 [WARN] PackLoader:240 - Cannot read IP mode file for STMicroelectronics.X-CUBE-NFC4.3.0.0
2026-07-15 09:59:44,274 [WARN] PackLoader:240 - Cannot read IP mode file for SEGGER.I-CUBE-embOS.1.2.1
2026-07-15 09:59:44,320 [WARN] PackLoader:240 - Cannot read IP mode file for EmbeddedOffice.I-CUBE-FS-RTOS.1.0.1
2026-07-15 09:59:44,327 [WARN] PackLoader:240 - Cannot read IP mode file for STMicroelectronics.X-CUBE-WB05N.2.0.0
2026-07-15 09:59:44,335 [WARN] PackLoader:240 - Cannot read IP mode file for STMicroelectronics.X-CUBE-BLEMGR.3.0.0
2026-07-15 09:59:44,342 [WARN] PackLoader:240 - Cannot read IP mode file for wolfSSL.I-CUBE-wolfTPM.3.8.0
2026-07-15 09:59:44,347 [WARN] PackLoader:240 - Cannot read IP mode file for STMicroelectronics.X-CUBE-BLEMGR.1.3.0
2026-07-15 09:59:44,353 [WARN] PackLoader:240 - Cannot read IP mode file for STMicroelectronics.X-CUBE-TCPP.4.2.0
2026-07-15 09:59:44,359 [WARN] PackLoader:240 - Cannot read IP mode file for RealThread.X-CUBE-RT-Thread_Nano.4.1.1
2026-07-15 09:59:44,363 [WARN] PackLoader:240 - Cannot read IP mode file for STMicroelectronics.FP-ATR-SIGFOX1.3.2.0
2026-07-15 09:59:44,367 [WARN] PackLoader:240 - Cannot read IP mode file for STMicroelectronics.X-CUBE-EEPRMA1.5.1.0
2026-07-15 09:59:44,373 [WARN] PackLoader:240 - Cannot read IP mode file for STMicroelectronics.X-CUBE-FREERTOS.1.5.0
2026-07-15 09:59:44,375 [WARN] PackLoader:240 - Cannot read IP mode file for STMicroelectronics.X-CUBE-TOUCHGFX.4.20.0
2026-07-15 09:59:44,381 [WARN] PackLoader:240 - Cannot read IP mode file for STMicroelectronics.X-CUBE-NFC6.3.2.0
2026-07-15 09:59:44,404 [WARN] PackLoader:240 - Cannot read IP mode file for STMicroelectronics.X-CUBE-MEMS1.9.5.0
2026-07-15 09:59:44,489 [WARN] PackLoader:240 - Cannot read IP mode file for STMicroelectronics.X-CUBE-ST67W61.1.0.0
2026-07-15 09:59:44,492 [WARN] PackLoader:240 - Cannot read IP mode file for STMicroelectronics.X-CUBE-AI.10.2.0
2026-07-15 09:59:44,517 [WARN] PackLoader:240 - Cannot read IP mode file for STMicroelectronics.X-CUBE-MEMS1.12.1.0
2026-07-15 09:59:44,586 [WARN] PackLoader:240 - Cannot read IP mode file for SEGGER.I-CUBE-embOS.1.3.1
2026-07-15 09:59:44,608 [WARN] PackLoader:240 - Cannot read IP mode file for STMicroelectronics.X-CUBE-ALGOBUILD.1.4.0
2026-07-15 09:59:44,634 [WARN] PackLoader:240 - Cannot read IP mode file for STMicroelectronics.X-CUBE-MEMS1.11.3.0
2026-07-15 09:59:44,703 [WARN] PackLoader:240 - Cannot read IP mode file for STMicroelectronics.X-CUBE-NFC13.1.0.0
2026-07-15 09:59:44,708 [WARN] PackLoader:240 - Cannot read IP mode file for STMicroelectronics.X-CUBE-PM33A1.1.0.0
2026-07-15 09:59:44,712 [WARN] PackLoader:240 - Cannot read IP mode file for STMicroelectronics.X-CUBE-GNSS1.6.0.0
2026-07-15 09:59:44,725 [WARN] PackLoader:240 - Cannot read IP mode file for STMicroelectronics.X-CUBE-AZRTOS-F4.1.1.0
2026-07-15 09:59:44,730 [WARN] PackLoader:240 - Cannot read IP mode file for Avnet-IotConnect.X-CUBE-IoTC-DA16k-PMOD.1.0.0
2026-07-15 09:59:44,734 [WARN] PackLoader:240 - Cannot read IP mode file for STMicroelectronics.X-CUBE-ISPU.2.1.0
2026-07-15 09:59:44,743 [WARN] PackLoader:240 - Cannot read IP mode file for STMicroelectronics.X-CUBE-IPS.3.2.0
2026-07-15 09:59:44,749 [WARN] PackLoader:240 - Cannot read IP mode file for STMicroelectronics.eDS-WB_DPC_TT-BIDIR.2.1.1
2026-07-15 09:59:44,754 [WARN] PackLoader:240 - Cannot read IP mode file for STMicroelectronics.X-CUBE-NFC12.1.0.0
2026-07-15 09:59:44,764 [WARN] PackLoader:240 - Cannot read IP mode file for STMicroelectronics.X-CUBE-BLEMGR.1.2.0
2026-07-15 09:59:44,781 [WARN] PackLoader:240 - Cannot read IP mode file for STMicroelectronics.X-CUBE-AZRTOS-L5.2.0.0
2026-07-15 09:59:44,821 [WARN] PackLoader:240 - Cannot read IP mode file for STMicroelectronics.X-CUBE-MEMS1.9.6.0
2026-07-15 09:59:44,900 [WARN] PackLoader:240 - Cannot read IP mode file for STMicroelectronics.X-CUBE-EEPRMA1.4.2.0
2026-07-15 09:59:44,904 [WARN] PackLoader:240 - Cannot read IP mode file for STMicroelectronics.X-CUBE-NFC6.3.1.0
2026-07-15 09:59:44,910 [WARN] PackLoader:240 - Cannot read IP mode file for ITTIA_DB.I-CUBE-ITTIADB.8.8.0
2026-07-15 09:59:44,914 [WARN] PackLoader:240 - Cannot read IP mode file for STMicroelectronics.X-CUBE-ALGOBUILD.1.5.0
2026-07-15 09:59:44,918 [WARN] PackLoader:240 - Cannot read IP mode file for emotas.I-CUBE-CANOPEN.1.1.3
2026-07-15 09:59:44,924 [WARN] PackLoader:240 - Cannot read IP mode file for STMicroelectronics.X-CUBE-BLEMGR.2.0.0
2026-07-15 09:59:44,927 [WARN] PackLoader:240 - Cannot read IP mode file for STMicroelectronics.eDS-WB_DPC_VIENNA.1.2.0
2026-07-15 09:59:44,930 [WARN] PackLoader:240 - Cannot read IP mode file for STMicroelectronics.X-CUBE-NFC4.2.0.5
2026-07-15 09:59:44,936 [WARN] PackLoader:240 - Cannot read IP mode file for STMicroelectronics.eDS-WB_DPC_3PH2L-BIDIR.1.1.1
2026-07-15 09:59:44,939 [WARN] PackLoader:240 - Cannot read IP mode file for STMicroelectronics.X-CUBE-NFC4.2.0.4
2026-07-15 09:59:44,947 [WARN] ConditionMgr:438 - getConditionDescription Invalid condition id : UX DEVICE CLASS RTOS Condition cause : null
2026-07-15 09:59:44,947 [WARN] ConditionMgr:438 - getConditionDescription Invalid condition id : UX DEVICE CLASS RTOS Condition cause : null
2026-07-15 09:59:44,949 [WARN] PackLoader:240 - Cannot read IP mode file for STMicroelectronics.X-CUBE-AZRTOS-H7.3.1.0
2026-07-15 09:59:44,951 [WARN] ConditionMgr:1044 - genDependencies : Invalid condition id : UX DEVICE CLASS RTOS Condition cause : null
2026-07-15 09:59:44,951 [WARN] ConditionMgr:1044 - genDependencies : Invalid condition id : UX DEVICE CLASS RTOS Condition cause : null
2026-07-15 09:59:44,952 [WARN] ConditionMgr:1044 - genDependencies : Invalid condition id : UX DEVICE CLASS RTOS Condition cause : null
2026-07-15 09:59:44,952 [WARN] ConditionMgr:1044 - genDependencies : Invalid condition id : UX DEVICE CLASS RTOS Condition cause : null
2026-07-15 09:59:44,952 [WARN] ConditionMgr:1044 - genDependencies : Invalid condition id : UX DEVICE CLASS RTOS Condition cause : null
2026-07-15 09:59:44,956 [ERROR] Engine:466 - C:\Users\Евгений\.stm32cubemx\thirdparties\pdsc\STMicroelectronics.X-CUBE-ST67W61.1.3.0.pdsc: PDSC version is not supported
2026-07-15 09:59:44,959 [WARN] PackLoader:240 - Cannot read IP mode file for wolfSSL.I-CUBE-wolfSSL.5.5.3
2026-07-15 09:59:44,962 [WARN] PackLoader:240 - Cannot read IP mode file for STMicroelectronics.X-CUBE-FREERTOS.1.3.1
2026-07-15 09:59:44,967 [WARN] PackLoader:240 - Cannot read IP mode file for STMicroelectronics.X-CUBE-NFC7.1.0.1
2026-07-15 09:59:44,970 [WARN] PackLoader:240 - Cannot read IP mode file for STMicroelectronics.X-CUBE-NFC7.1.0.0
2026-07-15 09:59:44,973 [WARN] PackLoader:240 - Cannot read IP mode file for STMicroelectronics.X-CUBE-TOUCHGFX.4.26.0
2026-07-15 09:59:44,976 [WARN] PackLoader:240 - Cannot read IP mode file for STMicroelectronics.X-CUBE-NFC6.3.0.0
2026-07-15 09:59:44,980 [WARN] PackLoader:240 - Cannot read IP mode file for STMicroelectronics.X-CUBE-TOUCHGFX.4.26.1
2026-07-15 09:59:44,984 [WARN] PackLoader:240 - Cannot read IP mode file for STMicroelectronics.X-CUBE-EEPRMA1.4.1.0
2026-07-15 09:59:44,987 [WARN] PackLoader:240 - Cannot read IP mode file for STMicroelectronics.FP-SNS-STAIOTCFT.1.0.0
2026-07-15 09:59:44,992 [WARN] PackLoader:240 - Cannot read IP mode file for STMicroelectronics.X-CUBE-DPower.1.3.0
2026-07-15 09:59:44,996 [WARN] PackLoader:240 - Cannot read IP mode file for STMicroelectronics.X-CUBE-AI.8.1.0
2026-07-15 09:59:45,009 [WARN] ConditionMgr:438 - getConditionDescription Invalid condition id : LAN8742 Phy interface Condition cause : null
2026-07-15 09:59:45,009 [WARN] PackLoader:240 - Cannot read IP mode file for STMicroelectronics.X-CUBE-AZRTOS-L4.2.0.0
2026-07-15 09:59:45,010 [WARN] ConditionMgr:1044 - genDependencies : Invalid condition id : LAN8742 Phy interface Condition cause : null
2026-07-15 09:59:45,010 [WARN] ConditionMgr:1044 - genDependencies : Invalid condition id : LAN8742 Phy interface Condition cause : null
2026-07-15 09:59:45,011 [WARN] ConditionMgr:1044 - genDependencies : Invalid condition id : LAN8742 Phy interface Condition cause : null
2026-07-15 09:59:45,017 [WARN] PackLoader:240 - Cannot read IP mode file for STMicroelectronics.X-CUBE-SFXS2LP1.4.0.0
2026-07-15 09:59:45,032 [WARN] PackLoader:240 - Cannot read IP mode file for STMicroelectronics.X-CUBE-AZRTOS-H7.3.0.0
2026-07-15 09:59:45,038 [WARN] PackLoader:240 - Cannot read IP mode file for STMicroelectronics.X-CUBE-WB05N.2.1.0
2026-07-15 09:59:45,043 [WARN] PackLoader:240 - Cannot read IP mode file for STMicroelectronics.X-CUBE-ST67W61.1.2.0
2026-07-15 09:59:45,046 [WARN] PackLoader:240 - Cannot read IP mode file for STMicroelectronics.X-CUBE-ISPU.1.1.0
2026-07-15 09:59:45,062 [WARN] PackLoader:240 - Cannot read IP mode file for STMicroelectronics.X-CUBE-AZRTOS-H7.3.3.0
2026-07-15 09:59:45,068 [WARN] PackLoader:240 - Cannot read IP mode file for RoweBots.I-CUBE-UNISONRTOS.5.5.0-4
2026-07-15 09:59:45,076 [WARN] PackLoader:240 - Cannot read IP mode file for STMicroelectronics.X-CUBE-BLEMGR.4.1.0
2026-07-15 09:59:45,081 [WARN] PackLoader:240 - Cannot read IP mode file for STMicroelectronics.X-CUBE-AI.8.0.0
2026-07-15 09:59:45,089 [WARN] ConditionMgr:438 - getConditionDescription Invalid condition id : UX DEVICE CLASS RTOS Condition cause : null
2026-07-15 09:59:45,089 [WARN] ConditionMgr:438 - getConditionDescription Invalid condition id : UX DEVICE CLASS RTOS Condition cause : null
2026-07-15 09:59:45,090 [WARN] PackLoader:240 - Cannot read IP mode file for STMicroelectronics.X-CUBE-AZRTOS-WB.2.0.0
2026-07-15 09:59:45,090 [WARN] ConditionMgr:1044 - genDependencies : Invalid condition id : UX DEVICE CLASS RTOS Condition cause : null
2026-07-15 09:59:45,090 [WARN] ConditionMgr:1044 - genDependencies : Invalid condition id : UX DEVICE CLASS RTOS Condition cause : null
2026-07-15 09:59:45,091 [WARN] ConditionMgr:1044 - genDependencies : Invalid condition id : UX DEVICE CLASS RTOS Condition cause : null
2026-07-15 09:59:45,092 [WARN] ConditionMgr:1044 - genDependencies : Invalid condition id : UX DEVICE CLASS RTOS Condition cause : null
2026-07-15 09:59:45,092 [WARN] ConditionMgr:1044 - genDependencies : Invalid condition id : UX DEVICE CLASS RTOS Condition cause : null
2026-07-15 09:59:45,095 [WARN] PackLoader:240 - Cannot read IP mode file for STMicroelectronics.X-CUBE-FREERTOS.1.0.1
2026-07-15 09:59:45,099 [WARN] PackLoader:240 - Cannot read IP mode file for STMicroelectronics.X-CUBE-GNSS1.7.0.1
2026-07-15 09:59:45,101 [WARN] PackLoader:240 - Cannot read IP mode file for STMicroelectronics.X-CUBE-TOUCHGFX.4.25.0
2026-07-15 09:59:45,105 [WARN] PackLoader:240 - Cannot read IP mode file for STMicroelectronics.FP-SNS-STBOX1.2.0.0
2026-07-15 09:59:45,111 [WARN] PackLoader:240 - Cannot read IP mode file for STMicroelectronics.X-CUBE-STSE01.2.0.0
2026-07-15 09:59:45,120 [WARN] PackLoader:240 - Cannot read IP mode file for STMicroelectronics.X-CUBE-AZRTOS-L5.1.1.0
2026-07-15 09:59:45,124 [WARN] PackLoader:240 - Cannot read IP mode file for STMicroelectronics.X-CUBE-AI.8.0.1
2026-07-15 09:59:45,131 [WARN] PackLoader:240 - Cannot read IP mode file for STMicroelectronics.X-CUBE-SUBG2.5.0.0
2026-07-15 09:59:45,143 [WARN] PackLoader:240 - Cannot read IP mode file for STMicroelectronics.X-CUBE-AZRTOS-H7RS.1.1.0
2026-07-15 09:59:45,149 [WARN] PackLoader:240 - Cannot read IP mode file for Cesanta.I-CUBE-Mongoose.7.13.0
2026-07-15 09:59:45,154 [WARN] PackLoader:240 - Cannot read IP mode file for STMicroelectronics.X-CUBE-TOF1.3.3.1
2026-07-15 09:59:45,167 [WARN] PackLoader:240 - Cannot read IP mode file for STMicroelectronics.X-CUBE-AZRTOS-G4.2.0.0
2026-07-15 09:59:45,176 [WARN] PackLoader:240 - Cannot read IP mode file for STMicroelectronics.X-CUBE-TOF1.3.3.0
2026-07-15 09:59:45,185 [WARN] PackLoader:240 - Cannot read IP mode file for STMicroelectronics.FP-ATR-ASTRA1.1.1.1
2026-07-15 09:59:45,195 [WARN] PackLoader:240 - Cannot read IP mode file for Infineon.AIROC-Wi-Fi-Bluetooth-STM32.1.5.1
2026-07-15 09:59:45,201 [WARN] PackLoader:240 - Cannot read IP mode file for wolfSSL.I-CUBE-wolfSSH.1.4.20
2026-07-15 09:59:45,204 [WARN] PackLoader:240 - Cannot read IP mode file for STMicroelectronics.FP-SNS-MOTENVWB1.1.3.0
2026-07-15 09:59:45,209 [WARN] PackLoader:240 - Cannot read IP mode file for STMicroelectronics.X-CUBE-NFC7.2.0.0
2026-07-15 09:59:45,213 [WARN] PackLoader:240 - Cannot read IP mode file for STMicroelectronics.FP-SNS-MOTENVWB1.1.3.1
2026-07-15 09:59:45,224 [WARN] PackLoader:240 - Cannot read IP mode file for STMicroelectronics.X-CUBE-AZRTOS-G4.1.0.0
2026-07-15 09:59:45,239 [WARN] PackLoader:240 - Cannot read IP mode file for STMicroelectronics.X-CUBE-AZRTOS-L4.1.0.0
2026-07-15 09:59:45,244 [WARN] PackLoader:240 - Cannot read IP mode file for STMicroelectronics.X-CUBE-ISPU.2.0.0
2026-07-15 09:59:45,250 [WARN] PackLoader:240 - Cannot read IP mode file for STMicroelectronics.X-CUBE-IPS.3.1.0
2026-07-15 09:59:45,256 [WARN] PackLoader:240 - Cannot read IP mode file for STMicroelectronics.X-CUBE-ALS.1.0.2
2026-07-15 09:59:45,274 [WARN] PackLoader:240 - Cannot read IP mode file for STMicroelectronics.X-CUBE-MEMS1.10.0.0
2026-07-15 09:59:45,336 [WARN] PackLoader:240 - Cannot read IP mode file for STMicroelectronics.X-CUBE-FREERTOS.1.1.0
2026-07-15 09:59:45,342 [WARN] PackLoader:240 - Cannot read IP mode file for STMicroelectronics.X-CUBE-AZRTOS-WL.1.0.0
2026-07-15 09:59:45,346 [WARN] PackLoader:240 - Cannot read IP mode file for STMicroelectronics.X-CUBE-STSE01.1.0.0
2026-07-15 09:59:45,350 [WARN] PackLoader:240 - Cannot read IP mode file for portGmbH.I-Cube-SoM-uGOAL.1.1.0
2026-07-15 09:59:45,353 [WARN] PackLoader:240 - Cannot read IP mode file for STMicroelectronics.X-CUBE-ALS.1.0.1
2026-07-15 09:59:45,360 [WARN] PackLoader:240 - Cannot read IP mode file for STMicroelectronics.X-CUBE-AZRTOS-WB.1.1.0
2026-07-15 09:59:45,368 [WARN] PackLoader:240 - Cannot read IP mode file for STMicroelectronics.X-CUBE-AZRTOS-L5.1.0.0
2026-07-15 09:59:45,372 [WARN] PackLoader:240 - Cannot read IP mode file for STMicroelectronics.X-CUBE-EEPRMA1.3.1.1
2026-07-15 09:59:45,375 [WARN] PackLoader:240 - Cannot read IP mode file for STMicroelectronics.FP-ATR-ASTRA1.2.0.0
2026-07-15 09:59:45,380 [WARN] PackLoader:240 - Cannot read IP mode file for STMicroelectronics.X-CUBE-TOF1.3.4.3
2026-07-15 09:59:45,390 [WARN] PackLoader:240 - Cannot read IP mode file for STMicroelectronics.X-CUBE-TOF1.3.4.0
2026-07-15 09:59:45,404 [WARN] PackLoader:240 - Cannot read IP mode file for STMicroelectronics.X-CUBE-AZRTOS-H7.3.2.0
2026-07-15 09:59:45,406 [INFO] ThirdParty:978 - Integrity check success = true
2026-07-15 09:59:45,406 [INFO] IntegrityCheckThread:100 - exiting critical section [integrity check]
2026-07-15 09:59:45,406 [INFO] IntegrityCheckThread:103 - End integrity checks thread
