2026-05-19 10:26:45,481 [INFO] Activator:176 - 


2026-05-19 10:26:45,485 [INFO] Activator:177 - !SESSION log4j initialized
2026-05-19 10:26:50,782 [INFO] LogOutputStream:77 - [STDOUT_REDIRECT] 
2026-05-19 10:27:21,091 [INFO] ApplicationProperties:184 - Using Application install path: C:\ST\STM32CubeIDE_1.13.0\STM32CubeIDE\plugins\com.st.stm32cube.common.mx_6.15.0.202507011659
2026-05-19 10:27:21,108 [INFO] DbMcusXml:78 - Set database path to: C:\ST\STM32CubeIDE_1.13.0\STM32CubeIDE\plugins\com.st.stm32cube.common.mx_6.15.0.202507011659\\db\/mcu/
2026-05-19 10:27:21,108 [INFO] ApiDb:274 - Set plugin database path to: C:\ST\STM32CubeIDE_1.13.0\STM32CubeIDE\plugins\com.st.stm32cube.common.mx_6.15.0.202507011659\\db\/plugins/boardmanager/
2026-05-19 10:27:21,108 [WARN] ApiDb:259 - Overriding images path with different value:  => C:\ST\STM32CubeIDE_1.13.0\STM32CubeIDE\plugins\com.st.stm32cube.common.mx_6.15.0.202507011659\\db\/plugins/mcufinder/images/
2026-05-19 10:27:21,116 [INFO] ApiDb:250 - Set database path to: C:\Users\Евгений\.stmcufinder\plugins\mcufinder//mcu/
2026-05-19 10:27:21,117 [INFO] DbMcusAds:125 - Set database path to: C:\Users\Евгений\.stmcufinder\plugins\mcufinder//mcu/
2026-05-19 10:27:33,142 [INFO] CrossReferenceDbSqlite:203 - Set database path to: C:\Users\Евгений\.stmcufinder\plugins\mcufinder//mcu/cs/
2026-05-19 10:27:33,237 [INFO] RulesReader:64 - Compatibility file has been processed (317 Rules)
2026-05-19 10:27:33,313 [INFO] DbMcusXml:78 - Set database path to: C:\ST\STM32CubeIDE_1.13.0\STM32CubeIDE\plugins\com.st.stm32cube.common.mx_6.15.0.202507011659\\db\/mcu/
2026-05-19 10:27:33,313 [INFO] ApiDb:274 - Set plugin database path to: C:\ST\STM32CubeIDE_1.13.0\STM32CubeIDE\plugins\com.st.stm32cube.common.mx_6.15.0.202507011659\\db\/plugins/boardmanager/
2026-05-19 10:27:33,313 [INFO] ApiDb:261 - Set plugin images path to: C:\ST\STM32CubeIDE_1.13.0\STM32CubeIDE\plugins\com.st.stm32cube.common.mx_6.15.0.202507011659\\db\/plugins/mcufinder/images/
2026-05-19 10:27:33,313 [WARN] DbFile:41 - Overriding database path with different value: C:\Users\Евгений\.stmcufinder\plugins\mcufinder/ => C:\Users\Евгений\.stmcufinder\plugins\mcufinder
2026-05-19 10:27:33,313 [INFO] ApiDb:250 - Set database path to: C:\Users\Евгений\.stmcufinder\plugins\mcufinder//mcu/
2026-05-19 10:27:33,313 [WARN] DbFile:41 - Overriding database path with different value: C:\Users\Евгений\.stmcufinder\plugins\mcufinder/ => C:\Users\Евгений\.stmcufinder\plugins\mcufinder
2026-05-19 10:27:33,313 [INFO] DbMcusAds:125 - Set database path to: C:\Users\Евгений\.stmcufinder\plugins\mcufinder//mcu/
2026-05-19 10:27:33,313 [WARN] DbFile:41 - Overriding database path with different value: C:\Users\Евгений\.stmcufinder\plugins\mcufinder/ => C:\Users\Евгений\.stmcufinder\plugins\mcufinder
2026-05-19 10:27:33,313 [WARN] DbFile:41 - Overriding database path with different value: C:\Users\Евгений\.stmcufinder\plugins\mcufinder/ => C:\Users\Евгений\.stmcufinder\plugins\mcufinder
2026-05-19 10:27:33,315 [INFO] CrossReferenceDbSqlite:203 - Set database path to: C:\Users\Евгений\.stmcufinder\plugins\mcufinder//mcu/cs/
2026-05-19 10:27:33,382 [INFO] MainPanel:274 - HeapMemory: 268435456
2026-05-19 10:27:33,477 [INFO] DbMcusXml:78 - Set database path to: C:\ST\STM32CubeIDE_1.13.0\STM32CubeIDE\plugins\com.st.stm32cube.common.mx_6.15.0.202507011659\\db\/mcu/
2026-05-19 10:27:33,477 [INFO] ApiDb:274 - Set plugin database path to: C:\ST\STM32CubeIDE_1.13.0\STM32CubeIDE\plugins\com.st.stm32cube.common.mx_6.15.0.202507011659\\db\/plugins/boardmanager/
2026-05-19 10:27:33,477 [INFO] ApiDb:261 - Set plugin images path to: C:\ST\STM32CubeIDE_1.13.0\STM32CubeIDE\plugins\com.st.stm32cube.common.mx_6.15.0.202507011659\\db\/plugins/mcufinder/images/
2026-05-19 10:27:33,477 [WARN] DbFile:41 - Overriding database path with different value: C:\Users\Евгений\.stmcufinder\plugins\mcufinder/ => C:\Users\Евгений\.stmcufinder\plugins\mcufinder
2026-05-19 10:27:33,478 [INFO] ApiDb:250 - Set database path to: C:\Users\Евгений\.stmcufinder\plugins\mcufinder//mcu/
2026-05-19 10:27:33,478 [WARN] DbFile:41 - Overriding database path with different value: C:\Users\Евгений\.stmcufinder\plugins\mcufinder/ => C:\Users\Евгений\.stmcufinder\plugins\mcufinder
2026-05-19 10:27:33,478 [INFO] DbMcusAds:125 - Set database path to: C:\Users\Евгений\.stmcufinder\plugins\mcufinder//mcu/
2026-05-19 10:27:33,478 [WARN] DbFile:41 - Overriding database path with different value: C:\Users\Евгений\.stmcufinder\plugins\mcufinder/ => C:\Users\Евгений\.stmcufinder\plugins\mcufinder
2026-05-19 10:27:33,478 [WARN] DbFile:41 - Overriding database path with different value: C:\Users\Евгений\.stmcufinder\plugins\mcufinder/ => C:\Users\Евгений\.stmcufinder\plugins\mcufinder
2026-05-19 10:27:33,478 [INFO] CrossReferenceDbSqlite:203 - Set database path to: C:\Users\Евгений\.stmcufinder\plugins\mcufinder//mcu/cs/
2026-05-19 10:27:33,493 [INFO] ApplicationProperties:184 - Using Application install path: C:\ST\STM32CubeIDE_1.13.0\STM32CubeIDE\plugins\com.st.stm32cube.common.mx_6.15.0.202507011659
2026-05-19 10:27:33,494 [INFO] PluginManage:196 - Search for loadable plugins [exclusion list=, ]
2026-05-19 10:27:33,495 [INFO] PluginManage:310 - Check plugin analytics
2026-05-19 10:27:50,639 [INFO] AnalyticsPlugin:253 - Accepted Software Licenses: STM32CubeMX.6.9.0,STM32CubeMX.6.6.1,STM32CubeMX.6.10.0
2026-05-19 10:27:50,639 [INFO] AnalyticsPlugin:255 - Accepted CMSIS Pack Licenses: 
2026-05-19 10:27:50,639 [INFO] AnalyticsPlugin:257 - Accepted Firmware Licenses: FW.F4.1.28.0
2026-05-19 10:27:50,641 [INFO] PluginManage:359 - Loaded plugin analytics (category:tool,tabindex:-1)
2026-05-19 10:27:50,641 [INFO] PluginManage:310 - Check plugin cadmodel
2026-05-19 10:27:50,647 [INFO] CADModel:105 - Init CAD model plugin
2026-05-19 10:27:50,647 [INFO] PluginManage:359 - Loaded plugin cadmodel (category:power,tabindex:5)
2026-05-19 10:27:50,647 [INFO] PluginManage:310 - Check plugin clock
2026-05-19 10:27:50,654 [INFO] PluginManage:359 - Loaded plugin clock (category:base,tabindex:2)
2026-05-19 10:27:50,655 [INFO] PluginManage:310 - Check plugin ddr
2026-05-19 10:27:50,656 [INFO] PluginManage:359 - Loaded plugin ddr (category:tool,tabindex:6)
2026-05-19 10:27:50,657 [INFO] PluginManage:310 - Check plugin filemanager
2026-05-19 10:27:50,778 [INFO] PluginManage:359 - Loaded plugin filemanager (category:base,tabindex:10)
2026-05-19 10:27:50,778 [INFO] PluginManage:310 - Check plugin ipmanager
2026-05-19 10:27:50,785 [INFO] PluginManage:359 - Loaded plugin ipmanager (category:base,tabindex:5)
2026-05-19 10:27:50,785 [INFO] PluginManage:310 - Check plugin lpbam
2026-05-19 10:27:50,793 [INFO] PluginManage:359 - Loaded plugin lpbam (category:base,tabindex:0)
2026-05-19 10:27:50,793 [INFO] PluginManage:310 - Check plugin memorymap
2026-05-19 10:27:50,805 [INFO] PluginManage:359 - Loaded plugin memorymap (category:base,tabindex:4)
2026-05-19 10:27:50,805 [INFO] PluginManage:310 - Check plugin pinoutandconfiguration
2026-05-19 10:27:50,813 [INFO] PluginManage:359 - Loaded plugin pinoutandconfiguration (category:base,tabindex:1)
2026-05-19 10:27:50,813 [INFO] PluginManage:310 - Check plugin pinoutconfig
2026-05-19 10:27:50,885 [WARN] SupportedApi:132 - Cannot load RTOS API schema: s4s-elt-must-match.1: The content of 'definitions' must match (annotation?, (simpleType | complexType)?, (unique | key | keyref)*)). A problem was found starting at: attribute.
2026-05-19 10:27:51,007 [INFO] PluginManage:359 - Loaded plugin pinoutconfig (category:base,tabindex:0)
2026-05-19 10:27:51,008 [INFO] PluginManage:310 - Check plugin power
2026-05-19 10:27:51,018 [INFO] PluginManage:359 - Loaded plugin power (category:power,tabindex:4)
2026-05-19 10:27:51,019 [INFO] PluginManage:310 - Check plugin projectmanager
2026-05-19 10:27:51,035 [INFO] PluginManage:359 - Loaded plugin projectmanager (category:projectmanager,tabindex:4)
2026-05-19 10:27:51,035 [INFO] PluginManage:310 - Check plugin rif
2026-05-19 10:27:51,044 [INFO] PluginManage:359 - Loaded plugin rif (category:base,tabindex:3)
2026-05-19 10:27:51,046 [INFO] PluginManage:310 - Check plugin thirdparty
2026-05-19 10:27:51,171 [INFO] PluginManage:359 - Loaded plugin thirdparty (category:base,tabindex:-1)
2026-05-19 10:27:51,171 [WARN] IntegrityCheckThread:84 - waiting for thirdparty lock release [integrity check]
2026-05-19 10:27:51,171 [INFO] PluginManage:310 - Check plugin tools
2026-05-19 10:27:51,171 [INFO] IntegrityCheckThread:86 - entering critical section [integrity check]
2026-05-19 10:27:51,171 [INFO] ThirdPartyUpdaterWithRetryManager:70 - Updater plugin not ready yet. [1/15]
2026-05-19 10:27:51,174 [INFO] PluginManage:359 - Loaded plugin tools (category:base,tabindex:7)
2026-05-19 10:27:51,174 [INFO] PluginManage:310 - Check plugin tutovideos
2026-05-19 10:27:51,340 [INFO] PluginManage:359 - Loaded plugin tutovideos (category:base,tabindex:-1)
2026-05-19 10:27:51,340 [INFO] PluginManage:310 - Check plugin updater
2026-05-19 10:27:51,360 [INFO] PluginManage:359 - Loaded plugin updater (category:base,tabindex:12)
2026-05-19 10:27:51,360 [INFO] PluginManage:310 - Check plugin userauth
2026-05-19 10:27:51,363 [INFO] UserAuth:118 - Init User Auth plugin
2026-05-19 10:27:51,363 [INFO] PluginManage:359 - Loaded plugin userauth (category:base,tabindex:14)
2026-05-19 10:27:51,365 [INFO] PluginManage:283 - PluginManage : Loaded plugins [18]
2026-05-19 10:27:51,560 [INFO] PinOutPanel:1589 - setPackage(No Configuration,No Configuration)
2026-05-19 10:27:51,627 [INFO] CADModel:165 - CPN selected for project level
2026-05-19 10:27:51,627 [INFO] CADModel:114 - Register for checkConnection events
2026-05-19 10:27:51,642 [INFO] IPUIPlugin:80 - create IPUIPlugin
2026-05-19 10:27:51,642 [INFO] PluginManager:220 - loadIPPluginJar : add adc
2026-05-19 10:27:51,644 [INFO] IPUIPlugin:80 - create IPUIPlugin
2026-05-19 10:27:51,644 [INFO] PluginManager:220 - loadIPPluginJar : add aes
2026-05-19 10:27:51,645 [INFO] IPUIPlugin:80 - create IPUIPlugin
2026-05-19 10:27:51,645 [INFO] PluginManager:220 - loadIPPluginJar : add can
2026-05-19 10:27:51,647 [INFO] IPUIPlugin:80 - create IPUIPlugin
2026-05-19 10:27:51,647 [INFO] PluginManager:220 - loadIPPluginJar : add comp
2026-05-19 10:27:51,649 [INFO] IPUIPlugin:80 - create IPUIPlugin
2026-05-19 10:27:51,649 [INFO] PluginManager:220 - loadIPPluginJar : add cryp
2026-05-19 10:27:51,651 [INFO] IPUIPlugin:80 - create IPUIPlugin
2026-05-19 10:27:51,651 [INFO] PluginManager:220 - loadIPPluginJar : add ddr_ctrl_phy
2026-05-19 10:27:51,653 [INFO] IPUIPlugin:80 - create IPUIPlugin
2026-05-19 10:27:51,653 [INFO] PluginManager:220 - loadIPPluginJar : add dfsdm
2026-05-19 10:27:51,657 [INFO] IPUIPlugin:80 - create IPUIPlugin
2026-05-19 10:27:51,657 [INFO] PluginManager:220 - loadIPPluginJar : add dma
2026-05-19 10:27:51,659 [INFO] IPUIPlugin:80 - create IPUIPlugin
2026-05-19 10:27:51,659 [INFO] PluginManager:220 - loadIPPluginJar : add dma3
2026-05-19 10:27:51,662 [INFO] IPUIPlugin:80 - create IPUIPlugin
2026-05-19 10:27:51,662 [INFO] PluginManager:220 - loadIPPluginJar : add extmemmanager
2026-05-19 10:27:51,662 [INFO] IPUIPlugin:80 - create IPUIPlugin
2026-05-19 10:27:51,662 [INFO] PluginManager:220 - loadIPPluginJar : add fatfs
2026-05-19 10:27:51,666 [INFO] IPUIPlugin:80 - create IPUIPlugin
2026-05-19 10:27:51,666 [INFO] PluginManager:220 - loadIPPluginJar : add fmc
2026-05-19 10:27:51,670 [INFO] IPUIPlugin:80 - create IPUIPlugin
2026-05-19 10:27:51,671 [INFO] PluginManager:220 - loadIPPluginJar : add freertos
2026-05-19 10:27:51,672 [INFO] IPUIPlugin:80 - create IPUIPlugin
2026-05-19 10:27:51,672 [INFO] PluginManager:220 - loadIPPluginJar : add genericplugin
2026-05-19 10:27:51,673 [INFO] IPUIPlugin:80 - create IPUIPlugin
2026-05-19 10:27:51,673 [INFO] PluginManager:220 - loadIPPluginJar : add gfxmmu
2026-05-19 10:27:51,676 [INFO] IPUIPlugin:80 - create IPUIPlugin
2026-05-19 10:27:51,678 [INFO] PluginManager:220 - loadIPPluginJar : add gic
2026-05-19 10:27:51,681 [INFO] IPUIPlugin:80 - create IPUIPlugin
2026-05-19 10:27:51,681 [INFO] PluginManager:220 - loadIPPluginJar : add gpio
2026-05-19 10:27:51,683 [INFO] IPUIPlugin:80 - create IPUIPlugin
2026-05-19 10:27:51,683 [INFO] PluginManager:220 - loadIPPluginJar : add gtzc
2026-05-19 10:27:51,685 [INFO] IPUIPlugin:80 - create IPUIPlugin
2026-05-19 10:27:51,685 [INFO] PluginManager:220 - loadIPPluginJar : add hash
2026-05-19 10:27:51,687 [INFO] IPUIPlugin:80 - create IPUIPlugin
2026-05-19 10:27:51,687 [INFO] PluginManager:220 - loadIPPluginJar : add i2c
2026-05-19 10:27:51,689 [INFO] IPUIPlugin:80 - create IPUIPlugin
2026-05-19 10:27:51,689 [INFO] PluginManager:220 - loadIPPluginJar : add i2s
2026-05-19 10:27:51,691 [INFO] IPUIPlugin:80 - create IPUIPlugin
2026-05-19 10:27:51,691 [INFO] PluginManager:220 - loadIPPluginJar : add i3c
2026-05-19 10:27:51,694 [INFO] IPUIPlugin:80 - create IPUIPlugin
2026-05-19 10:27:51,695 [INFO] PluginManager:220 - loadIPPluginJar : add ipddr
2026-05-19 10:27:51,700 [INFO] IPUIPlugin:80 - create IPUIPlugin
2026-05-19 10:27:51,700 [INFO] PluginManager:220 - loadIPPluginJar : add linkedlist
2026-05-19 10:27:51,702 [INFO] IPUIPlugin:80 - create IPUIPlugin
2026-05-19 10:27:51,702 [INFO] PluginManager:220 - loadIPPluginJar : add lorawan
2026-05-19 10:27:51,705 [INFO] IPUIPlugin:80 - create IPUIPlugin
2026-05-19 10:27:51,705 [INFO] PluginManager:220 - loadIPPluginJar : add ltdc
2026-05-19 10:27:51,709 [INFO] IPUIPlugin:80 - create IPUIPlugin
2026-05-19 10:27:51,709 [INFO] PluginManager:220 - loadIPPluginJar : add mdma
2026-05-19 10:27:51,711 [INFO] IPUIPlugin:80 - create IPUIPlugin
2026-05-19 10:27:51,711 [INFO] PluginManager:220 - loadIPPluginJar : add nvic
2026-05-19 10:27:51,714 [INFO] IPUIPlugin:80 - create IPUIPlugin
2026-05-19 10:27:51,714 [INFO] PluginManager:220 - loadIPPluginJar : add opamp
2026-05-19 10:27:51,716 [INFO] IPUIPlugin:80 - create IPUIPlugin
2026-05-19 10:27:51,716 [INFO] PluginManager:220 - loadIPPluginJar : add openamp
2026-05-19 10:27:51,718 [INFO] IPUIPlugin:80 - create IPUIPlugin
2026-05-19 10:27:51,718 [INFO] PluginManager:220 - loadIPPluginJar : add pdm2pcm
2026-05-19 10:27:51,723 [INFO] IPUIPlugin:80 - create IPUIPlugin
2026-05-19 10:27:51,725 [INFO] PluginManager:220 - loadIPPluginJar : add plateformsettings
2026-05-19 10:27:51,726 [INFO] IPUIPlugin:80 - create IPUIPlugin
2026-05-19 10:27:51,726 [INFO] PluginManager:220 - loadIPPluginJar : add quadspi
2026-05-19 10:27:51,728 [INFO] IPUIPlugin:80 - create IPUIPlugin
2026-05-19 10:27:51,728 [INFO] PluginManager:220 - loadIPPluginJar : add radio
2026-05-19 10:27:51,730 [INFO] IPUIPlugin:80 - create IPUIPlugin
2026-05-19 10:27:51,730 [INFO] PluginManager:220 - loadIPPluginJar : add resmgrutility
2026-05-19 10:27:51,733 [INFO] IPUIPlugin:80 - create IPUIPlugin
2026-05-19 10:27:51,734 [INFO] PluginManager:220 - loadIPPluginJar : add sai
2026-05-19 10:27:51,736 [INFO] IPUIPlugin:80 - create IPUIPlugin
2026-05-19 10:27:51,736 [INFO] PluginManager:220 - loadIPPluginJar : add spi
2026-05-19 10:27:51,740 [INFO] IPUIPlugin:80 - create IPUIPlugin
2026-05-19 10:27:51,740 [INFO] PluginManager:220 - loadIPPluginJar : add stm32_wpan
2026-05-19 10:27:51,742 [INFO] IPUIPlugin:80 - create IPUIPlugin
2026-05-19 10:27:51,742 [INFO] PluginManager:220 - loadIPPluginJar : add tim
2026-05-19 10:27:51,743 [INFO] IPUIPlugin:80 - create IPUIPlugin
2026-05-19 10:27:51,744 [INFO] PluginManager:220 - loadIPPluginJar : add touchsensing
2026-05-19 10:27:51,745 [INFO] IPUIPlugin:80 - create IPUIPlugin
2026-05-19 10:27:51,745 [INFO] PluginManager:220 - loadIPPluginJar : add tracer_emb
2026-05-19 10:27:51,747 [INFO] IPUIPlugin:80 - create IPUIPlugin
2026-05-19 10:27:51,747 [INFO] PluginManager:220 - loadIPPluginJar : add ts
2026-05-19 10:27:51,748 [INFO] IPUIPlugin:80 - create IPUIPlugin
2026-05-19 10:27:51,748 [INFO] PluginManager:220 - loadIPPluginJar : add tsc
2026-05-19 10:27:51,749 [INFO] IPUIPlugin:80 - create IPUIPlugin
2026-05-19 10:27:51,749 [INFO] PluginManager:220 - loadIPPluginJar : add ucpd
2026-05-19 10:27:51,752 [INFO] IPUIPlugin:80 - create IPUIPlugin
2026-05-19 10:27:51,752 [INFO] PluginManager:220 - loadIPPluginJar : add usart
2026-05-19 10:27:51,754 [INFO] IPUIPlugin:80 - create IPUIPlugin
2026-05-19 10:27:51,754 [INFO] PluginManager:220 - loadIPPluginJar : add usbx
2026-05-19 10:27:51,869 [FATAL] Updater:351 - Updater called before beeing initialized
2026-05-19 10:27:51,894 [INFO] RulesReader:64 - Compatibility file has been processed (317 Rules)
2026-05-19 10:27:51,903 [INFO] RulesReader:64 - Compatibility file has been processed (317 Rules)
2026-05-19 10:27:51,910 [INFO] CADModel:165 - CPN selected for project level
2026-05-19 10:27:51,910 [INFO] CADModel:114 - Register for checkConnection events
2026-05-19 10:27:51,910 [FATAL] Updater:351 - Updater called before beeing initialized
2026-05-19 10:27:51,911 [ERROR] CADModel:125 - Updater not yet initialized, retry later 
2026-05-19 10:27:52,092 [FATAL] Updater:351 - Updater called before beeing initialized
2026-05-19 10:27:52,094 [INFO] CADModel:165 - CPN selected for project level
2026-05-19 10:27:52,094 [INFO] CADModel:114 - Register for checkConnection events
2026-05-19 10:27:52,094 [FATAL] Updater:351 - Updater called before beeing initialized
2026-05-19 10:27:52,096 [ERROR] CADModel:125 - Updater not yet initialized, retry later 
2026-05-19 10:27:52,098 [FATAL] Updater:351 - Updater called before beeing initialized
2026-05-19 10:27:52,212 [FATAL] Updater:351 - Updater called before beeing initialized
2026-05-19 10:27:52,215 [INFO] DbMcusAds:53 - JSON generation date=Mon Apr 27 11:14:29 MSK 2026 (1777277669577)
2026-05-19 10:27:52,215 [FATAL] Updater:351 - Updater called before beeing initialized
2026-05-19 10:27:52,248 [WARN] DetailPanel:346 - Failed to get advertising image, set to default
2026-05-19 10:27:52,315 [FATAL] Updater:351 - Updater called before beeing initialized
2026-05-19 10:27:52,316 [FATAL] Updater:351 - Updater called before beeing initialized
2026-05-19 10:27:52,316 [FATAL] Updater:351 - Updater called before beeing initialized
2026-05-19 10:27:52,316 [WARN] DetailPanel:346 - Failed to get advertising image, set to default
2026-05-19 10:27:52,317 [FATAL] Updater:351 - Updater called before beeing initialized
2026-05-19 10:27:52,354 [ERROR] Updater:1198 - MainUpdater not yet initialized. External WinMGr cannot be set.
2026-05-19 10:27:52,356 [INFO] Updater:1134 - Updater Version found : 6.15.0
2026-05-19 10:27:52,371 [INFO] ApplicationProperties:184 - Using Application install path: C:\ST\STM32CubeIDE_1.13.0\STM32CubeIDE\plugins\com.st.stm32cube.common.mx_6.15.0.202507011659
2026-05-19 10:27:53,433 [INFO] MainUpdater:2872 - connection check result : 10
2026-05-19 10:27:53,434 [INFO] MainUpdater:289 - Updater Check For Update Now.
2026-05-19 10:27:53,434 [INFO] MicroXplorer:498 - Change Database Version : DB.6.0.150
2026-05-19 10:27:53,441 [INFO] McuFinderGlobals:63 - Set McuFinder mode to 2 (CubeIDE integrated)
2026-05-19 10:27:53,441 [INFO] UserAuth:487 - Internet connection configuration mode: 1
2026-05-19 10:27:53,460 [INFO] JxBrowserEngine:152 - Initiate JxBrowser Engine with user profile folder
2026-05-19 10:27:53,602 [INFO] CheckServerUpdateThread:120 - End of CheckServer Thread
2026-05-19 10:27:55,019 [WARN] PackLoader:240 - Cannot read IP mode file for STMicroelectronics.X-CUBE-AZRTOS-H7.3.5.0
2026-05-19 10:27:55,031 [WARN] PackLoader:240 - Cannot read IP mode file for STMicroelectronics.FP-SNS-MOTENVWB1.1.4.0
2026-05-19 10:27:55,034 [INFO] WebApp:169 - Instantiating new browser for Auth
2026-05-19 10:27:55,038 [WARN] PackLoader:240 - Cannot read IP mode file for STMicroelectronics.FP-ATR-ASTRA1.2.0.2
2026-05-19 10:27:55,048 [WARN] PackLoader:240 - Cannot read IP mode file for STMicroelectronics.X-CUBE-SMBUS.2.1.0
2026-05-19 10:27:55,075 [WARN] PackLoader:240 - Cannot read IP mode file for STMicroelectronics.X-CUBE-ST60.1.0.0
2026-05-19 10:27:55,084 [WARN] PackLoader:240 - Cannot read IP mode file for STMicroelectronics.X-CUBE-TOUCHGFX.4.23.0
2026-05-19 10:27:55,119 [WARN] PackLoader:240 - Cannot read IP mode file for STMicroelectronics.X-CUBE-AZRTOS-F7.1.1.0
2026-05-19 10:27:55,133 [WARN] PackLoader:240 - Cannot read IP mode file for STMicroelectronics.FP-SNS-MOTENV1.4.3.2
2026-05-19 10:27:55,139 [ERROR] RealEvaluatedCondition:428 - Found unsupported composite condition: CLASS='Data Exchange' GROUP='STM32_MetaDataManager'
2026-05-19 10:27:55,139 [ERROR] RealEvaluatedCondition:428 - Found unsupported composite condition: GROUP='STM32_MetaDataManager' CLASS='Data Exchange'
2026-05-19 10:27:55,140 [WARN] PackLoader:240 - Cannot read IP mode file for STMicroelectronics.FP-SNS-MOTENV1.4.3.1
2026-05-19 10:27:55,147 [WARN] PackLoader:240 - Cannot read IP mode file for STMicroelectronics.FP-SNS-FLIGHT1.5.0.1
2026-05-19 10:27:55,154 [WARN] PackLoader:240 - Cannot read IP mode file for STMicroelectronics.X-CUBE-BLE1.6.2.3
2026-05-19 10:27:55,160 [WARN] PackLoader:240 - Cannot read IP mode file for STMicroelectronics.X-CUBE-BLE1.6.2.4
2026-05-19 10:27:55,166 [WARN] PackLoader:240 - Cannot read IP mode file for STMicroelectronics.FP-SNS-MOTENV1.5.1.0
2026-05-19 10:27:55,170 [WARN] PackLoader:240 - Cannot read IP mode file for STMicroelectronics.FP-SNS-FLIGHT1.5.0.2
2026-05-19 10:27:55,188 [WARN] PackLoader:240 - Cannot read IP mode file for STMicroelectronics.X-CUBE-AZRTOS-H7.3.4.0
2026-05-19 10:27:55,196 [WARN] PackLoader:240 - Cannot read IP mode file for STMicroelectronics.X-CUBE-DISPLAY.3.0.0
2026-05-19 10:27:55,208 [WARN] PackLoader:240 - Cannot read IP mode file for STMicroelectronics.X-CUBE-GNSS1.7.1.1
2026-05-19 10:27:55,213 [WARN] PackLoader:240 - Cannot read IP mode file for STMicroelectronics.FP-SNS-MOTENVWB1.1.5.0
2026-05-19 10:27:55,220 [WARN] PackLoader:240 - Cannot read IP mode file for STMicroelectronics.X-CUBE-BLE1.7.0.0
2026-05-19 10:27:55,227 [WARN] PackLoader:240 - Cannot read IP mode file for STMicroelectronics.X-CUBE-NFC10.1.0.0
2026-05-19 10:27:55,239 [WARN] PackLoader:240 - Cannot read IP mode file for STMicroelectronics.X-CUBE-BLEMGR.4.0.0
2026-05-19 10:27:55,248 [WARN] PackLoader:240 - Cannot read IP mode file for STMicroelectronics.X-CUBE-ST60.1.1.0
2026-05-19 10:27:55,251 [WARN] PackLoader:240 - Cannot read IP mode file for STMicroelectronics.X-CUBE-TOUCHGFX.4.22.0
2026-05-19 10:27:55,255 [WARN] PackLoader:240 - Cannot read IP mode file for STMicroelectronics.X-CUBE-GNSS1.7.1.0
2026-05-19 10:27:55,259 [WARN] PackLoader:240 - Cannot read IP mode file for STMicroelectronics.X-CUBE-TOUCHGFX.4.22.1
2026-05-19 10:27:55,288 [WARN] PackLoader:240 - Cannot read IP mode file for STMicroelectronics.X-CUBE-MEMS1.9.3.0
2026-05-19 10:27:55,395 [WARN] ConditionMgr:438 - getConditionDescription Invalid condition id : Cortex-A Device cause : null
2026-05-19 10:27:55,410 [INFO] LogOutputStream:77 - [STDOUT_REDIRECT] [ThirdParty] unknown protocol: c
2026-05-19 10:27:55,410 [WARN] PackLoader:240 - Cannot read IP mode file for quantropi.X-CUBE-qispace-sdk-base.2.0.0
2026-05-19 10:27:55,410 [WARN] ConditionMgr:1044 - genDependencies : Invalid condition id : Cortex-A Device cause : null
2026-05-19 10:27:55,410 [WARN] ConditionMgr:1044 - genDependencies : Invalid condition id : Cortex-A Device cause : null
2026-05-19 10:27:55,410 [WARN] ConditionMgr:1044 - genDependencies : Invalid condition id : Cortex-A Device cause : null
2026-05-19 10:27:55,415 [WARN] PackLoader:240 - Cannot read IP mode file for STMicroelectronics.X-CUBE-AI.10.0.0
2026-05-19 10:27:55,424 [WARN] PackLoader:240 - Cannot read IP mode file for STMicroelectronics.FP-SNS-STBOX1.2.1.0
2026-05-19 10:27:55,430 [WARN] PackLoader:240 - Cannot read IP mode file for STMicroelectronics.FP-SNS-SMARTAG2.1.2.0
2026-05-19 10:27:55,434 [WARN] PackLoader:240 - Cannot read IP mode file for STMicroelectronics.FP-SNS-FLIGHT1.5.1.0
2026-05-19 10:27:55,447 [INFO] LogOutputStream:77 - [STDOUT_REDIRECT] 1 : Invalid condition id : UX_CORESTACK_Condition cause : null
2026-05-19 10:27:55,449 [INFO] LogOutputStream:77 - [STDOUT_REDIRECT] 1 : Invalid condition id : UX_CORESTACK_Condition cause : null
2026-05-19 10:27:55,450 [INFO] LogOutputStream:77 - [STDOUT_REDIRECT] 1 : Invalid condition id : UX_CORESTACK_Condition cause : null
2026-05-19 10:27:55,452 [INFO] LogOutputStream:77 - [STDOUT_REDIRECT] 1 : Invalid condition id : UX_CORESTACK_Condition cause : null
2026-05-19 10:27:55,453 [INFO] LogOutputStream:77 - [STDOUT_REDIRECT] 1 : Invalid condition id : UX_CORESTACK_Condition cause : null
2026-05-19 10:27:55,455 [WARN] PackLoader:240 - Cannot read IP mode file for STMicroelectronics.X-CUBE-AZRTOS-WL.2.0.0
2026-05-19 10:27:55,461 [WARN] PackLoader:240 - Cannot read IP mode file for STMicroelectronics.FP-SNS-MOTENV1.5.0.0
2026-05-19 10:27:55,488 [WARN] PackLoader:240 - Cannot read IP mode file for STMicroelectronics.X-CUBE-AZRTOS-H7RS.1.2.0
2026-05-19 10:27:55,498 [WARN] PackLoader:240 - Cannot read IP mode file for WES.I-CUBE-Cesium.1.3.0
2026-05-19 10:27:55,503 [WARN] PackLoader:240 - Cannot read IP mode file for STMicroelectronics.X-CUBE-BLE2.3.3.0
2026-05-19 10:27:55,516 [INFO] LogOutputStream:77 - [STDOUT_REDIRECT] [ThirdParty] unknown protocol: c
2026-05-19 10:27:55,516 [WARN] PackLoader:240 - Cannot read IP mode file for Avnet-IOTCONNECT.X-CUBE-iotc-st67-sdk.1.0.0
2026-05-19 10:27:55,520 [WARN] PackLoader:240 - Cannot read IP mode file for STMicroelectronics.X-CUBE-DISPLAY.2.2.0
2026-05-19 10:27:55,544 [WARN] PackLoader:240 - Cannot read IP mode file for STMicroelectronics.X-CUBE-TOF1.3.2.0
2026-05-19 10:27:55,568 [WARN] PackLoader:240 - Cannot read IP mode file for STMicroelectronics.X-CUBE-NFC9.1.0.0
2026-05-19 10:27:55,596 [WARN] PackLoader:240 - Cannot read IP mode file for STMicroelectronics.X-CUBE-AZRTOS-H7.2.1.0
2026-05-19 10:27:55,627 [WARN] PackLoader:240 - Cannot read IP mode file for STMicroelectronics.X-CUBE-BLE1.7.1.0
2026-05-19 10:27:55,636 [WARN] PackLoader:240 - Cannot read IP mode file for wolfSSL.I-CUBE-wolfMQTT.1.19.2
2026-05-19 10:27:55,655 [WARN] PackLoader:240 - Cannot read IP mode file for STMicroelectronics.X-CUBE-FREERTOS.1.4.0
2026-05-19 10:27:55,668 [WARN] PackLoader:240 - Cannot read IP mode file for STMicroelectronics.X-CUBE-EEPRMA1.5.2.0
2026-05-19 10:27:55,674 [WARN] PackLoader:240 - Cannot read IP mode file for STMicroelectronics.X-CUBE-TOUCHGFX.4.21.0
2026-05-19 10:27:55,678 [WARN] PackLoader:240 - Cannot read IP mode file for STMicroelectronics.X-CUBE-TOUCHGFX.4.21.3
2026-05-19 10:27:55,682 [WARN] PackLoader:240 - Cannot read IP mode file for STMicroelectronics.X-CUBE-TOUCHGFX.4.21.4
2026-05-19 10:27:55,735 [WARN] PackLoader:240 - Cannot read IP mode file for STMicroelectronics.X-CUBE-MEMS1.9.4.0
2026-05-19 10:27:55,840 [WARN] PackLoader:240 - Cannot read IP mode file for STMicroelectronics.X-CUBE-AI.7.3.0
2026-05-19 10:27:55,845 [WARN] PackLoader:240 - Cannot read IP mode file for STMicroelectronics.X-CUBE-ST67W61.1.1.0
2026-05-19 10:27:55,850 [WARN] PackLoader:240 - Cannot read IP mode file for STMicroelectronics.X-CUBE-AI.10.1.0
2026-05-19 10:27:55,860 [WARN] PackLoader:240 - Cannot read IP mode file for STMicroelectronics.FP-SNS-STAIOTCFT.1.1.0
2026-05-19 10:27:55,911 [WARN] PackLoader:240 - Cannot read IP mode file for STMicroelectronics.X-CUBE-MEMS1.12.0.0
2026-05-19 10:27:56,044 [WARN] PackLoader:240 - Cannot read IP mode file for STMicroelectronics.X-CUBE-ALGOBUILD.1.3.0
2026-05-19 10:27:56,101 [WARN] PackLoader:240 - Cannot read IP mode file for STMicroelectronics.X-CUBE-MEMS1.11.2.0
2026-05-19 10:27:56,179 [INFO] WebApp:463 - Apply proxy settings
2026-05-19 10:27:56,179 [INFO] WebApp:548 - Chromium requires no authentication
2026-05-19 10:27:56,200 [INFO] WebApp:491 - Direct internet connection detected
2026-05-19 10:27:56,229 [WARN] PackLoader:240 - Cannot read IP mode file for STMicroelectronics.X-CUBE-AZRTOS-G0.1.1.0
2026-05-19 10:27:56,240 [WARN] PackLoader:240 - Cannot read IP mode file for STMicroelectronics.X-CUBE-SAFEA1.1.2.2
2026-05-19 10:27:56,243 [INFO] WebApp:900 - Register for checkConnection events
2026-05-19 10:27:56,243 [INFO] WebApp:463 - Apply proxy settings
2026-05-19 10:27:56,243 [INFO] WebApp:548 - Chromium requires no authentication
2026-05-19 10:27:56,245 [INFO] WebApp:491 - Direct internet connection detected
2026-05-19 10:27:56,248 [WARN] PackLoader:240 - Cannot read IP mode file for STMicroelectronics.X-CUBE-NFC4.3.0.0
2026-05-19 10:27:56,292 [WARN] PackLoader:240 - Cannot read IP mode file for SEGGER.I-CUBE-embOS.1.2.1
2026-05-19 10:27:56,335 [WARN] PackLoader:240 - Cannot read IP mode file for EmbeddedOffice.I-CUBE-FS-RTOS.1.0.1
2026-05-19 10:27:56,341 [WARN] PackLoader:240 - Cannot read IP mode file for STMicroelectronics.X-CUBE-WB05N.2.0.0
2026-05-19 10:27:56,349 [WARN] PackLoader:240 - Cannot read IP mode file for STMicroelectronics.X-CUBE-BLEMGR.3.0.0
2026-05-19 10:27:56,356 [WARN] PackLoader:240 - Cannot read IP mode file for wolfSSL.I-CUBE-wolfTPM.3.8.0
2026-05-19 10:27:56,363 [WARN] PackLoader:240 - Cannot read IP mode file for STMicroelectronics.X-CUBE-BLEMGR.1.3.0
2026-05-19 10:27:56,371 [WARN] PackLoader:240 - Cannot read IP mode file for STMicroelectronics.X-CUBE-TCPP.4.2.0
2026-05-19 10:27:56,380 [WARN] PackLoader:240 - Cannot read IP mode file for RealThread.X-CUBE-RT-Thread_Nano.4.1.1
2026-05-19 10:27:56,385 [WARN] PackLoader:240 - Cannot read IP mode file for STMicroelectronics.FP-ATR-SIGFOX1.3.2.0
2026-05-19 10:27:56,389 [WARN] PackLoader:240 - Cannot read IP mode file for STMicroelectronics.X-CUBE-EEPRMA1.5.1.0
2026-05-19 10:27:56,394 [WARN] PackLoader:240 - Cannot read IP mode file for STMicroelectronics.X-CUBE-FREERTOS.1.5.0
2026-05-19 10:27:56,397 [WARN] PackLoader:240 - Cannot read IP mode file for STMicroelectronics.X-CUBE-TOUCHGFX.4.20.0
2026-05-19 10:27:56,404 [WARN] PackLoader:240 - Cannot read IP mode file for STMicroelectronics.X-CUBE-NFC6.3.2.0
2026-05-19 10:27:56,427 [WARN] PackLoader:240 - Cannot read IP mode file for STMicroelectronics.X-CUBE-MEMS1.9.5.0
2026-05-19 10:27:56,490 [INFO] WebApp:225 - Starting web application
2026-05-19 10:27:56,490 [INFO] WebApp:593 - Web application path used C:\ST\STM32CubeIDE_1.13.0\STM32CubeIDE\plugins\com.st.stm32cube.common.mx_6.15.0.202507011659\db\plugins\mcufinder\reactClient1\index.html
2026-05-19 10:27:56,497 [WARN] PackLoader:240 - Cannot read IP mode file for STMicroelectronics.X-CUBE-ST67W61.1.0.0
2026-05-19 10:27:56,501 [WARN] PackLoader:240 - Cannot read IP mode file for STMicroelectronics.X-CUBE-AI.10.2.0
2026-05-19 10:27:56,548 [WARN] PackLoader:240 - Cannot read IP mode file for STMicroelectronics.X-CUBE-MEMS1.12.1.0
2026-05-19 10:27:56,661 [WARN] PackLoader:240 - Cannot read IP mode file for SEGGER.I-CUBE-embOS.1.3.1
2026-05-19 10:27:56,696 [WARN] PackLoader:240 - Cannot read IP mode file for STMicroelectronics.X-CUBE-ALGOBUILD.1.4.0
2026-05-19 10:27:56,733 [WARN] PackLoader:240 - Cannot read IP mode file for STMicroelectronics.X-CUBE-MEMS1.11.3.0
2026-05-19 10:27:56,769 [INFO] UserAuth:487 - Internet connection configuration mode: 1
2026-05-19 10:27:56,839 [WARN] PackLoader:240 - Cannot read IP mode file for STMicroelectronics.X-CUBE-PM33A1.1.0.0
2026-05-19 10:27:56,847 [WARN] PackLoader:240 - Cannot read IP mode file for STMicroelectronics.X-CUBE-GNSS1.6.0.0
2026-05-19 10:27:56,867 [WARN] PackLoader:240 - Cannot read IP mode file for STMicroelectronics.X-CUBE-AZRTOS-F4.1.1.0
2026-05-19 10:27:56,875 [WARN] PackLoader:240 - Cannot read IP mode file for Avnet-IotConnect.X-CUBE-IoTC-DA16k-PMOD.1.0.0
2026-05-19 10:27:56,881 [WARN] PackLoader:240 - Cannot read IP mode file for STMicroelectronics.X-CUBE-ISPU.2.1.0
2026-05-19 10:27:56,896 [WARN] PackLoader:240 - Cannot read IP mode file for STMicroelectronics.X-CUBE-IPS.3.2.0
2026-05-19 10:27:56,919 [WARN] PackLoader:240 - Cannot read IP mode file for STMicroelectronics.eDS-WB_DPC_TT-BIDIR.2.1.1
2026-05-19 10:27:56,931 [WARN] PackLoader:240 - Cannot read IP mode file for STMicroelectronics.X-CUBE-NFC12.1.0.0
2026-05-19 10:27:56,941 [WARN] PackLoader:240 - Cannot read IP mode file for STMicroelectronics.X-CUBE-BLEMGR.1.2.0
2026-05-19 10:27:56,960 [WARN] PackLoader:240 - Cannot read IP mode file for STMicroelectronics.X-CUBE-AZRTOS-L5.2.0.0
2026-05-19 10:27:56,994 [WARN] PackLoader:240 - Cannot read IP mode file for STMicroelectronics.X-CUBE-MEMS1.9.6.0
2026-05-19 10:27:57,051 [INFO] WebApp:191 - Connection restablished
2026-05-19 10:27:57,082 [WARN] PackLoader:240 - Cannot read IP mode file for STMicroelectronics.X-CUBE-EEPRMA1.4.2.0
2026-05-19 10:27:57,092 [WARN] PackLoader:240 - Cannot read IP mode file for STMicroelectronics.X-CUBE-NFC6.3.1.0
2026-05-19 10:27:57,099 [WARN] PackLoader:240 - Cannot read IP mode file for ITTIA_DB.I-CUBE-ITTIADB.8.8.0
2026-05-19 10:27:57,104 [WARN] PackLoader:240 - Cannot read IP mode file for emotas.I-CUBE-CANOPEN.1.1.3
2026-05-19 10:27:57,110 [WARN] PackLoader:240 - Cannot read IP mode file for STMicroelectronics.X-CUBE-BLEMGR.2.0.0
2026-05-19 10:27:57,114 [WARN] PackLoader:240 - Cannot read IP mode file for STMicroelectronics.eDS-WB_DPC_VIENNA.1.2.0
2026-05-19 10:27:57,119 [WARN] PackLoader:240 - Cannot read IP mode file for STMicroelectronics.X-CUBE-NFC4.2.0.5
2026-05-19 10:27:57,123 [WARN] PackLoader:240 - Cannot read IP mode file for STMicroelectronics.eDS-WB_DPC_3PH2L-BIDIR.1.1.1
2026-05-19 10:27:57,126 [WARN] PackLoader:240 - Cannot read IP mode file for STMicroelectronics.X-CUBE-NFC4.2.0.4
2026-05-19 10:27:57,134 [WARN] ConditionMgr:438 - getConditionDescription Invalid condition id : UX DEVICE CLASS RTOS Condition cause : null
2026-05-19 10:27:57,136 [WARN] ConditionMgr:438 - getConditionDescription Invalid condition id : UX DEVICE CLASS RTOS Condition cause : null
2026-05-19 10:27:57,137 [WARN] PackLoader:240 - Cannot read IP mode file for STMicroelectronics.X-CUBE-AZRTOS-H7.3.1.0
2026-05-19 10:27:57,138 [WARN] ConditionMgr:1044 - genDependencies : Invalid condition id : UX DEVICE CLASS RTOS Condition cause : null
2026-05-19 10:27:57,138 [WARN] ConditionMgr:1044 - genDependencies : Invalid condition id : UX DEVICE CLASS RTOS Condition cause : null
2026-05-19 10:27:57,138 [WARN] ConditionMgr:1044 - genDependencies : Invalid condition id : UX DEVICE CLASS RTOS Condition cause : null
2026-05-19 10:27:57,139 [WARN] ConditionMgr:1044 - genDependencies : Invalid condition id : UX DEVICE CLASS RTOS Condition cause : null
2026-05-19 10:27:57,139 [WARN] ConditionMgr:1044 - genDependencies : Invalid condition id : UX DEVICE CLASS RTOS Condition cause : null
2026-05-19 10:27:57,142 [ERROR] Engine:466 - C:\Users\Евгений\.stm32cubemx\thirdparties\pdsc\STMicroelectronics.X-CUBE-ST67W61.1.3.0.pdsc: PDSC version is not supported
2026-05-19 10:27:57,145 [WARN] PackLoader:240 - Cannot read IP mode file for wolfSSL.I-CUBE-wolfSSL.5.5.3
2026-05-19 10:27:57,150 [WARN] PackLoader:240 - Cannot read IP mode file for STMicroelectronics.X-CUBE-FREERTOS.1.3.1
2026-05-19 10:27:57,155 [WARN] PackLoader:240 - Cannot read IP mode file for STMicroelectronics.X-CUBE-NFC7.1.0.1
2026-05-19 10:27:57,160 [WARN] PackLoader:240 - Cannot read IP mode file for STMicroelectronics.X-CUBE-NFC7.1.0.0
2026-05-19 10:27:57,164 [WARN] PackLoader:240 - Cannot read IP mode file for STMicroelectronics.X-CUBE-TOUCHGFX.4.26.0
2026-05-19 10:27:57,170 [WARN] PackLoader:240 - Cannot read IP mode file for STMicroelectronics.X-CUBE-NFC6.3.0.0
2026-05-19 10:27:57,174 [WARN] PackLoader:240 - Cannot read IP mode file for STMicroelectronics.X-CUBE-TOUCHGFX.4.26.1
2026-05-19 10:27:57,178 [WARN] PackLoader:240 - Cannot read IP mode file for STMicroelectronics.X-CUBE-EEPRMA1.4.1.0
2026-05-19 10:27:57,184 [WARN] PackLoader:240 - Cannot read IP mode file for STMicroelectronics.FP-SNS-STAIOTCFT.1.0.0
2026-05-19 10:27:57,191 [WARN] PackLoader:240 - Cannot read IP mode file for STMicroelectronics.X-CUBE-DPower.1.3.0
2026-05-19 10:27:57,194 [WARN] PackLoader:240 - Cannot read IP mode file for STMicroelectronics.X-CUBE-AI.8.1.0
2026-05-19 10:27:57,206 [WARN] ConditionMgr:438 - getConditionDescription Invalid condition id : LAN8742 Phy interface Condition cause : null
2026-05-19 10:27:57,206 [WARN] PackLoader:240 - Cannot read IP mode file for STMicroelectronics.X-CUBE-AZRTOS-L4.2.0.0
2026-05-19 10:27:57,207 [WARN] ConditionMgr:1044 - genDependencies : Invalid condition id : LAN8742 Phy interface Condition cause : null
2026-05-19 10:27:57,207 [WARN] ConditionMgr:1044 - genDependencies : Invalid condition id : LAN8742 Phy interface Condition cause : null
2026-05-19 10:27:57,207 [WARN] ConditionMgr:1044 - genDependencies : Invalid condition id : LAN8742 Phy interface Condition cause : null
2026-05-19 10:27:57,214 [WARN] PackLoader:240 - Cannot read IP mode file for STMicroelectronics.X-CUBE-SFXS2LP1.4.0.0
2026-05-19 10:27:57,226 [WARN] PackLoader:240 - Cannot read IP mode file for STMicroelectronics.X-CUBE-AZRTOS-H7.3.0.0
2026-05-19 10:27:57,232 [WARN] PackLoader:240 - Cannot read IP mode file for STMicroelectronics.X-CUBE-WB05N.2.1.0
2026-05-19 10:27:57,236 [WARN] PackLoader:240 - Cannot read IP mode file for STMicroelectronics.X-CUBE-ST67W61.1.2.0
2026-05-19 10:27:57,238 [WARN] PackLoader:240 - Cannot read IP mode file for STMicroelectronics.X-CUBE-ISPU.1.1.0
2026-05-19 10:27:57,253 [WARN] PackLoader:240 - Cannot read IP mode file for STMicroelectronics.X-CUBE-AZRTOS-H7.3.3.0
2026-05-19 10:27:57,260 [WARN] PackLoader:240 - Cannot read IP mode file for RoweBots.I-CUBE-UNISONRTOS.5.5.0-4
2026-05-19 10:27:57,266 [WARN] PackLoader:240 - Cannot read IP mode file for STMicroelectronics.X-CUBE-BLEMGR.4.1.0
2026-05-19 10:27:57,272 [WARN] PackLoader:240 - Cannot read IP mode file for STMicroelectronics.X-CUBE-AI.8.0.0
2026-05-19 10:27:57,282 [WARN] ConditionMgr:438 - getConditionDescription Invalid condition id : UX DEVICE CLASS RTOS Condition cause : null
2026-05-19 10:27:57,282 [WARN] ConditionMgr:438 - getConditionDescription Invalid condition id : UX DEVICE CLASS RTOS Condition cause : null
2026-05-19 10:27:57,283 [WARN] PackLoader:240 - Cannot read IP mode file for STMicroelectronics.X-CUBE-AZRTOS-WB.2.0.0
2026-05-19 10:27:57,283 [WARN] ConditionMgr:1044 - genDependencies : Invalid condition id : UX DEVICE CLASS RTOS Condition cause : null
2026-05-19 10:27:57,283 [WARN] ConditionMgr:1044 - genDependencies : Invalid condition id : UX DEVICE CLASS RTOS Condition cause : null
2026-05-19 10:27:57,284 [WARN] ConditionMgr:1044 - genDependencies : Invalid condition id : UX DEVICE CLASS RTOS Condition cause : null
2026-05-19 10:27:57,284 [WARN] ConditionMgr:1044 - genDependencies : Invalid condition id : UX DEVICE CLASS RTOS Condition cause : null
2026-05-19 10:27:57,284 [WARN] ConditionMgr:1044 - genDependencies : Invalid condition id : UX DEVICE CLASS RTOS Condition cause : null
2026-05-19 10:27:57,288 [WARN] PackLoader:240 - Cannot read IP mode file for STMicroelectronics.X-CUBE-FREERTOS.1.0.1
2026-05-19 10:27:57,294 [WARN] PackLoader:240 - Cannot read IP mode file for STMicroelectronics.X-CUBE-GNSS1.7.0.1
2026-05-19 10:27:57,298 [WARN] PackLoader:240 - Cannot read IP mode file for STMicroelectronics.X-CUBE-TOUCHGFX.4.25.0
2026-05-19 10:27:57,303 [WARN] PackLoader:240 - Cannot read IP mode file for STMicroelectronics.FP-SNS-STBOX1.2.0.0
2026-05-19 10:27:57,309 [WARN] PackLoader:240 - Cannot read IP mode file for STMicroelectronics.X-CUBE-STSE01.2.0.0
2026-05-19 10:27:57,319 [WARN] PackLoader:240 - Cannot read IP mode file for STMicroelectronics.X-CUBE-AZRTOS-L5.1.1.0
2026-05-19 10:27:57,322 [WARN] PackLoader:240 - Cannot read IP mode file for STMicroelectronics.X-CUBE-AI.8.0.1
2026-05-19 10:27:57,329 [WARN] PackLoader:240 - Cannot read IP mode file for STMicroelectronics.X-CUBE-SUBG2.5.0.0
2026-05-19 10:27:57,342 [WARN] PackLoader:240 - Cannot read IP mode file for STMicroelectronics.X-CUBE-AZRTOS-H7RS.1.1.0
2026-05-19 10:27:57,347 [WARN] PackLoader:240 - Cannot read IP mode file for Cesanta.I-CUBE-Mongoose.7.13.0
2026-05-19 10:27:57,353 [WARN] PackLoader:240 - Cannot read IP mode file for STMicroelectronics.X-CUBE-TOF1.3.3.1
2026-05-19 10:27:57,366 [WARN] PackLoader:240 - Cannot read IP mode file for STMicroelectronics.X-CUBE-AZRTOS-G4.2.0.0
2026-05-19 10:27:57,379 [WARN] PackLoader:240 - Cannot read IP mode file for STMicroelectronics.X-CUBE-TOF1.3.3.0
2026-05-19 10:27:57,387 [WARN] PackLoader:240 - Cannot read IP mode file for STMicroelectronics.FP-ATR-ASTRA1.1.1.1
2026-05-19 10:27:57,397 [WARN] PackLoader:240 - Cannot read IP mode file for Infineon.AIROC-Wi-Fi-Bluetooth-STM32.1.5.1
2026-05-19 10:27:57,402 [WARN] PackLoader:240 - Cannot read IP mode file for wolfSSL.I-CUBE-wolfSSH.1.4.20
2026-05-19 10:27:57,405 [WARN] PackLoader:240 - Cannot read IP mode file for STMicroelectronics.FP-SNS-MOTENVWB1.1.3.0
2026-05-19 10:27:57,410 [WARN] PackLoader:240 - Cannot read IP mode file for STMicroelectronics.X-CUBE-NFC7.2.0.0
2026-05-19 10:27:57,414 [WARN] PackLoader:240 - Cannot read IP mode file for STMicroelectronics.FP-SNS-MOTENVWB1.1.3.1
2026-05-19 10:27:57,421 [WARN] PackLoader:240 - Cannot read IP mode file for STMicroelectronics.X-CUBE-AZRTOS-G4.1.0.0
2026-05-19 10:27:57,432 [WARN] PackLoader:240 - Cannot read IP mode file for STMicroelectronics.X-CUBE-AZRTOS-L4.1.0.0
2026-05-19 10:27:57,437 [WARN] PackLoader:240 - Cannot read IP mode file for STMicroelectronics.X-CUBE-ISPU.2.0.0
2026-05-19 10:27:57,444 [WARN] PackLoader:240 - Cannot read IP mode file for STMicroelectronics.X-CUBE-IPS.3.1.0
2026-05-19 10:27:57,450 [WARN] PackLoader:240 - Cannot read IP mode file for STMicroelectronics.X-CUBE-ALS.1.0.2
2026-05-19 10:27:57,476 [WARN] PackLoader:240 - Cannot read IP mode file for STMicroelectronics.X-CUBE-MEMS1.10.0.0
2026-05-19 10:27:57,533 [WARN] PackLoader:240 - Cannot read IP mode file for STMicroelectronics.X-CUBE-FREERTOS.1.1.0
2026-05-19 10:27:57,541 [WARN] PackLoader:240 - Cannot read IP mode file for STMicroelectronics.X-CUBE-AZRTOS-WL.1.0.0
2026-05-19 10:27:57,547 [WARN] PackLoader:240 - Cannot read IP mode file for STMicroelectronics.X-CUBE-STSE01.1.0.0
2026-05-19 10:27:57,552 [WARN] PackLoader:240 - Cannot read IP mode file for portGmbH.I-Cube-SoM-uGOAL.1.1.0
2026-05-19 10:27:57,555 [WARN] PackLoader:240 - Cannot read IP mode file for STMicroelectronics.X-CUBE-ALS.1.0.1
2026-05-19 10:27:57,562 [WARN] PackLoader:240 - Cannot read IP mode file for STMicroelectronics.X-CUBE-AZRTOS-WB.1.1.0
2026-05-19 10:27:57,570 [WARN] PackLoader:240 - Cannot read IP mode file for STMicroelectronics.X-CUBE-AZRTOS-L5.1.0.0
2026-05-19 10:27:57,574 [WARN] PackLoader:240 - Cannot read IP mode file for STMicroelectronics.X-CUBE-EEPRMA1.3.1.1
2026-05-19 10:27:57,578 [WARN] PackLoader:240 - Cannot read IP mode file for STMicroelectronics.FP-ATR-ASTRA1.2.0.0
2026-05-19 10:27:57,583 [WARN] PackLoader:240 - Cannot read IP mode file for STMicroelectronics.X-CUBE-TOF1.3.4.3
2026-05-19 10:27:57,594 [WARN] PackLoader:240 - Cannot read IP mode file for STMicroelectronics.X-CUBE-TOF1.3.4.0
2026-05-19 10:27:57,620 [WARN] PackLoader:240 - Cannot read IP mode file for STMicroelectronics.X-CUBE-AZRTOS-H7.3.2.0
2026-05-19 10:27:57,622 [INFO] ThirdParty:978 - Integrity check success = true
2026-05-19 10:27:57,622 [INFO] IntegrityCheckThread:100 - exiting critical section [integrity check]
2026-05-19 10:27:57,622 [INFO] IntegrityCheckThread:103 - End integrity checks thread
2026-05-19 10:49:49,457 [INFO] WebApp:194 - Connection lost
2026-05-19 10:50:03,521 [INFO] WebApp:191 - Connection restablished
2026-05-19 10:50:04,422 [INFO] WebApp:194 - Connection lost
2026-05-19 10:50:04,446 [INFO] WebApp:191 - Connection restablished
2026-05-19 10:51:45,567 [INFO] WebApp:194 - Connection lost
2026-05-19 10:51:46,335 [INFO] WebApp:191 - Connection restablished
2026-05-19 10:56:05,358 [INFO] WebApp:194 - Connection lost
2026-05-19 10:56:23,026 [INFO] WebApp:191 - Connection restablished
2026-05-19 11:02:17,234 [INFO] WebApp:194 - Connection lost
2026-05-19 11:02:41,059 [INFO] WebApp:191 - Connection restablished
2026-05-19 11:20:02,420 [INFO] WebApp:194 - Connection lost
2026-05-19 11:20:25,629 [INFO] WebApp:191 - Connection restablished
2026-05-19 11:21:57,335 [INFO] WebApp:194 - Connection lost
2026-05-19 11:21:57,684 [INFO] WebApp:191 - Connection restablished
2026-05-19 11:25:35,529 [INFO] WebApp:194 - Connection lost
2026-05-19 11:25:35,826 [INFO] WebApp:191 - Connection restablished
2026-05-19 12:30:43,583 [INFO] WebApp:194 - Connection lost
2026-05-19 12:31:02,364 [INFO] WebApp:191 - Connection restablished
2026-05-19 12:31:05,427 [INFO] WebApp:194 - Connection lost
2026-05-19 12:31:05,575 [INFO] WebApp:191 - Connection restablished
2026-05-19 12:32:46,497 [INFO] WebApp:194 - Connection lost
2026-05-19 12:32:46,666 [INFO] WebApp:191 - Connection restablished
2026-05-19 12:35:17,946 [INFO] WebApp:194 - Connection lost
2026-05-19 12:35:28,650 [INFO] WebApp:191 - Connection restablished
2026-05-19 12:35:31,404 [INFO] WebApp:194 - Connection lost
2026-05-19 12:35:31,553 [INFO] WebApp:191 - Connection restablished
2026-05-19 13:21:13,929 [INFO] WebApp:194 - Connection lost
2026-05-19 13:21:25,534 [INFO] WebApp:191 - Connection restablished
2026-05-19 13:21:28,469 [INFO] WebApp:194 - Connection lost
2026-05-19 13:21:28,591 [INFO] WebApp:191 - Connection restablished
2026-05-19 13:23:09,488 [INFO] WebApp:194 - Connection lost
2026-05-19 13:23:09,749 [INFO] WebApp:191 - Connection restablished
2026-05-19 13:24:15,206 [ERROR] LogOutputStream:75 - [STDERR_REDIRECT] 
