2026-05-04 14:21:22,861 [INFO] Activator:176 - 


2026-05-04 14:21:22,866 [INFO] Activator:177 - !SESSION log4j initialized
2026-05-04 14:21:27,636 [INFO] LogOutputStream:77 - [STDOUT_REDIRECT] 
2026-05-04 14:21:57,773 [INFO] ApplicationProperties:184 - Using Application install path: C:\ST\STM32CubeIDE_1.13.0\STM32CubeIDE\plugins\com.st.stm32cube.common.mx_6.15.0.202507011659
2026-05-04 14:21:57,791 [INFO] DbMcusXml:78 - Set database path to: C:\ST\STM32CubeIDE_1.13.0\STM32CubeIDE\plugins\com.st.stm32cube.common.mx_6.15.0.202507011659\\db\/mcu/
2026-05-04 14:21:57,791 [INFO] ApiDb:274 - Set plugin database path to: C:\ST\STM32CubeIDE_1.13.0\STM32CubeIDE\plugins\com.st.stm32cube.common.mx_6.15.0.202507011659\\db\/plugins/boardmanager/
2026-05-04 14:21:57,791 [WARN] ApiDb:259 - Overriding images path with different value:  => C:\ST\STM32CubeIDE_1.13.0\STM32CubeIDE\plugins\com.st.stm32cube.common.mx_6.15.0.202507011659\\db\/plugins/mcufinder/images/
2026-05-04 14:21:57,797 [INFO] ApiDb:250 - Set database path to: C:\Users\Евгений\.stmcufinder\plugins\mcufinder//mcu/
2026-05-04 14:21:57,799 [INFO] DbMcusAds:125 - Set database path to: C:\Users\Евгений\.stmcufinder\plugins\mcufinder//mcu/
2026-05-04 14:22:09,847 [INFO] CrossReferenceDbSqlite:203 - Set database path to: C:\Users\Евгений\.stmcufinder\plugins\mcufinder//mcu/cs/
2026-05-04 14:22:09,937 [INFO] RulesReader:64 - Compatibility file has been processed (317 Rules)
2026-05-04 14:22:10,007 [INFO] DbMcusXml:78 - Set database path to: C:\ST\STM32CubeIDE_1.13.0\STM32CubeIDE\plugins\com.st.stm32cube.common.mx_6.15.0.202507011659\\db\/mcu/
2026-05-04 14:22:10,008 [INFO] ApiDb:274 - Set plugin database path to: C:\ST\STM32CubeIDE_1.13.0\STM32CubeIDE\plugins\com.st.stm32cube.common.mx_6.15.0.202507011659\\db\/plugins/boardmanager/
2026-05-04 14:22:10,008 [INFO] ApiDb:261 - Set plugin images path to: C:\ST\STM32CubeIDE_1.13.0\STM32CubeIDE\plugins\com.st.stm32cube.common.mx_6.15.0.202507011659\\db\/plugins/mcufinder/images/
2026-05-04 14:22:10,008 [WARN] DbFile:41 - Overriding database path with different value: C:\Users\Евгений\.stmcufinder\plugins\mcufinder/ => C:\Users\Евгений\.stmcufinder\plugins\mcufinder
2026-05-04 14:22:10,008 [INFO] ApiDb:250 - Set database path to: C:\Users\Евгений\.stmcufinder\plugins\mcufinder//mcu/
2026-05-04 14:22:10,008 [WARN] DbFile:41 - Overriding database path with different value: C:\Users\Евгений\.stmcufinder\plugins\mcufinder/ => C:\Users\Евгений\.stmcufinder\plugins\mcufinder
2026-05-04 14:22:10,008 [INFO] DbMcusAds:125 - Set database path to: C:\Users\Евгений\.stmcufinder\plugins\mcufinder//mcu/
2026-05-04 14:22:10,008 [WARN] DbFile:41 - Overriding database path with different value: C:\Users\Евгений\.stmcufinder\plugins\mcufinder/ => C:\Users\Евгений\.stmcufinder\plugins\mcufinder
2026-05-04 14:22:10,008 [WARN] DbFile:41 - Overriding database path with different value: C:\Users\Евгений\.stmcufinder\plugins\mcufinder/ => C:\Users\Евгений\.stmcufinder\plugins\mcufinder
2026-05-04 14:22:10,008 [INFO] CrossReferenceDbSqlite:203 - Set database path to: C:\Users\Евгений\.stmcufinder\plugins\mcufinder//mcu/cs/
2026-05-04 14:22:10,073 [INFO] MainPanel:274 - HeapMemory: 268435456
2026-05-04 14:22:10,176 [INFO] DbMcusXml:78 - Set database path to: C:\ST\STM32CubeIDE_1.13.0\STM32CubeIDE\plugins\com.st.stm32cube.common.mx_6.15.0.202507011659\\db\/mcu/
2026-05-04 14:22:10,176 [INFO] ApiDb:274 - Set plugin database path to: C:\ST\STM32CubeIDE_1.13.0\STM32CubeIDE\plugins\com.st.stm32cube.common.mx_6.15.0.202507011659\\db\/plugins/boardmanager/
2026-05-04 14:22:10,176 [INFO] ApiDb:261 - Set plugin images path to: C:\ST\STM32CubeIDE_1.13.0\STM32CubeIDE\plugins\com.st.stm32cube.common.mx_6.15.0.202507011659\\db\/plugins/mcufinder/images/
2026-05-04 14:22:10,176 [WARN] DbFile:41 - Overriding database path with different value: C:\Users\Евгений\.stmcufinder\plugins\mcufinder/ => C:\Users\Евгений\.stmcufinder\plugins\mcufinder
2026-05-04 14:22:10,177 [INFO] ApiDb:250 - Set database path to: C:\Users\Евгений\.stmcufinder\plugins\mcufinder//mcu/
2026-05-04 14:22:10,177 [WARN] DbFile:41 - Overriding database path with different value: C:\Users\Евгений\.stmcufinder\plugins\mcufinder/ => C:\Users\Евгений\.stmcufinder\plugins\mcufinder
2026-05-04 14:22:10,177 [INFO] DbMcusAds:125 - Set database path to: C:\Users\Евгений\.stmcufinder\plugins\mcufinder//mcu/
2026-05-04 14:22:10,177 [WARN] DbFile:41 - Overriding database path with different value: C:\Users\Евгений\.stmcufinder\plugins\mcufinder/ => C:\Users\Евгений\.stmcufinder\plugins\mcufinder
2026-05-04 14:22:10,177 [WARN] DbFile:41 - Overriding database path with different value: C:\Users\Евгений\.stmcufinder\plugins\mcufinder/ => C:\Users\Евгений\.stmcufinder\plugins\mcufinder
2026-05-04 14:22:10,177 [INFO] CrossReferenceDbSqlite:203 - Set database path to: C:\Users\Евгений\.stmcufinder\plugins\mcufinder//mcu/cs/
2026-05-04 14:22:10,192 [INFO] ApplicationProperties:184 - Using Application install path: C:\ST\STM32CubeIDE_1.13.0\STM32CubeIDE\plugins\com.st.stm32cube.common.mx_6.15.0.202507011659
2026-05-04 14:22:10,194 [INFO] PluginManage:196 - Search for loadable plugins [exclusion list=, ]
2026-05-04 14:22:10,196 [INFO] PluginManage:310 - Check plugin analytics
2026-05-04 14:22:27,319 [INFO] AnalyticsPlugin:253 - Accepted Software Licenses: STM32CubeMX.6.9.0,STM32CubeMX.6.6.1,STM32CubeMX.6.10.0
2026-05-04 14:22:27,319 [INFO] AnalyticsPlugin:255 - Accepted CMSIS Pack Licenses: 
2026-05-04 14:22:27,319 [INFO] AnalyticsPlugin:257 - Accepted Firmware Licenses: FW.F4.1.28.0
2026-05-04 14:22:27,321 [INFO] PluginManage:359 - Loaded plugin analytics (category:tool,tabindex:-1)
2026-05-04 14:22:27,321 [INFO] PluginManage:310 - Check plugin cadmodel
2026-05-04 14:22:27,326 [INFO] CADModel:105 - Init CAD model plugin
2026-05-04 14:22:27,326 [INFO] PluginManage:359 - Loaded plugin cadmodel (category:power,tabindex:5)
2026-05-04 14:22:27,327 [INFO] PluginManage:310 - Check plugin clock
2026-05-04 14:22:27,334 [INFO] PluginManage:359 - Loaded plugin clock (category:base,tabindex:2)
2026-05-04 14:22:27,334 [INFO] PluginManage:310 - Check plugin ddr
2026-05-04 14:22:27,337 [INFO] PluginManage:359 - Loaded plugin ddr (category:tool,tabindex:6)
2026-05-04 14:22:27,337 [INFO] PluginManage:310 - Check plugin filemanager
2026-05-04 14:22:27,453 [INFO] PluginManage:359 - Loaded plugin filemanager (category:base,tabindex:10)
2026-05-04 14:22:27,453 [INFO] PluginManage:310 - Check plugin ipmanager
2026-05-04 14:22:27,459 [INFO] PluginManage:359 - Loaded plugin ipmanager (category:base,tabindex:5)
2026-05-04 14:22:27,459 [INFO] PluginManage:310 - Check plugin lpbam
2026-05-04 14:22:27,465 [INFO] PluginManage:359 - Loaded plugin lpbam (category:base,tabindex:0)
2026-05-04 14:22:27,465 [INFO] PluginManage:310 - Check plugin memorymap
2026-05-04 14:22:27,476 [INFO] PluginManage:359 - Loaded plugin memorymap (category:base,tabindex:4)
2026-05-04 14:22:27,476 [INFO] PluginManage:310 - Check plugin pinoutandconfiguration
2026-05-04 14:22:27,483 [INFO] PluginManage:359 - Loaded plugin pinoutandconfiguration (category:base,tabindex:1)
2026-05-04 14:22:27,484 [INFO] PluginManage:310 - Check plugin pinoutconfig
2026-05-04 14:22:27,552 [WARN] SupportedApi:132 - Cannot load RTOS API schema: s4s-elt-must-match.1: The content of 'definitions' must match (annotation?, (simpleType | complexType)?, (unique | key | keyref)*)). A problem was found starting at: attribute.
2026-05-04 14:22:27,658 [INFO] PluginManage:359 - Loaded plugin pinoutconfig (category:base,tabindex:0)
2026-05-04 14:22:27,658 [INFO] PluginManage:310 - Check plugin power
2026-05-04 14:22:27,669 [INFO] PluginManage:359 - Loaded plugin power (category:power,tabindex:4)
2026-05-04 14:22:27,669 [INFO] PluginManage:310 - Check plugin projectmanager
2026-05-04 14:22:27,681 [INFO] PluginManage:359 - Loaded plugin projectmanager (category:projectmanager,tabindex:4)
2026-05-04 14:22:27,681 [INFO] PluginManage:310 - Check plugin rif
2026-05-04 14:22:27,690 [INFO] PluginManage:359 - Loaded plugin rif (category:base,tabindex:3)
2026-05-04 14:22:27,690 [INFO] PluginManage:310 - Check plugin thirdparty
2026-05-04 14:22:27,803 [INFO] PluginManage:359 - Loaded plugin thirdparty (category:base,tabindex:-1)
2026-05-04 14:22:27,803 [WARN] IntegrityCheckThread:84 - waiting for thirdparty lock release [integrity check]
2026-05-04 14:22:27,803 [INFO] PluginManage:310 - Check plugin tools
2026-05-04 14:22:27,803 [INFO] IntegrityCheckThread:86 - entering critical section [integrity check]
2026-05-04 14:22:27,803 [INFO] ThirdPartyUpdaterWithRetryManager:70 - Updater plugin not ready yet. [1/15]
2026-05-04 14:22:27,806 [INFO] PluginManage:359 - Loaded plugin tools (category:base,tabindex:7)
2026-05-04 14:22:27,806 [INFO] PluginManage:310 - Check plugin tutovideos
2026-05-04 14:22:27,971 [INFO] PluginManage:359 - Loaded plugin tutovideos (category:base,tabindex:-1)
2026-05-04 14:22:27,973 [INFO] PluginManage:310 - Check plugin updater
2026-05-04 14:22:27,990 [INFO] PluginManage:359 - Loaded plugin updater (category:base,tabindex:12)
2026-05-04 14:22:27,991 [INFO] PluginManage:310 - Check plugin userauth
2026-05-04 14:22:27,995 [INFO] UserAuth:118 - Init User Auth plugin
2026-05-04 14:22:27,996 [INFO] PluginManage:359 - Loaded plugin userauth (category:base,tabindex:14)
2026-05-04 14:22:27,996 [INFO] PluginManage:283 - PluginManage : Loaded plugins [18]
2026-05-04 14:22:28,183 [INFO] PinOutPanel:1589 - setPackage(No Configuration,No Configuration)
2026-05-04 14:22:28,254 [INFO] CADModel:165 - CPN selected for project level
2026-05-04 14:22:28,254 [INFO] CADModel:114 - Register for checkConnection events
2026-05-04 14:22:28,271 [INFO] IPUIPlugin:80 - create IPUIPlugin
2026-05-04 14:22:28,271 [INFO] PluginManager:220 - loadIPPluginJar : add adc
2026-05-04 14:22:28,273 [INFO] IPUIPlugin:80 - create IPUIPlugin
2026-05-04 14:22:28,273 [INFO] PluginManager:220 - loadIPPluginJar : add aes
2026-05-04 14:22:28,275 [INFO] IPUIPlugin:80 - create IPUIPlugin
2026-05-04 14:22:28,275 [INFO] PluginManager:220 - loadIPPluginJar : add can
2026-05-04 14:22:28,276 [INFO] IPUIPlugin:80 - create IPUIPlugin
2026-05-04 14:22:28,276 [INFO] PluginManager:220 - loadIPPluginJar : add comp
2026-05-04 14:22:28,278 [INFO] IPUIPlugin:80 - create IPUIPlugin
2026-05-04 14:22:28,278 [INFO] PluginManager:220 - loadIPPluginJar : add cryp
2026-05-04 14:22:28,280 [INFO] IPUIPlugin:80 - create IPUIPlugin
2026-05-04 14:22:28,280 [INFO] PluginManager:220 - loadIPPluginJar : add ddr_ctrl_phy
2026-05-04 14:22:28,283 [INFO] IPUIPlugin:80 - create IPUIPlugin
2026-05-04 14:22:28,283 [INFO] PluginManager:220 - loadIPPluginJar : add dfsdm
2026-05-04 14:22:28,288 [INFO] IPUIPlugin:80 - create IPUIPlugin
2026-05-04 14:22:28,288 [INFO] PluginManager:220 - loadIPPluginJar : add dma
2026-05-04 14:22:28,290 [INFO] IPUIPlugin:80 - create IPUIPlugin
2026-05-04 14:22:28,290 [INFO] PluginManager:220 - loadIPPluginJar : add dma3
2026-05-04 14:22:28,293 [INFO] IPUIPlugin:80 - create IPUIPlugin
2026-05-04 14:22:28,293 [INFO] PluginManager:220 - loadIPPluginJar : add extmemmanager
2026-05-04 14:22:28,294 [INFO] IPUIPlugin:80 - create IPUIPlugin
2026-05-04 14:22:28,294 [INFO] PluginManager:220 - loadIPPluginJar : add fatfs
2026-05-04 14:22:28,297 [INFO] IPUIPlugin:80 - create IPUIPlugin
2026-05-04 14:22:28,297 [INFO] PluginManager:220 - loadIPPluginJar : add fmc
2026-05-04 14:22:28,303 [INFO] IPUIPlugin:80 - create IPUIPlugin
2026-05-04 14:22:28,303 [INFO] PluginManager:220 - loadIPPluginJar : add freertos
2026-05-04 14:22:28,305 [INFO] IPUIPlugin:80 - create IPUIPlugin
2026-05-04 14:22:28,305 [INFO] PluginManager:220 - loadIPPluginJar : add genericplugin
2026-05-04 14:22:28,307 [INFO] IPUIPlugin:80 - create IPUIPlugin
2026-05-04 14:22:28,307 [INFO] PluginManager:220 - loadIPPluginJar : add gfxmmu
2026-05-04 14:22:28,310 [INFO] IPUIPlugin:80 - create IPUIPlugin
2026-05-04 14:22:28,311 [INFO] PluginManager:220 - loadIPPluginJar : add gic
2026-05-04 14:22:28,314 [INFO] IPUIPlugin:80 - create IPUIPlugin
2026-05-04 14:22:28,314 [INFO] PluginManager:220 - loadIPPluginJar : add gpio
2026-05-04 14:22:28,316 [INFO] IPUIPlugin:80 - create IPUIPlugin
2026-05-04 14:22:28,316 [INFO] PluginManager:220 - loadIPPluginJar : add gtzc
2026-05-04 14:22:28,318 [INFO] IPUIPlugin:80 - create IPUIPlugin
2026-05-04 14:22:28,318 [INFO] PluginManager:220 - loadIPPluginJar : add hash
2026-05-04 14:22:28,321 [INFO] IPUIPlugin:80 - create IPUIPlugin
2026-05-04 14:22:28,321 [INFO] PluginManager:220 - loadIPPluginJar : add i2c
2026-05-04 14:22:28,324 [INFO] IPUIPlugin:80 - create IPUIPlugin
2026-05-04 14:22:28,324 [INFO] PluginManager:220 - loadIPPluginJar : add i2s
2026-05-04 14:22:28,326 [INFO] IPUIPlugin:80 - create IPUIPlugin
2026-05-04 14:22:28,326 [INFO] PluginManager:220 - loadIPPluginJar : add i3c
2026-05-04 14:22:28,329 [INFO] IPUIPlugin:80 - create IPUIPlugin
2026-05-04 14:22:28,329 [INFO] PluginManager:220 - loadIPPluginJar : add ipddr
2026-05-04 14:22:28,335 [INFO] IPUIPlugin:80 - create IPUIPlugin
2026-05-04 14:22:28,335 [INFO] PluginManager:220 - loadIPPluginJar : add linkedlist
2026-05-04 14:22:28,337 [INFO] IPUIPlugin:80 - create IPUIPlugin
2026-05-04 14:22:28,337 [INFO] PluginManager:220 - loadIPPluginJar : add lorawan
2026-05-04 14:22:28,338 [INFO] IPUIPlugin:80 - create IPUIPlugin
2026-05-04 14:22:28,338 [INFO] PluginManager:220 - loadIPPluginJar : add ltdc
2026-05-04 14:22:28,343 [INFO] IPUIPlugin:80 - create IPUIPlugin
2026-05-04 14:22:28,343 [INFO] PluginManager:220 - loadIPPluginJar : add mdma
2026-05-04 14:22:28,346 [INFO] IPUIPlugin:80 - create IPUIPlugin
2026-05-04 14:22:28,346 [INFO] PluginManager:220 - loadIPPluginJar : add nvic
2026-05-04 14:22:28,349 [INFO] IPUIPlugin:80 - create IPUIPlugin
2026-05-04 14:22:28,349 [INFO] PluginManager:220 - loadIPPluginJar : add opamp
2026-05-04 14:22:28,352 [INFO] IPUIPlugin:80 - create IPUIPlugin
2026-05-04 14:22:28,352 [INFO] PluginManager:220 - loadIPPluginJar : add openamp
2026-05-04 14:22:28,354 [INFO] IPUIPlugin:80 - create IPUIPlugin
2026-05-04 14:22:28,354 [INFO] PluginManager:220 - loadIPPluginJar : add pdm2pcm
2026-05-04 14:22:28,358 [INFO] IPUIPlugin:80 - create IPUIPlugin
2026-05-04 14:22:28,359 [INFO] PluginManager:220 - loadIPPluginJar : add plateformsettings
2026-05-04 14:22:28,361 [INFO] IPUIPlugin:80 - create IPUIPlugin
2026-05-04 14:22:28,361 [INFO] PluginManager:220 - loadIPPluginJar : add quadspi
2026-05-04 14:22:28,362 [INFO] IPUIPlugin:80 - create IPUIPlugin
2026-05-04 14:22:28,363 [INFO] PluginManager:220 - loadIPPluginJar : add radio
2026-05-04 14:22:28,366 [INFO] IPUIPlugin:80 - create IPUIPlugin
2026-05-04 14:22:28,366 [INFO] PluginManager:220 - loadIPPluginJar : add resmgrutility
2026-05-04 14:22:28,369 [INFO] IPUIPlugin:80 - create IPUIPlugin
2026-05-04 14:22:28,369 [INFO] PluginManager:220 - loadIPPluginJar : add sai
2026-05-04 14:22:28,371 [INFO] IPUIPlugin:80 - create IPUIPlugin
2026-05-04 14:22:28,371 [INFO] PluginManager:220 - loadIPPluginJar : add spi
2026-05-04 14:22:28,375 [INFO] IPUIPlugin:80 - create IPUIPlugin
2026-05-04 14:22:28,375 [INFO] PluginManager:220 - loadIPPluginJar : add stm32_wpan
2026-05-04 14:22:28,377 [INFO] IPUIPlugin:80 - create IPUIPlugin
2026-05-04 14:22:28,377 [INFO] PluginManager:220 - loadIPPluginJar : add tim
2026-05-04 14:22:28,380 [INFO] IPUIPlugin:80 - create IPUIPlugin
2026-05-04 14:22:28,380 [INFO] PluginManager:220 - loadIPPluginJar : add touchsensing
2026-05-04 14:22:28,381 [INFO] IPUIPlugin:80 - create IPUIPlugin
2026-05-04 14:22:28,381 [INFO] PluginManager:220 - loadIPPluginJar : add tracer_emb
2026-05-04 14:22:28,383 [INFO] IPUIPlugin:80 - create IPUIPlugin
2026-05-04 14:22:28,383 [INFO] PluginManager:220 - loadIPPluginJar : add ts
2026-05-04 14:22:28,385 [INFO] IPUIPlugin:80 - create IPUIPlugin
2026-05-04 14:22:28,385 [INFO] PluginManager:220 - loadIPPluginJar : add tsc
2026-05-04 14:22:28,386 [INFO] IPUIPlugin:80 - create IPUIPlugin
2026-05-04 14:22:28,386 [INFO] PluginManager:220 - loadIPPluginJar : add ucpd
2026-05-04 14:22:28,389 [INFO] IPUIPlugin:80 - create IPUIPlugin
2026-05-04 14:22:28,389 [INFO] PluginManager:220 - loadIPPluginJar : add usart
2026-05-04 14:22:28,391 [INFO] IPUIPlugin:80 - create IPUIPlugin
2026-05-04 14:22:28,391 [INFO] PluginManager:220 - loadIPPluginJar : add usbx
2026-05-04 14:22:28,509 [FATAL] Updater:351 - Updater called before beeing initialized
2026-05-04 14:22:28,530 [INFO] RulesReader:64 - Compatibility file has been processed (317 Rules)
2026-05-04 14:22:28,538 [INFO] RulesReader:64 - Compatibility file has been processed (317 Rules)
2026-05-04 14:22:28,544 [INFO] CADModel:165 - CPN selected for project level
2026-05-04 14:22:28,544 [INFO] CADModel:114 - Register for checkConnection events
2026-05-04 14:22:28,544 [FATAL] Updater:351 - Updater called before beeing initialized
2026-05-04 14:22:28,544 [ERROR] CADModel:125 - Updater not yet initialized, retry later 
2026-05-04 14:22:28,662 [FATAL] Updater:351 - Updater called before beeing initialized
2026-05-04 14:22:28,663 [INFO] CADModel:165 - CPN selected for project level
2026-05-04 14:22:28,664 [INFO] CADModel:114 - Register for checkConnection events
2026-05-04 14:22:28,664 [FATAL] Updater:351 - Updater called before beeing initialized
2026-05-04 14:22:28,664 [ERROR] CADModel:125 - Updater not yet initialized, retry later 
2026-05-04 14:22:28,667 [FATAL] Updater:351 - Updater called before beeing initialized
2026-05-04 14:22:28,755 [FATAL] Updater:351 - Updater called before beeing initialized
2026-05-04 14:22:28,758 [INFO] DbMcusAds:53 - JSON generation date=Mon Apr 27 11:14:29 MSK 2026 (1777277669683)
2026-05-04 14:22:28,758 [FATAL] Updater:351 - Updater called before beeing initialized
2026-05-04 14:22:28,791 [WARN] DetailPanel:346 - Failed to get advertising image, set to default
2026-05-04 14:22:28,894 [FATAL] Updater:351 - Updater called before beeing initialized
2026-05-04 14:22:28,896 [FATAL] Updater:351 - Updater called before beeing initialized
2026-05-04 14:22:28,896 [FATAL] Updater:351 - Updater called before beeing initialized
2026-05-04 14:22:28,896 [WARN] DetailPanel:346 - Failed to get advertising image, set to default
2026-05-04 14:22:28,897 [FATAL] Updater:351 - Updater called before beeing initialized
2026-05-04 14:22:28,937 [ERROR] Updater:1198 - MainUpdater not yet initialized. External WinMGr cannot be set.
2026-05-04 14:22:28,940 [INFO] Updater:1134 - Updater Version found : 6.15.0
2026-05-04 14:22:28,954 [INFO] ApplicationProperties:184 - Using Application install path: C:\ST\STM32CubeIDE_1.13.0\STM32CubeIDE\plugins\com.st.stm32cube.common.mx_6.15.0.202507011659
2026-05-04 14:22:29,450 [INFO] MainUpdater:2872 - connection check result : 10
2026-05-04 14:22:29,450 [INFO] MainUpdater:289 - Updater Check For Update Now.
2026-05-04 14:22:29,451 [INFO] MicroXplorer:498 - Change Database Version : DB.6.0.150
2026-05-04 14:22:29,455 [INFO] McuFinderGlobals:63 - Set McuFinder mode to 2 (CubeIDE integrated)
2026-05-04 14:22:29,456 [INFO] UserAuth:487 - Internet connection configuration mode: 1
2026-05-04 14:22:29,472 [INFO] JxBrowserEngine:152 - Initiate JxBrowser Engine with user profile folder
2026-05-04 14:22:29,609 [INFO] CheckServerUpdateThread:120 - End of CheckServer Thread
2026-05-04 14:22:30,823 [INFO] WebApp:169 - Instantiating new browser for Auth
2026-05-04 14:22:31,174 [WARN] PackLoader:240 - Cannot read IP mode file for STMicroelectronics.X-CUBE-AZRTOS-H7.3.5.0
2026-05-04 14:22:31,186 [WARN] PackLoader:240 - Cannot read IP mode file for STMicroelectronics.FP-SNS-MOTENVWB1.1.4.0
2026-05-04 14:22:31,193 [WARN] PackLoader:240 - Cannot read IP mode file for STMicroelectronics.FP-ATR-ASTRA1.2.0.2
2026-05-04 14:22:31,200 [WARN] PackLoader:240 - Cannot read IP mode file for STMicroelectronics.X-CUBE-SMBUS.2.1.0
2026-05-04 14:22:31,206 [WARN] PackLoader:240 - Cannot read IP mode file for STMicroelectronics.X-CUBE-ST60.1.0.0
2026-05-04 14:22:31,212 [WARN] PackLoader:240 - Cannot read IP mode file for STMicroelectronics.X-CUBE-TOUCHGFX.4.23.0
2026-05-04 14:22:31,240 [WARN] PackLoader:240 - Cannot read IP mode file for STMicroelectronics.X-CUBE-AZRTOS-F7.1.1.0
2026-05-04 14:22:31,251 [WARN] PackLoader:240 - Cannot read IP mode file for STMicroelectronics.FP-SNS-MOTENV1.4.3.2
2026-05-04 14:22:31,258 [ERROR] RealEvaluatedCondition:428 - Found unsupported composite condition: CLASS='Data Exchange' GROUP='STM32_MetaDataManager'
2026-05-04 14:22:31,258 [ERROR] RealEvaluatedCondition:428 - Found unsupported composite condition: GROUP='STM32_MetaDataManager' CLASS='Data Exchange'
2026-05-04 14:22:31,259 [WARN] PackLoader:240 - Cannot read IP mode file for STMicroelectronics.FP-SNS-MOTENV1.4.3.1
2026-05-04 14:22:31,267 [WARN] PackLoader:240 - Cannot read IP mode file for STMicroelectronics.FP-SNS-FLIGHT1.5.0.1
2026-05-04 14:22:31,273 [WARN] PackLoader:240 - Cannot read IP mode file for STMicroelectronics.X-CUBE-BLE1.6.2.3
2026-05-04 14:22:31,277 [WARN] PackLoader:240 - Cannot read IP mode file for STMicroelectronics.X-CUBE-BLE1.6.2.4
2026-05-04 14:22:31,283 [WARN] PackLoader:240 - Cannot read IP mode file for STMicroelectronics.FP-SNS-MOTENV1.5.1.0
2026-05-04 14:22:31,287 [WARN] PackLoader:240 - Cannot read IP mode file for STMicroelectronics.FP-SNS-FLIGHT1.5.0.2
2026-05-04 14:22:31,309 [WARN] PackLoader:240 - Cannot read IP mode file for STMicroelectronics.X-CUBE-AZRTOS-H7.3.4.0
2026-05-04 14:22:31,318 [WARN] PackLoader:240 - Cannot read IP mode file for STMicroelectronics.X-CUBE-DISPLAY.3.0.0
2026-05-04 14:22:31,325 [WARN] PackLoader:240 - Cannot read IP mode file for STMicroelectronics.X-CUBE-GNSS1.7.1.1
2026-05-04 14:22:31,330 [WARN] PackLoader:240 - Cannot read IP mode file for STMicroelectronics.FP-SNS-MOTENVWB1.1.5.0
2026-05-04 14:22:31,334 [WARN] PackLoader:240 - Cannot read IP mode file for STMicroelectronics.X-CUBE-BLE1.7.0.0
2026-05-04 14:22:31,339 [WARN] PackLoader:240 - Cannot read IP mode file for STMicroelectronics.X-CUBE-NFC10.1.0.0
2026-05-04 14:22:31,347 [WARN] PackLoader:240 - Cannot read IP mode file for STMicroelectronics.X-CUBE-BLEMGR.4.0.0
2026-05-04 14:22:31,352 [WARN] PackLoader:240 - Cannot read IP mode file for STMicroelectronics.X-CUBE-ST60.1.1.0
2026-05-04 14:22:31,355 [WARN] PackLoader:240 - Cannot read IP mode file for STMicroelectronics.X-CUBE-TOUCHGFX.4.22.0
2026-05-04 14:22:31,358 [WARN] PackLoader:240 - Cannot read IP mode file for STMicroelectronics.X-CUBE-GNSS1.7.1.0
2026-05-04 14:22:31,362 [WARN] PackLoader:240 - Cannot read IP mode file for STMicroelectronics.X-CUBE-TOUCHGFX.4.22.1
2026-05-04 14:22:31,383 [WARN] PackLoader:240 - Cannot read IP mode file for STMicroelectronics.X-CUBE-MEMS1.9.3.0
2026-05-04 14:22:31,519 [WARN] ConditionMgr:438 - getConditionDescription Invalid condition id : Cortex-A Device cause : null
2026-05-04 14:22:31,537 [INFO] LogOutputStream:77 - [STDOUT_REDIRECT] [ThirdParty] unknown protocol: c
2026-05-04 14:22:31,538 [WARN] PackLoader:240 - Cannot read IP mode file for quantropi.X-CUBE-qispace-sdk-base.2.0.0
2026-05-04 14:22:31,538 [WARN] ConditionMgr:1044 - genDependencies : Invalid condition id : Cortex-A Device cause : null
2026-05-04 14:22:31,538 [WARN] ConditionMgr:1044 - genDependencies : Invalid condition id : Cortex-A Device cause : null
2026-05-04 14:22:31,538 [WARN] ConditionMgr:1044 - genDependencies : Invalid condition id : Cortex-A Device cause : null
2026-05-04 14:22:31,542 [WARN] PackLoader:240 - Cannot read IP mode file for STMicroelectronics.X-CUBE-AI.10.0.0
2026-05-04 14:22:31,549 [WARN] PackLoader:240 - Cannot read IP mode file for STMicroelectronics.FP-SNS-STBOX1.2.1.0
2026-05-04 14:22:31,558 [WARN] PackLoader:240 - Cannot read IP mode file for STMicroelectronics.FP-SNS-SMARTAG2.1.2.0
2026-05-04 14:22:31,561 [WARN] PackLoader:240 - Cannot read IP mode file for STMicroelectronics.FP-SNS-FLIGHT1.5.1.0
2026-05-04 14:22:31,572 [INFO] LogOutputStream:77 - [STDOUT_REDIRECT] 1 : Invalid condition id : UX_CORESTACK_Condition cause : null
2026-05-04 14:22:31,572 [INFO] LogOutputStream:77 - [STDOUT_REDIRECT] 1 : Invalid condition id : UX_CORESTACK_Condition cause : null
2026-05-04 14:22:31,573 [INFO] LogOutputStream:77 - [STDOUT_REDIRECT] 1 : Invalid condition id : UX_CORESTACK_Condition cause : null
2026-05-04 14:22:31,574 [INFO] LogOutputStream:77 - [STDOUT_REDIRECT] 1 : Invalid condition id : UX_CORESTACK_Condition cause : null
2026-05-04 14:22:31,577 [INFO] LogOutputStream:77 - [STDOUT_REDIRECT] 1 : Invalid condition id : UX_CORESTACK_Condition cause : null
2026-05-04 14:22:31,579 [WARN] PackLoader:240 - Cannot read IP mode file for STMicroelectronics.X-CUBE-AZRTOS-WL.2.0.0
2026-05-04 14:22:31,584 [WARN] PackLoader:240 - Cannot read IP mode file for STMicroelectronics.FP-SNS-MOTENV1.5.0.0
2026-05-04 14:22:31,610 [WARN] PackLoader:240 - Cannot read IP mode file for STMicroelectronics.X-CUBE-AZRTOS-H7RS.1.2.0
2026-05-04 14:22:31,613 [INFO] WebApp:463 - Apply proxy settings
2026-05-04 14:22:31,613 [INFO] WebApp:548 - Chromium requires no authentication
2026-05-04 14:22:31,620 [WARN] PackLoader:240 - Cannot read IP mode file for WES.I-CUBE-Cesium.1.3.0
2026-05-04 14:22:31,626 [INFO] WebApp:491 - Direct internet connection detected
2026-05-04 14:22:31,627 [WARN] PackLoader:240 - Cannot read IP mode file for STMicroelectronics.X-CUBE-BLE2.3.3.0
2026-05-04 14:22:31,641 [INFO] LogOutputStream:77 - [STDOUT_REDIRECT] [ThirdParty] unknown protocol: c
2026-05-04 14:22:31,641 [WARN] PackLoader:240 - Cannot read IP mode file for Avnet-IOTCONNECT.X-CUBE-iotc-st67-sdk.1.0.0
2026-05-04 14:22:31,645 [WARN] PackLoader:240 - Cannot read IP mode file for STMicroelectronics.X-CUBE-DISPLAY.2.2.0
2026-05-04 14:22:31,660 [WARN] PackLoader:240 - Cannot read IP mode file for STMicroelectronics.X-CUBE-TOF1.3.2.0
2026-05-04 14:22:31,660 [INFO] WebApp:900 - Register for checkConnection events
2026-05-04 14:22:31,660 [INFO] WebApp:463 - Apply proxy settings
2026-05-04 14:22:31,660 [INFO] WebApp:548 - Chromium requires no authentication
2026-05-04 14:22:31,662 [INFO] WebApp:491 - Direct internet connection detected
2026-05-04 14:22:31,673 [WARN] PackLoader:240 - Cannot read IP mode file for STMicroelectronics.X-CUBE-NFC9.1.0.0
2026-05-04 14:22:31,687 [WARN] PackLoader:240 - Cannot read IP mode file for STMicroelectronics.X-CUBE-AZRTOS-H7.2.1.0
2026-05-04 14:22:31,692 [WARN] PackLoader:240 - Cannot read IP mode file for STMicroelectronics.X-CUBE-BLE1.7.1.0
2026-05-04 14:22:31,697 [WARN] PackLoader:240 - Cannot read IP mode file for wolfSSL.I-CUBE-wolfMQTT.1.19.2
2026-05-04 14:22:31,703 [WARN] PackLoader:240 - Cannot read IP mode file for STMicroelectronics.X-CUBE-FREERTOS.1.4.0
2026-05-04 14:22:31,709 [WARN] PackLoader:240 - Cannot read IP mode file for STMicroelectronics.X-CUBE-EEPRMA1.5.2.0
2026-05-04 14:22:31,714 [WARN] PackLoader:240 - Cannot read IP mode file for STMicroelectronics.X-CUBE-TOUCHGFX.4.21.0
2026-05-04 14:22:31,715 [WARN] PackLoader:240 - Cannot read IP mode file for STMicroelectronics.X-CUBE-TOUCHGFX.4.21.3
2026-05-04 14:22:31,738 [WARN] PackLoader:240 - Cannot read IP mode file for STMicroelectronics.X-CUBE-TOUCHGFX.4.21.4
2026-05-04 14:22:31,773 [WARN] PackLoader:240 - Cannot read IP mode file for STMicroelectronics.X-CUBE-MEMS1.9.4.0
2026-05-04 14:22:31,839 [WARN] PackLoader:240 - Cannot read IP mode file for STMicroelectronics.X-CUBE-AI.7.3.0
2026-05-04 14:22:31,843 [WARN] PackLoader:240 - Cannot read IP mode file for STMicroelectronics.X-CUBE-ST67W61.1.1.0
2026-05-04 14:22:31,846 [WARN] PackLoader:240 - Cannot read IP mode file for STMicroelectronics.X-CUBE-AI.10.1.0
2026-05-04 14:22:31,850 [WARN] PackLoader:240 - Cannot read IP mode file for STMicroelectronics.FP-SNS-STAIOTCFT.1.1.0
2026-05-04 14:22:31,873 [WARN] PackLoader:240 - Cannot read IP mode file for STMicroelectronics.X-CUBE-MEMS1.12.0.0
2026-05-04 14:22:31,908 [INFO] WebApp:225 - Starting web application
2026-05-04 14:22:31,908 [INFO] WebApp:593 - Web application path used C:\ST\STM32CubeIDE_1.13.0\STM32CubeIDE\plugins\com.st.stm32cube.common.mx_6.15.0.202507011659\db\plugins\mcufinder\reactClient1\index.html
2026-05-04 14:22:31,930 [WARN] PackLoader:240 - Cannot read IP mode file for STMicroelectronics.X-CUBE-ALGOBUILD.1.3.0
2026-05-04 14:22:31,963 [WARN] PackLoader:240 - Cannot read IP mode file for STMicroelectronics.X-CUBE-MEMS1.11.2.0
2026-05-04 14:22:32,048 [WARN] PackLoader:240 - Cannot read IP mode file for STMicroelectronics.X-CUBE-AZRTOS-G0.1.1.0
2026-05-04 14:22:32,053 [WARN] PackLoader:240 - Cannot read IP mode file for STMicroelectronics.X-CUBE-SAFEA1.1.2.2
2026-05-04 14:22:32,057 [WARN] PackLoader:240 - Cannot read IP mode file for STMicroelectronics.X-CUBE-NFC4.3.0.0
2026-05-04 14:22:32,087 [WARN] PackLoader:240 - Cannot read IP mode file for SEGGER.I-CUBE-embOS.1.2.1
2026-05-04 14:22:32,092 [INFO] UserAuth:487 - Internet connection configuration mode: 1
2026-05-04 14:22:32,127 [WARN] PackLoader:240 - Cannot read IP mode file for EmbeddedOffice.I-CUBE-FS-RTOS.1.0.1
2026-05-04 14:22:32,133 [WARN] PackLoader:240 - Cannot read IP mode file for STMicroelectronics.X-CUBE-WB05N.2.0.0
2026-05-04 14:22:32,142 [WARN] PackLoader:240 - Cannot read IP mode file for STMicroelectronics.X-CUBE-BLEMGR.3.0.0
2026-05-04 14:22:32,292 [WARN] PackLoader:240 - Cannot read IP mode file for wolfSSL.I-CUBE-wolfTPM.3.8.0
2026-05-04 14:22:32,300 [WARN] PackLoader:240 - Cannot read IP mode file for STMicroelectronics.X-CUBE-BLEMGR.1.3.0
2026-05-04 14:22:32,309 [WARN] PackLoader:240 - Cannot read IP mode file for STMicroelectronics.X-CUBE-TCPP.4.2.0
2026-05-04 14:22:32,318 [WARN] PackLoader:240 - Cannot read IP mode file for RealThread.X-CUBE-RT-Thread_Nano.4.1.1
2026-05-04 14:22:32,322 [INFO] WebApp:191 - Connection restablished
2026-05-04 14:22:32,324 [WARN] PackLoader:240 - Cannot read IP mode file for STMicroelectronics.FP-ATR-SIGFOX1.3.2.0
2026-05-04 14:22:32,330 [WARN] PackLoader:240 - Cannot read IP mode file for STMicroelectronics.X-CUBE-EEPRMA1.5.1.0
2026-05-04 14:22:32,335 [WARN] PackLoader:240 - Cannot read IP mode file for STMicroelectronics.X-CUBE-FREERTOS.1.5.0
2026-05-04 14:22:32,339 [WARN] PackLoader:240 - Cannot read IP mode file for STMicroelectronics.X-CUBE-TOUCHGFX.4.20.0
2026-05-04 14:22:32,346 [WARN] PackLoader:240 - Cannot read IP mode file for STMicroelectronics.X-CUBE-NFC6.3.2.0
2026-05-04 14:22:32,373 [WARN] PackLoader:240 - Cannot read IP mode file for STMicroelectronics.X-CUBE-MEMS1.9.5.0
2026-05-04 14:22:32,457 [WARN] PackLoader:240 - Cannot read IP mode file for STMicroelectronics.X-CUBE-ST67W61.1.0.0
2026-05-04 14:22:32,460 [WARN] PackLoader:240 - Cannot read IP mode file for STMicroelectronics.X-CUBE-AI.10.2.0
2026-05-04 14:22:32,482 [WARN] PackLoader:240 - Cannot read IP mode file for STMicroelectronics.X-CUBE-MEMS1.12.1.0
2026-05-04 14:22:32,536 [WARN] PackLoader:240 - Cannot read IP mode file for SEGGER.I-CUBE-embOS.1.3.1
2026-05-04 14:22:32,558 [WARN] PackLoader:240 - Cannot read IP mode file for STMicroelectronics.X-CUBE-ALGOBUILD.1.4.0
2026-05-04 14:22:32,594 [WARN] PackLoader:240 - Cannot read IP mode file for STMicroelectronics.X-CUBE-MEMS1.11.3.0
2026-05-04 14:22:32,663 [WARN] PackLoader:240 - Cannot read IP mode file for STMicroelectronics.X-CUBE-PM33A1.1.0.0
2026-05-04 14:22:32,666 [WARN] PackLoader:240 - Cannot read IP mode file for STMicroelectronics.X-CUBE-GNSS1.6.0.0
2026-05-04 14:22:32,678 [WARN] PackLoader:240 - Cannot read IP mode file for STMicroelectronics.X-CUBE-AZRTOS-F4.1.1.0
2026-05-04 14:22:32,683 [WARN] PackLoader:240 - Cannot read IP mode file for Avnet-IotConnect.X-CUBE-IoTC-DA16k-PMOD.1.0.0
2026-05-04 14:22:32,688 [WARN] PackLoader:240 - Cannot read IP mode file for STMicroelectronics.X-CUBE-ISPU.2.1.0
2026-05-04 14:22:32,697 [WARN] PackLoader:240 - Cannot read IP mode file for STMicroelectronics.X-CUBE-IPS.3.2.0
2026-05-04 14:22:32,703 [WARN] PackLoader:240 - Cannot read IP mode file for STMicroelectronics.eDS-WB_DPC_TT-BIDIR.2.1.1
2026-05-04 14:22:32,708 [WARN] PackLoader:240 - Cannot read IP mode file for STMicroelectronics.X-CUBE-NFC12.1.0.0
2026-05-04 14:22:32,713 [WARN] PackLoader:240 - Cannot read IP mode file for STMicroelectronics.X-CUBE-BLEMGR.1.2.0
2026-05-04 14:22:32,732 [WARN] PackLoader:240 - Cannot read IP mode file for STMicroelectronics.X-CUBE-AZRTOS-L5.2.0.0
2026-05-04 14:22:32,779 [WARN] PackLoader:240 - Cannot read IP mode file for STMicroelectronics.X-CUBE-MEMS1.9.6.0
2026-05-04 14:22:32,870 [WARN] PackLoader:240 - Cannot read IP mode file for STMicroelectronics.X-CUBE-EEPRMA1.4.2.0
2026-05-04 14:22:32,875 [WARN] PackLoader:240 - Cannot read IP mode file for STMicroelectronics.X-CUBE-NFC6.3.1.0
2026-05-04 14:22:32,880 [WARN] PackLoader:240 - Cannot read IP mode file for ITTIA_DB.I-CUBE-ITTIADB.8.8.0
2026-05-04 14:22:32,885 [WARN] PackLoader:240 - Cannot read IP mode file for emotas.I-CUBE-CANOPEN.1.1.3
2026-05-04 14:22:32,890 [WARN] PackLoader:240 - Cannot read IP mode file for STMicroelectronics.X-CUBE-BLEMGR.2.0.0
2026-05-04 14:22:32,893 [WARN] PackLoader:240 - Cannot read IP mode file for STMicroelectronics.eDS-WB_DPC_VIENNA.1.2.0
2026-05-04 14:22:32,896 [WARN] PackLoader:240 - Cannot read IP mode file for STMicroelectronics.X-CUBE-NFC4.2.0.5
2026-05-04 14:22:32,900 [WARN] PackLoader:240 - Cannot read IP mode file for STMicroelectronics.eDS-WB_DPC_3PH2L-BIDIR.1.1.1
2026-05-04 14:22:32,905 [WARN] PackLoader:240 - Cannot read IP mode file for STMicroelectronics.X-CUBE-NFC4.2.0.4
2026-05-04 14:22:32,917 [WARN] ConditionMgr:438 - getConditionDescription Invalid condition id : UX DEVICE CLASS RTOS Condition cause : null
2026-05-04 14:22:32,917 [WARN] ConditionMgr:438 - getConditionDescription Invalid condition id : UX DEVICE CLASS RTOS Condition cause : null
2026-05-04 14:22:32,921 [WARN] PackLoader:240 - Cannot read IP mode file for STMicroelectronics.X-CUBE-AZRTOS-H7.3.1.0
2026-05-04 14:22:32,921 [WARN] ConditionMgr:1044 - genDependencies : Invalid condition id : UX DEVICE CLASS RTOS Condition cause : null
2026-05-04 14:22:32,921 [WARN] ConditionMgr:1044 - genDependencies : Invalid condition id : UX DEVICE CLASS RTOS Condition cause : null
2026-05-04 14:22:32,922 [WARN] ConditionMgr:1044 - genDependencies : Invalid condition id : UX DEVICE CLASS RTOS Condition cause : null
2026-05-04 14:22:32,922 [WARN] ConditionMgr:1044 - genDependencies : Invalid condition id : UX DEVICE CLASS RTOS Condition cause : null
2026-05-04 14:22:32,923 [WARN] ConditionMgr:1044 - genDependencies : Invalid condition id : UX DEVICE CLASS RTOS Condition cause : null
2026-05-04 14:22:32,928 [ERROR] Engine:466 - C:\Users\Евгений\.stm32cubemx\thirdparties\pdsc\STMicroelectronics.X-CUBE-ST67W61.1.3.0.pdsc: PDSC version is not supported
2026-05-04 14:22:32,933 [WARN] PackLoader:240 - Cannot read IP mode file for wolfSSL.I-CUBE-wolfSSL.5.5.3
2026-05-04 14:22:32,938 [WARN] PackLoader:240 - Cannot read IP mode file for STMicroelectronics.X-CUBE-FREERTOS.1.3.1
2026-05-04 14:22:32,942 [WARN] PackLoader:240 - Cannot read IP mode file for STMicroelectronics.X-CUBE-NFC7.1.0.1
2026-05-04 14:22:32,947 [WARN] PackLoader:240 - Cannot read IP mode file for STMicroelectronics.X-CUBE-NFC7.1.0.0
2026-05-04 14:22:32,951 [WARN] PackLoader:240 - Cannot read IP mode file for STMicroelectronics.X-CUBE-TOUCHGFX.4.26.0
2026-05-04 14:22:32,955 [WARN] PackLoader:240 - Cannot read IP mode file for STMicroelectronics.X-CUBE-NFC6.3.0.0
2026-05-04 14:22:32,959 [WARN] PackLoader:240 - Cannot read IP mode file for STMicroelectronics.X-CUBE-TOUCHGFX.4.26.1
2026-05-04 14:22:32,963 [WARN] PackLoader:240 - Cannot read IP mode file for STMicroelectronics.X-CUBE-EEPRMA1.4.1.0
2026-05-04 14:22:32,967 [WARN] PackLoader:240 - Cannot read IP mode file for STMicroelectronics.FP-SNS-STAIOTCFT.1.0.0
2026-05-04 14:22:32,972 [WARN] PackLoader:240 - Cannot read IP mode file for STMicroelectronics.X-CUBE-DPower.1.3.0
2026-05-04 14:22:32,974 [WARN] PackLoader:240 - Cannot read IP mode file for STMicroelectronics.X-CUBE-AI.8.1.0
2026-05-04 14:22:32,983 [WARN] ConditionMgr:438 - getConditionDescription Invalid condition id : LAN8742 Phy interface Condition cause : null
2026-05-04 14:22:32,984 [WARN] PackLoader:240 - Cannot read IP mode file for STMicroelectronics.X-CUBE-AZRTOS-L4.2.0.0
2026-05-04 14:22:32,984 [WARN] ConditionMgr:1044 - genDependencies : Invalid condition id : LAN8742 Phy interface Condition cause : null
2026-05-04 14:22:32,984 [WARN] ConditionMgr:1044 - genDependencies : Invalid condition id : LAN8742 Phy interface Condition cause : null
2026-05-04 14:22:32,985 [WARN] ConditionMgr:1044 - genDependencies : Invalid condition id : LAN8742 Phy interface Condition cause : null
2026-05-04 14:22:32,991 [WARN] PackLoader:240 - Cannot read IP mode file for STMicroelectronics.X-CUBE-SFXS2LP1.4.0.0
2026-05-04 14:22:33,001 [WARN] PackLoader:240 - Cannot read IP mode file for STMicroelectronics.X-CUBE-AZRTOS-H7.3.0.0
2026-05-04 14:22:33,005 [WARN] PackLoader:240 - Cannot read IP mode file for STMicroelectronics.X-CUBE-WB05N.2.1.0
2026-05-04 14:22:33,009 [WARN] PackLoader:240 - Cannot read IP mode file for STMicroelectronics.X-CUBE-ST67W61.1.2.0
2026-05-04 14:22:33,013 [WARN] PackLoader:240 - Cannot read IP mode file for STMicroelectronics.X-CUBE-ISPU.1.1.0
2026-05-04 14:22:33,027 [WARN] PackLoader:240 - Cannot read IP mode file for STMicroelectronics.X-CUBE-AZRTOS-H7.3.3.0
2026-05-04 14:22:33,033 [WARN] PackLoader:240 - Cannot read IP mode file for RoweBots.I-CUBE-UNISONRTOS.5.5.0-4
2026-05-04 14:22:33,040 [WARN] PackLoader:240 - Cannot read IP mode file for STMicroelectronics.X-CUBE-BLEMGR.4.1.0
2026-05-04 14:22:33,044 [WARN] PackLoader:240 - Cannot read IP mode file for STMicroelectronics.X-CUBE-AI.8.0.0
2026-05-04 14:22:33,051 [WARN] ConditionMgr:438 - getConditionDescription Invalid condition id : UX DEVICE CLASS RTOS Condition cause : null
2026-05-04 14:22:33,051 [WARN] ConditionMgr:438 - getConditionDescription Invalid condition id : UX DEVICE CLASS RTOS Condition cause : null
2026-05-04 14:22:33,052 [WARN] PackLoader:240 - Cannot read IP mode file for STMicroelectronics.X-CUBE-AZRTOS-WB.2.0.0
2026-05-04 14:22:33,052 [WARN] ConditionMgr:1044 - genDependencies : Invalid condition id : UX DEVICE CLASS RTOS Condition cause : null
2026-05-04 14:22:33,053 [WARN] ConditionMgr:1044 - genDependencies : Invalid condition id : UX DEVICE CLASS RTOS Condition cause : null
2026-05-04 14:22:33,053 [WARN] ConditionMgr:1044 - genDependencies : Invalid condition id : UX DEVICE CLASS RTOS Condition cause : null
2026-05-04 14:22:33,053 [WARN] ConditionMgr:1044 - genDependencies : Invalid condition id : UX DEVICE CLASS RTOS Condition cause : null
2026-05-04 14:22:33,053 [WARN] ConditionMgr:1044 - genDependencies : Invalid condition id : UX DEVICE CLASS RTOS Condition cause : null
2026-05-04 14:22:33,056 [WARN] PackLoader:240 - Cannot read IP mode file for STMicroelectronics.X-CUBE-FREERTOS.1.0.1
2026-05-04 14:22:33,060 [WARN] PackLoader:240 - Cannot read IP mode file for STMicroelectronics.X-CUBE-GNSS1.7.0.1
2026-05-04 14:22:33,063 [WARN] PackLoader:240 - Cannot read IP mode file for STMicroelectronics.X-CUBE-TOUCHGFX.4.25.0
2026-05-04 14:22:33,066 [WARN] PackLoader:240 - Cannot read IP mode file for STMicroelectronics.FP-SNS-STBOX1.2.0.0
2026-05-04 14:22:33,073 [WARN] PackLoader:240 - Cannot read IP mode file for STMicroelectronics.X-CUBE-STSE01.2.0.0
2026-05-04 14:22:33,084 [WARN] PackLoader:240 - Cannot read IP mode file for STMicroelectronics.X-CUBE-AZRTOS-L5.1.1.0
2026-05-04 14:22:33,088 [WARN] PackLoader:240 - Cannot read IP mode file for STMicroelectronics.X-CUBE-AI.8.0.1
2026-05-04 14:22:33,095 [WARN] PackLoader:240 - Cannot read IP mode file for STMicroelectronics.X-CUBE-SUBG2.5.0.0
2026-05-04 14:22:33,111 [WARN] PackLoader:240 - Cannot read IP mode file for STMicroelectronics.X-CUBE-AZRTOS-H7RS.1.1.0
2026-05-04 14:22:33,116 [WARN] PackLoader:240 - Cannot read IP mode file for Cesanta.I-CUBE-Mongoose.7.13.0
2026-05-04 14:22:33,122 [WARN] PackLoader:240 - Cannot read IP mode file for STMicroelectronics.X-CUBE-TOF1.3.3.1
2026-05-04 14:22:33,133 [WARN] PackLoader:240 - Cannot read IP mode file for STMicroelectronics.X-CUBE-AZRTOS-G4.2.0.0
2026-05-04 14:22:33,138 [WARN] PackLoader:240 - Cannot read IP mode file for STMicroelectronics.X-CUBE-TOF1.3.3.0
2026-05-04 14:22:33,145 [WARN] PackLoader:240 - Cannot read IP mode file for STMicroelectronics.FP-ATR-ASTRA1.1.1.1
2026-05-04 14:22:33,153 [WARN] PackLoader:240 - Cannot read IP mode file for Infineon.AIROC-Wi-Fi-Bluetooth-STM32.1.5.1
2026-05-04 14:22:33,157 [WARN] PackLoader:240 - Cannot read IP mode file for wolfSSL.I-CUBE-wolfSSH.1.4.20
2026-05-04 14:22:33,160 [WARN] PackLoader:240 - Cannot read IP mode file for STMicroelectronics.FP-SNS-MOTENVWB1.1.3.0
2026-05-04 14:22:33,164 [WARN] PackLoader:240 - Cannot read IP mode file for STMicroelectronics.X-CUBE-NFC7.2.0.0
2026-05-04 14:22:33,167 [WARN] PackLoader:240 - Cannot read IP mode file for STMicroelectronics.FP-SNS-MOTENVWB1.1.3.1
2026-05-04 14:22:33,174 [WARN] PackLoader:240 - Cannot read IP mode file for STMicroelectronics.X-CUBE-AZRTOS-G4.1.0.0
2026-05-04 14:22:33,184 [WARN] PackLoader:240 - Cannot read IP mode file for STMicroelectronics.X-CUBE-AZRTOS-L4.1.0.0
2026-05-04 14:22:33,189 [WARN] PackLoader:240 - Cannot read IP mode file for STMicroelectronics.X-CUBE-ISPU.2.0.0
2026-05-04 14:22:33,194 [WARN] PackLoader:240 - Cannot read IP mode file for STMicroelectronics.X-CUBE-IPS.3.1.0
2026-05-04 14:22:33,200 [WARN] PackLoader:240 - Cannot read IP mode file for STMicroelectronics.X-CUBE-ALS.1.0.2
2026-05-04 14:22:33,217 [WARN] PackLoader:240 - Cannot read IP mode file for STMicroelectronics.X-CUBE-MEMS1.10.0.0
2026-05-04 14:22:33,275 [WARN] PackLoader:240 - Cannot read IP mode file for STMicroelectronics.X-CUBE-FREERTOS.1.1.0
2026-05-04 14:22:33,282 [WARN] PackLoader:240 - Cannot read IP mode file for STMicroelectronics.X-CUBE-AZRTOS-WL.1.0.0
2026-05-04 14:22:33,286 [WARN] PackLoader:240 - Cannot read IP mode file for STMicroelectronics.X-CUBE-STSE01.1.0.0
2026-05-04 14:22:33,291 [WARN] PackLoader:240 - Cannot read IP mode file for portGmbH.I-Cube-SoM-uGOAL.1.1.0
2026-05-04 14:22:33,293 [WARN] PackLoader:240 - Cannot read IP mode file for STMicroelectronics.X-CUBE-ALS.1.0.1
2026-05-04 14:22:33,300 [WARN] PackLoader:240 - Cannot read IP mode file for STMicroelectronics.X-CUBE-AZRTOS-WB.1.1.0
2026-05-04 14:22:33,309 [WARN] PackLoader:240 - Cannot read IP mode file for STMicroelectronics.X-CUBE-AZRTOS-L5.1.0.0
2026-05-04 14:22:33,314 [WARN] PackLoader:240 - Cannot read IP mode file for STMicroelectronics.X-CUBE-EEPRMA1.3.1.1
2026-05-04 14:22:33,316 [WARN] PackLoader:240 - Cannot read IP mode file for STMicroelectronics.FP-ATR-ASTRA1.2.0.0
2026-05-04 14:22:33,322 [WARN] PackLoader:240 - Cannot read IP mode file for STMicroelectronics.X-CUBE-TOF1.3.4.3
2026-05-04 14:22:33,332 [WARN] PackLoader:240 - Cannot read IP mode file for STMicroelectronics.X-CUBE-TOF1.3.4.0
2026-05-04 14:22:33,348 [WARN] PackLoader:240 - Cannot read IP mode file for STMicroelectronics.X-CUBE-AZRTOS-H7.3.2.0
2026-05-04 14:22:33,349 [INFO] ThirdParty:978 - Integrity check success = true
2026-05-04 14:22:33,349 [INFO] IntegrityCheckThread:100 - exiting critical section [integrity check]
2026-05-04 14:22:33,349 [INFO] IntegrityCheckThread:103 - End integrity checks thread
2026-05-04 14:23:40,039 [ERROR] LogOutputStream:75 - [STDERR_REDIRECT] 
