2026-05-15 10:48:55,659 [INFO] Activator:176 - 


2026-05-15 10:48:55,664 [INFO] Activator:177 - !SESSION log4j initialized
2026-05-15 10:49:00,874 [INFO] LogOutputStream:77 - [STDOUT_REDIRECT] 
2026-05-15 10:49:31,144 [INFO] ApplicationProperties:184 - Using Application install path: C:\ST\STM32CubeIDE_1.13.0\STM32CubeIDE\plugins\com.st.stm32cube.common.mx_6.15.0.202507011659
2026-05-15 10:49:31,160 [INFO] DbMcusXml:78 - Set database path to: C:\ST\STM32CubeIDE_1.13.0\STM32CubeIDE\plugins\com.st.stm32cube.common.mx_6.15.0.202507011659\\db\/mcu/
2026-05-15 10:49:31,160 [INFO] ApiDb:274 - Set plugin database path to: C:\ST\STM32CubeIDE_1.13.0\STM32CubeIDE\plugins\com.st.stm32cube.common.mx_6.15.0.202507011659\\db\/plugins/boardmanager/
2026-05-15 10:49:31,162 [WARN] ApiDb:259 - Overriding images path with different value:  => C:\ST\STM32CubeIDE_1.13.0\STM32CubeIDE\plugins\com.st.stm32cube.common.mx_6.15.0.202507011659\\db\/plugins/mcufinder/images/
2026-05-15 10:49:31,170 [INFO] ApiDb:250 - Set database path to: C:\Users\Евгений\.stmcufinder\plugins\mcufinder//mcu/
2026-05-15 10:49:31,170 [INFO] DbMcusAds:125 - Set database path to: C:\Users\Евгений\.stmcufinder\plugins\mcufinder//mcu/
2026-05-15 10:49:43,219 [INFO] CrossReferenceDbSqlite:203 - Set database path to: C:\Users\Евгений\.stmcufinder\plugins\mcufinder//mcu/cs/
2026-05-15 10:49:43,332 [INFO] RulesReader:64 - Compatibility file has been processed (317 Rules)
2026-05-15 10:49:43,429 [INFO] DbMcusXml:78 - Set database path to: C:\ST\STM32CubeIDE_1.13.0\STM32CubeIDE\plugins\com.st.stm32cube.common.mx_6.15.0.202507011659\\db\/mcu/
2026-05-15 10:49:43,429 [INFO] ApiDb:274 - Set plugin database path to: C:\ST\STM32CubeIDE_1.13.0\STM32CubeIDE\plugins\com.st.stm32cube.common.mx_6.15.0.202507011659\\db\/plugins/boardmanager/
2026-05-15 10:49:43,429 [INFO] ApiDb:261 - Set plugin images path to: C:\ST\STM32CubeIDE_1.13.0\STM32CubeIDE\plugins\com.st.stm32cube.common.mx_6.15.0.202507011659\\db\/plugins/mcufinder/images/
2026-05-15 10:49:43,429 [WARN] DbFile:41 - Overriding database path with different value: C:\Users\Евгений\.stmcufinder\plugins\mcufinder/ => C:\Users\Евгений\.stmcufinder\plugins\mcufinder
2026-05-15 10:49:43,431 [INFO] ApiDb:250 - Set database path to: C:\Users\Евгений\.stmcufinder\plugins\mcufinder//mcu/
2026-05-15 10:49:43,431 [WARN] DbFile:41 - Overriding database path with different value: C:\Users\Евгений\.stmcufinder\plugins\mcufinder/ => C:\Users\Евгений\.stmcufinder\plugins\mcufinder
2026-05-15 10:49:43,431 [INFO] DbMcusAds:125 - Set database path to: C:\Users\Евгений\.stmcufinder\plugins\mcufinder//mcu/
2026-05-15 10:49:43,431 [WARN] DbFile:41 - Overriding database path with different value: C:\Users\Евгений\.stmcufinder\plugins\mcufinder/ => C:\Users\Евгений\.stmcufinder\plugins\mcufinder
2026-05-15 10:49:43,431 [WARN] DbFile:41 - Overriding database path with different value: C:\Users\Евгений\.stmcufinder\plugins\mcufinder/ => C:\Users\Евгений\.stmcufinder\plugins\mcufinder
2026-05-15 10:49:43,431 [INFO] CrossReferenceDbSqlite:203 - Set database path to: C:\Users\Евгений\.stmcufinder\plugins\mcufinder//mcu/cs/
2026-05-15 10:49:43,536 [INFO] MainPanel:274 - HeapMemory: 268435456
2026-05-15 10:49:43,663 [INFO] DbMcusXml:78 - Set database path to: C:\ST\STM32CubeIDE_1.13.0\STM32CubeIDE\plugins\com.st.stm32cube.common.mx_6.15.0.202507011659\\db\/mcu/
2026-05-15 10:49:43,663 [INFO] ApiDb:274 - Set plugin database path to: C:\ST\STM32CubeIDE_1.13.0\STM32CubeIDE\plugins\com.st.stm32cube.common.mx_6.15.0.202507011659\\db\/plugins/boardmanager/
2026-05-15 10:49:43,663 [INFO] ApiDb:261 - Set plugin images path to: C:\ST\STM32CubeIDE_1.13.0\STM32CubeIDE\plugins\com.st.stm32cube.common.mx_6.15.0.202507011659\\db\/plugins/mcufinder/images/
2026-05-15 10:49:43,664 [WARN] DbFile:41 - Overriding database path with different value: C:\Users\Евгений\.stmcufinder\plugins\mcufinder/ => C:\Users\Евгений\.stmcufinder\plugins\mcufinder
2026-05-15 10:49:43,665 [INFO] ApiDb:250 - Set database path to: C:\Users\Евгений\.stmcufinder\plugins\mcufinder//mcu/
2026-05-15 10:49:43,665 [WARN] DbFile:41 - Overriding database path with different value: C:\Users\Евгений\.stmcufinder\plugins\mcufinder/ => C:\Users\Евгений\.stmcufinder\plugins\mcufinder
2026-05-15 10:49:43,665 [INFO] DbMcusAds:125 - Set database path to: C:\Users\Евгений\.stmcufinder\plugins\mcufinder//mcu/
2026-05-15 10:49:43,665 [WARN] DbFile:41 - Overriding database path with different value: C:\Users\Евгений\.stmcufinder\plugins\mcufinder/ => C:\Users\Евгений\.stmcufinder\plugins\mcufinder
2026-05-15 10:49:43,665 [WARN] DbFile:41 - Overriding database path with different value: C:\Users\Евгений\.stmcufinder\plugins\mcufinder/ => C:\Users\Евгений\.stmcufinder\plugins\mcufinder
2026-05-15 10:49:43,665 [INFO] CrossReferenceDbSqlite:203 - Set database path to: C:\Users\Евгений\.stmcufinder\plugins\mcufinder//mcu/cs/
2026-05-15 10:49:43,682 [INFO] ApplicationProperties:184 - Using Application install path: C:\ST\STM32CubeIDE_1.13.0\STM32CubeIDE\plugins\com.st.stm32cube.common.mx_6.15.0.202507011659
2026-05-15 10:49:43,684 [INFO] PluginManage:196 - Search for loadable plugins [exclusion list=, ]
2026-05-15 10:49:43,686 [INFO] PluginManage:310 - Check plugin analytics
2026-05-15 10:50:00,844 [INFO] AnalyticsPlugin:253 - Accepted Software Licenses: STM32CubeMX.6.9.0,STM32CubeMX.6.6.1,STM32CubeMX.6.10.0
2026-05-15 10:50:00,845 [INFO] AnalyticsPlugin:255 - Accepted CMSIS Pack Licenses: 
2026-05-15 10:50:00,845 [INFO] AnalyticsPlugin:257 - Accepted Firmware Licenses: FW.F4.1.28.0
2026-05-15 10:50:00,847 [INFO] PluginManage:359 - Loaded plugin analytics (category:tool,tabindex:-1)
2026-05-15 10:50:00,847 [INFO] PluginManage:310 - Check plugin cadmodel
2026-05-15 10:50:00,851 [INFO] CADModel:105 - Init CAD model plugin
2026-05-15 10:50:00,851 [INFO] PluginManage:359 - Loaded plugin cadmodel (category:power,tabindex:5)
2026-05-15 10:50:00,851 [INFO] PluginManage:310 - Check plugin clock
2026-05-15 10:50:00,860 [INFO] PluginManage:359 - Loaded plugin clock (category:base,tabindex:2)
2026-05-15 10:50:00,861 [INFO] PluginManage:310 - Check plugin ddr
2026-05-15 10:50:00,863 [INFO] PluginManage:359 - Loaded plugin ddr (category:tool,tabindex:6)
2026-05-15 10:50:00,863 [INFO] PluginManage:310 - Check plugin filemanager
2026-05-15 10:50:01,001 [INFO] PluginManage:359 - Loaded plugin filemanager (category:base,tabindex:10)
2026-05-15 10:50:01,001 [INFO] PluginManage:310 - Check plugin ipmanager
2026-05-15 10:50:01,007 [INFO] PluginManage:359 - Loaded plugin ipmanager (category:base,tabindex:5)
2026-05-15 10:50:01,008 [INFO] PluginManage:310 - Check plugin lpbam
2026-05-15 10:50:01,014 [INFO] PluginManage:359 - Loaded plugin lpbam (category:base,tabindex:0)
2026-05-15 10:50:01,014 [INFO] PluginManage:310 - Check plugin memorymap
2026-05-15 10:50:01,027 [INFO] PluginManage:359 - Loaded plugin memorymap (category:base,tabindex:4)
2026-05-15 10:50:01,027 [INFO] PluginManage:310 - Check plugin pinoutandconfiguration
2026-05-15 10:50:01,035 [INFO] PluginManage:359 - Loaded plugin pinoutandconfiguration (category:base,tabindex:1)
2026-05-15 10:50:01,035 [INFO] PluginManage:310 - Check plugin pinoutconfig
2026-05-15 10:50:01,114 [WARN] SupportedApi:132 - Cannot load RTOS API schema: s4s-elt-must-match.1: The content of 'definitions' must match (annotation?, (simpleType | complexType)?, (unique | key | keyref)*)). A problem was found starting at: attribute.
2026-05-15 10:50:01,231 [INFO] PluginManage:359 - Loaded plugin pinoutconfig (category:base,tabindex:0)
2026-05-15 10:50:01,231 [INFO] PluginManage:310 - Check plugin power
2026-05-15 10:50:01,242 [INFO] PluginManage:359 - Loaded plugin power (category:power,tabindex:4)
2026-05-15 10:50:01,242 [INFO] PluginManage:310 - Check plugin projectmanager
2026-05-15 10:50:01,255 [INFO] PluginManage:359 - Loaded plugin projectmanager (category:projectmanager,tabindex:4)
2026-05-15 10:50:01,255 [INFO] PluginManage:310 - Check plugin rif
2026-05-15 10:50:01,267 [INFO] PluginManage:359 - Loaded plugin rif (category:base,tabindex:3)
2026-05-15 10:50:01,267 [INFO] PluginManage:310 - Check plugin thirdparty
2026-05-15 10:50:01,388 [INFO] PluginManage:359 - Loaded plugin thirdparty (category:base,tabindex:-1)
2026-05-15 10:50:01,388 [WARN] IntegrityCheckThread:84 - waiting for thirdparty lock release [integrity check]
2026-05-15 10:50:01,389 [INFO] PluginManage:310 - Check plugin tools
2026-05-15 10:50:01,389 [INFO] IntegrityCheckThread:86 - entering critical section [integrity check]
2026-05-15 10:50:01,389 [INFO] ThirdPartyUpdaterWithRetryManager:70 - Updater plugin not ready yet. [1/15]
2026-05-15 10:50:01,391 [INFO] PluginManage:359 - Loaded plugin tools (category:base,tabindex:7)
2026-05-15 10:50:01,392 [INFO] PluginManage:310 - Check plugin tutovideos
2026-05-15 10:50:01,576 [INFO] PluginManage:359 - Loaded plugin tutovideos (category:base,tabindex:-1)
2026-05-15 10:50:01,576 [INFO] PluginManage:310 - Check plugin updater
2026-05-15 10:50:01,597 [INFO] PluginManage:359 - Loaded plugin updater (category:base,tabindex:12)
2026-05-15 10:50:01,597 [INFO] PluginManage:310 - Check plugin userauth
2026-05-15 10:50:01,601 [INFO] UserAuth:118 - Init User Auth plugin
2026-05-15 10:50:01,602 [INFO] PluginManage:359 - Loaded plugin userauth (category:base,tabindex:14)
2026-05-15 10:50:01,602 [INFO] PluginManage:283 - PluginManage : Loaded plugins [18]
2026-05-15 10:50:01,782 [INFO] PinOutPanel:1589 - setPackage(No Configuration,No Configuration)
2026-05-15 10:50:01,858 [INFO] CADModel:165 - CPN selected for project level
2026-05-15 10:50:01,858 [INFO] CADModel:114 - Register for checkConnection events
2026-05-15 10:50:01,875 [INFO] IPUIPlugin:80 - create IPUIPlugin
2026-05-15 10:50:01,876 [INFO] PluginManager:220 - loadIPPluginJar : add adc
2026-05-15 10:50:01,879 [INFO] IPUIPlugin:80 - create IPUIPlugin
2026-05-15 10:50:01,879 [INFO] PluginManager:220 - loadIPPluginJar : add aes
2026-05-15 10:50:01,881 [INFO] IPUIPlugin:80 - create IPUIPlugin
2026-05-15 10:50:01,881 [INFO] PluginManager:220 - loadIPPluginJar : add can
2026-05-15 10:50:01,881 [INFO] IPUIPlugin:80 - create IPUIPlugin
2026-05-15 10:50:01,881 [INFO] PluginManager:220 - loadIPPluginJar : add comp
2026-05-15 10:50:01,885 [INFO] IPUIPlugin:80 - create IPUIPlugin
2026-05-15 10:50:01,885 [INFO] PluginManager:220 - loadIPPluginJar : add cryp
2026-05-15 10:50:01,889 [INFO] IPUIPlugin:80 - create IPUIPlugin
2026-05-15 10:50:01,889 [INFO] PluginManager:220 - loadIPPluginJar : add ddr_ctrl_phy
2026-05-15 10:50:01,891 [INFO] IPUIPlugin:80 - create IPUIPlugin
2026-05-15 10:50:01,892 [INFO] PluginManager:220 - loadIPPluginJar : add dfsdm
2026-05-15 10:50:01,897 [INFO] IPUIPlugin:80 - create IPUIPlugin
2026-05-15 10:50:01,897 [INFO] PluginManager:220 - loadIPPluginJar : add dma
2026-05-15 10:50:01,900 [INFO] IPUIPlugin:80 - create IPUIPlugin
2026-05-15 10:50:01,900 [INFO] PluginManager:220 - loadIPPluginJar : add dma3
2026-05-15 10:50:01,904 [INFO] IPUIPlugin:80 - create IPUIPlugin
2026-05-15 10:50:01,904 [INFO] PluginManager:220 - loadIPPluginJar : add extmemmanager
2026-05-15 10:50:01,905 [INFO] IPUIPlugin:80 - create IPUIPlugin
2026-05-15 10:50:01,905 [INFO] PluginManager:220 - loadIPPluginJar : add fatfs
2026-05-15 10:50:01,909 [INFO] IPUIPlugin:80 - create IPUIPlugin
2026-05-15 10:50:01,909 [INFO] PluginManager:220 - loadIPPluginJar : add fmc
2026-05-15 10:50:01,916 [INFO] IPUIPlugin:80 - create IPUIPlugin
2026-05-15 10:50:01,916 [INFO] PluginManager:220 - loadIPPluginJar : add freertos
2026-05-15 10:50:01,918 [INFO] IPUIPlugin:80 - create IPUIPlugin
2026-05-15 10:50:01,918 [INFO] PluginManager:220 - loadIPPluginJar : add genericplugin
2026-05-15 10:50:01,920 [INFO] IPUIPlugin:80 - create IPUIPlugin
2026-05-15 10:50:01,920 [INFO] PluginManager:220 - loadIPPluginJar : add gfxmmu
2026-05-15 10:50:01,924 [INFO] IPUIPlugin:80 - create IPUIPlugin
2026-05-15 10:50:01,924 [INFO] PluginManager:220 - loadIPPluginJar : add gic
2026-05-15 10:50:01,929 [INFO] IPUIPlugin:80 - create IPUIPlugin
2026-05-15 10:50:01,929 [INFO] PluginManager:220 - loadIPPluginJar : add gpio
2026-05-15 10:50:01,931 [INFO] IPUIPlugin:80 - create IPUIPlugin
2026-05-15 10:50:01,931 [INFO] PluginManager:220 - loadIPPluginJar : add gtzc
2026-05-15 10:50:01,934 [INFO] IPUIPlugin:80 - create IPUIPlugin
2026-05-15 10:50:01,934 [INFO] PluginManager:220 - loadIPPluginJar : add hash
2026-05-15 10:50:01,937 [INFO] IPUIPlugin:80 - create IPUIPlugin
2026-05-15 10:50:01,937 [INFO] PluginManager:220 - loadIPPluginJar : add i2c
2026-05-15 10:50:01,940 [INFO] IPUIPlugin:80 - create IPUIPlugin
2026-05-15 10:50:01,940 [INFO] PluginManager:220 - loadIPPluginJar : add i2s
2026-05-15 10:50:01,943 [INFO] IPUIPlugin:80 - create IPUIPlugin
2026-05-15 10:50:01,943 [INFO] PluginManager:220 - loadIPPluginJar : add i3c
2026-05-15 10:50:01,945 [INFO] IPUIPlugin:80 - create IPUIPlugin
2026-05-15 10:50:01,945 [INFO] PluginManager:220 - loadIPPluginJar : add ipddr
2026-05-15 10:50:01,952 [INFO] IPUIPlugin:80 - create IPUIPlugin
2026-05-15 10:50:01,952 [INFO] PluginManager:220 - loadIPPluginJar : add linkedlist
2026-05-15 10:50:01,955 [INFO] IPUIPlugin:80 - create IPUIPlugin
2026-05-15 10:50:01,956 [INFO] PluginManager:220 - loadIPPluginJar : add lorawan
2026-05-15 10:50:01,956 [INFO] IPUIPlugin:80 - create IPUIPlugin
2026-05-15 10:50:01,956 [INFO] PluginManager:220 - loadIPPluginJar : add ltdc
2026-05-15 10:50:01,962 [INFO] IPUIPlugin:80 - create IPUIPlugin
2026-05-15 10:50:01,962 [INFO] PluginManager:220 - loadIPPluginJar : add mdma
2026-05-15 10:50:01,965 [INFO] IPUIPlugin:80 - create IPUIPlugin
2026-05-15 10:50:01,965 [INFO] PluginManager:220 - loadIPPluginJar : add nvic
2026-05-15 10:50:01,968 [INFO] IPUIPlugin:80 - create IPUIPlugin
2026-05-15 10:50:01,968 [INFO] PluginManager:220 - loadIPPluginJar : add opamp
2026-05-15 10:50:01,972 [INFO] IPUIPlugin:80 - create IPUIPlugin
2026-05-15 10:50:01,972 [INFO] PluginManager:220 - loadIPPluginJar : add openamp
2026-05-15 10:50:01,975 [INFO] IPUIPlugin:80 - create IPUIPlugin
2026-05-15 10:50:01,975 [INFO] PluginManager:220 - loadIPPluginJar : add pdm2pcm
2026-05-15 10:50:01,982 [INFO] IPUIPlugin:80 - create IPUIPlugin
2026-05-15 10:50:01,983 [INFO] PluginManager:220 - loadIPPluginJar : add plateformsettings
2026-05-15 10:50:01,985 [INFO] IPUIPlugin:80 - create IPUIPlugin
2026-05-15 10:50:01,985 [INFO] PluginManager:220 - loadIPPluginJar : add quadspi
2026-05-15 10:50:01,987 [INFO] IPUIPlugin:80 - create IPUIPlugin
2026-05-15 10:50:01,987 [INFO] PluginManager:220 - loadIPPluginJar : add radio
2026-05-15 10:50:01,991 [INFO] IPUIPlugin:80 - create IPUIPlugin
2026-05-15 10:50:01,991 [INFO] PluginManager:220 - loadIPPluginJar : add resmgrutility
2026-05-15 10:50:01,993 [INFO] IPUIPlugin:80 - create IPUIPlugin
2026-05-15 10:50:01,993 [INFO] PluginManager:220 - loadIPPluginJar : add sai
2026-05-15 10:50:01,995 [INFO] IPUIPlugin:80 - create IPUIPlugin
2026-05-15 10:50:01,995 [INFO] PluginManager:220 - loadIPPluginJar : add spi
2026-05-15 10:50:02,002 [INFO] IPUIPlugin:80 - create IPUIPlugin
2026-05-15 10:50:02,002 [INFO] PluginManager:220 - loadIPPluginJar : add stm32_wpan
2026-05-15 10:50:02,003 [INFO] IPUIPlugin:80 - create IPUIPlugin
2026-05-15 10:50:02,003 [INFO] PluginManager:220 - loadIPPluginJar : add tim
2026-05-15 10:50:02,006 [INFO] IPUIPlugin:80 - create IPUIPlugin
2026-05-15 10:50:02,007 [INFO] PluginManager:220 - loadIPPluginJar : add touchsensing
2026-05-15 10:50:02,008 [INFO] IPUIPlugin:80 - create IPUIPlugin
2026-05-15 10:50:02,008 [INFO] PluginManager:220 - loadIPPluginJar : add tracer_emb
2026-05-15 10:50:02,010 [INFO] IPUIPlugin:80 - create IPUIPlugin
2026-05-15 10:50:02,010 [INFO] PluginManager:220 - loadIPPluginJar : add ts
2026-05-15 10:50:02,012 [INFO] IPUIPlugin:80 - create IPUIPlugin
2026-05-15 10:50:02,012 [INFO] PluginManager:220 - loadIPPluginJar : add tsc
2026-05-15 10:50:02,014 [INFO] IPUIPlugin:80 - create IPUIPlugin
2026-05-15 10:50:02,015 [INFO] PluginManager:220 - loadIPPluginJar : add ucpd
2026-05-15 10:50:02,017 [INFO] IPUIPlugin:80 - create IPUIPlugin
2026-05-15 10:50:02,018 [INFO] PluginManager:220 - loadIPPluginJar : add usart
2026-05-15 10:50:02,021 [INFO] IPUIPlugin:80 - create IPUIPlugin
2026-05-15 10:50:02,021 [INFO] PluginManager:220 - loadIPPluginJar : add usbx
2026-05-15 10:50:02,154 [FATAL] Updater:351 - Updater called before beeing initialized
2026-05-15 10:50:02,179 [INFO] RulesReader:64 - Compatibility file has been processed (317 Rules)
2026-05-15 10:50:02,189 [INFO] RulesReader:64 - Compatibility file has been processed (317 Rules)
2026-05-15 10:50:02,196 [INFO] CADModel:165 - CPN selected for project level
2026-05-15 10:50:02,197 [INFO] CADModel:114 - Register for checkConnection events
2026-05-15 10:50:02,197 [FATAL] Updater:351 - Updater called before beeing initialized
2026-05-15 10:50:02,197 [ERROR] CADModel:125 - Updater not yet initialized, retry later 
2026-05-15 10:50:02,328 [FATAL] Updater:351 - Updater called before beeing initialized
2026-05-15 10:50:02,330 [INFO] CADModel:165 - CPN selected for project level
2026-05-15 10:50:02,330 [INFO] CADModel:114 - Register for checkConnection events
2026-05-15 10:50:02,330 [FATAL] Updater:351 - Updater called before beeing initialized
2026-05-15 10:50:02,330 [ERROR] CADModel:125 - Updater not yet initialized, retry later 
2026-05-15 10:50:02,333 [FATAL] Updater:351 - Updater called before beeing initialized
2026-05-15 10:50:02,440 [FATAL] Updater:351 - Updater called before beeing initialized
2026-05-15 10:50:02,443 [INFO] DbMcusAds:53 - JSON generation date=Mon Apr 27 11:14:29 MSK 2026 (1777277669683)
2026-05-15 10:50:02,444 [FATAL] Updater:351 - Updater called before beeing initialized
2026-05-15 10:50:02,478 [WARN] DetailPanel:346 - Failed to get advertising image, set to default
2026-05-15 10:50:02,548 [FATAL] Updater:351 - Updater called before beeing initialized
2026-05-15 10:50:02,550 [FATAL] Updater:351 - Updater called before beeing initialized
2026-05-15 10:50:02,550 [FATAL] Updater:351 - Updater called before beeing initialized
2026-05-15 10:50:02,550 [WARN] DetailPanel:346 - Failed to get advertising image, set to default
2026-05-15 10:50:02,551 [FATAL] Updater:351 - Updater called before beeing initialized
2026-05-15 10:50:02,589 [ERROR] Updater:1198 - MainUpdater not yet initialized. External WinMGr cannot be set.
2026-05-15 10:50:02,590 [INFO] Updater:1134 - Updater Version found : 6.15.0
2026-05-15 10:50:02,607 [INFO] ApplicationProperties:184 - Using Application install path: C:\ST\STM32CubeIDE_1.13.0\STM32CubeIDE\plugins\com.st.stm32cube.common.mx_6.15.0.202507011659
2026-05-15 10:50:03,146 [INFO] MainUpdater:2872 - connection check result : 10
2026-05-15 10:50:03,146 [INFO] MainUpdater:3604 - Updater definition file requires update
2026-05-15 10:50:03,147 [INFO] MainUpdater:289 - Updater Check For Update Now.
2026-05-15 10:50:03,147 [INFO] MicroXplorer:498 - Change Database Version : DB.6.0.150
2026-05-15 10:50:03,153 [INFO] McuFinderGlobals:63 - Set McuFinder mode to 2 (CubeIDE integrated)
2026-05-15 10:50:03,153 [INFO] UserAuth:487 - Internet connection configuration mode: 1
2026-05-15 10:50:03,171 [INFO] JxBrowserEngine:152 - Initiate JxBrowser Engine with user profile folder
2026-05-15 10:50:03,493 [INFO] ServerAccessManage:452 - Complete download http(s) 200
2026-05-15 10:50:03,494 [INFO] ServerAccessManage:509 - Download File updaters.zip
2026-05-15 10:50:04,231 [INFO] FileExtend:248 - Unzip File : updaters.zip
2026-05-15 10:50:04,231 [INFO] FileExtend:263 - Standard Zip Deflate
2026-05-15 10:50:04,394 [WARN] MainUpdater:1193 - Updater busy. Cannot search thirdparties
2026-05-15 10:50:04,394 [INFO] ThirdPartyUpdaterWithRetryManager:96 - Updater plugin is busy. [1/15]
2026-05-15 10:50:04,740 [INFO] WebApp:169 - Instantiating new browser for Auth
2026-05-15 10:50:04,800 [INFO] ServerAccessManage:452 - Complete download http(s) 200
2026-05-15 10:50:04,801 [INFO] ServerAccessManage:509 - Download File PacksControlFlags.xml
2026-05-15 10:50:04,902 [INFO] ServerAccessManage:452 - Complete download http(s) 200
2026-05-15 10:50:04,902 [INFO] ServerAccessManage:509 - Download File cubemx.pidx
2026-05-15 10:50:05,003 [INFO] LoadServerUpdatesThread:375 - End of LoadServerUpdate Thread
2026-05-15 10:50:05,173 [INFO] CheckServerUpdateThread:120 - End of CheckServer Thread
2026-05-15 10:50:05,532 [INFO] WebApp:463 - Apply proxy settings
2026-05-15 10:50:05,532 [INFO] WebApp:548 - Chromium requires no authentication
2026-05-15 10:50:05,541 [INFO] WebApp:491 - Direct internet connection detected
2026-05-15 10:50:05,562 [INFO] WebApp:900 - Register for checkConnection events
2026-05-15 10:50:05,562 [INFO] WebApp:463 - Apply proxy settings
2026-05-15 10:50:05,562 [INFO] WebApp:548 - Chromium requires no authentication
2026-05-15 10:50:05,562 [INFO] WebApp:491 - Direct internet connection detected
2026-05-15 10:50:05,703 [INFO] WebApp:225 - Starting web application
2026-05-15 10:50:05,703 [INFO] WebApp:593 - Web application path used C:\ST\STM32CubeIDE_1.13.0\STM32CubeIDE\plugins\com.st.stm32cube.common.mx_6.15.0.202507011659\db\plugins\mcufinder\reactClient1\index.html
2026-05-15 10:50:05,851 [INFO] UserAuth:487 - Internet connection configuration mode: 1
2026-05-15 10:50:05,982 [INFO] WebApp:191 - Connection restablished
2026-05-15 10:50:07,910 [WARN] PackLoader:240 - Cannot read IP mode file for STMicroelectronics.X-CUBE-AZRTOS-H7.3.5.0
2026-05-15 10:50:07,923 [WARN] PackLoader:240 - Cannot read IP mode file for STMicroelectronics.FP-SNS-MOTENVWB1.1.4.0
2026-05-15 10:50:07,929 [WARN] PackLoader:240 - Cannot read IP mode file for STMicroelectronics.FP-ATR-ASTRA1.2.0.2
2026-05-15 10:50:07,939 [WARN] PackLoader:240 - Cannot read IP mode file for STMicroelectronics.X-CUBE-SMBUS.2.1.0
2026-05-15 10:50:07,944 [WARN] PackLoader:240 - Cannot read IP mode file for STMicroelectronics.X-CUBE-ST60.1.0.0
2026-05-15 10:50:07,951 [WARN] PackLoader:240 - Cannot read IP mode file for STMicroelectronics.X-CUBE-TOUCHGFX.4.23.0
2026-05-15 10:50:07,973 [WARN] PackLoader:240 - Cannot read IP mode file for STMicroelectronics.X-CUBE-AZRTOS-F7.1.1.0
2026-05-15 10:50:07,982 [WARN] PackLoader:240 - Cannot read IP mode file for STMicroelectronics.FP-SNS-MOTENV1.4.3.2
2026-05-15 10:50:07,987 [ERROR] RealEvaluatedCondition:428 - Found unsupported composite condition: CLASS='Data Exchange' GROUP='STM32_MetaDataManager'
2026-05-15 10:50:07,987 [ERROR] RealEvaluatedCondition:428 - Found unsupported composite condition: CLASS='Data Exchange' GROUP='STM32_MetaDataManager'
2026-05-15 10:50:07,987 [WARN] PackLoader:240 - Cannot read IP mode file for STMicroelectronics.FP-SNS-MOTENV1.4.3.1
2026-05-15 10:50:07,995 [WARN] PackLoader:240 - Cannot read IP mode file for STMicroelectronics.FP-SNS-FLIGHT1.5.0.1
2026-05-15 10:50:08,002 [WARN] PackLoader:240 - Cannot read IP mode file for STMicroelectronics.X-CUBE-BLE1.6.2.3
2026-05-15 10:50:08,006 [WARN] PackLoader:240 - Cannot read IP mode file for STMicroelectronics.X-CUBE-BLE1.6.2.4
2026-05-15 10:50:08,071 [WARN] PackLoader:240 - Cannot read IP mode file for STMicroelectronics.FP-SNS-MOTENV1.5.1.0
2026-05-15 10:50:08,075 [WARN] PackLoader:240 - Cannot read IP mode file for STMicroelectronics.FP-SNS-FLIGHT1.5.0.2
2026-05-15 10:50:08,098 [WARN] PackLoader:240 - Cannot read IP mode file for STMicroelectronics.X-CUBE-AZRTOS-H7.3.4.0
2026-05-15 10:50:08,112 [WARN] PackLoader:240 - Cannot read IP mode file for STMicroelectronics.X-CUBE-DISPLAY.3.0.0
2026-05-15 10:50:08,122 [WARN] PackLoader:240 - Cannot read IP mode file for STMicroelectronics.X-CUBE-GNSS1.7.1.1
2026-05-15 10:50:08,127 [WARN] PackLoader:240 - Cannot read IP mode file for STMicroelectronics.FP-SNS-MOTENVWB1.1.5.0
2026-05-15 10:50:08,132 [WARN] PackLoader:240 - Cannot read IP mode file for STMicroelectronics.X-CUBE-BLE1.7.0.0
2026-05-15 10:50:08,138 [WARN] PackLoader:240 - Cannot read IP mode file for STMicroelectronics.X-CUBE-NFC10.1.0.0
2026-05-15 10:50:08,148 [WARN] PackLoader:240 - Cannot read IP mode file for STMicroelectronics.X-CUBE-BLEMGR.4.0.0
2026-05-15 10:50:08,154 [WARN] PackLoader:240 - Cannot read IP mode file for STMicroelectronics.X-CUBE-ST60.1.1.0
2026-05-15 10:50:08,159 [WARN] PackLoader:240 - Cannot read IP mode file for STMicroelectronics.X-CUBE-TOUCHGFX.4.22.0
2026-05-15 10:50:08,165 [WARN] PackLoader:240 - Cannot read IP mode file for STMicroelectronics.X-CUBE-GNSS1.7.1.0
2026-05-15 10:50:08,170 [WARN] PackLoader:240 - Cannot read IP mode file for STMicroelectronics.X-CUBE-TOUCHGFX.4.22.1
2026-05-15 10:50:08,195 [WARN] PackLoader:240 - Cannot read IP mode file for STMicroelectronics.X-CUBE-MEMS1.9.3.0
2026-05-15 10:50:08,302 [WARN] ConditionMgr:438 - getConditionDescription Invalid condition id : Cortex-A Device cause : null
2026-05-15 10:50:08,320 [INFO] LogOutputStream:77 - [STDOUT_REDIRECT] [ThirdParty] unknown protocol: c
2026-05-15 10:50:08,320 [WARN] PackLoader:240 - Cannot read IP mode file for quantropi.X-CUBE-qispace-sdk-base.2.0.0
2026-05-15 10:50:08,321 [WARN] ConditionMgr:1044 - genDependencies : Invalid condition id : Cortex-A Device cause : null
2026-05-15 10:50:08,321 [WARN] ConditionMgr:1044 - genDependencies : Invalid condition id : Cortex-A Device cause : null
2026-05-15 10:50:08,321 [WARN] ConditionMgr:1044 - genDependencies : Invalid condition id : Cortex-A Device cause : null
2026-05-15 10:50:08,325 [WARN] PackLoader:240 - Cannot read IP mode file for STMicroelectronics.X-CUBE-AI.10.0.0
2026-05-15 10:50:08,332 [WARN] PackLoader:240 - Cannot read IP mode file for STMicroelectronics.FP-SNS-STBOX1.2.1.0
2026-05-15 10:50:08,338 [WARN] PackLoader:240 - Cannot read IP mode file for STMicroelectronics.FP-SNS-SMARTAG2.1.2.0
2026-05-15 10:50:08,343 [WARN] PackLoader:240 - Cannot read IP mode file for STMicroelectronics.FP-SNS-FLIGHT1.5.1.0
2026-05-15 10:50:08,355 [INFO] LogOutputStream:77 - [STDOUT_REDIRECT] 1 : Invalid condition id : UX_CORESTACK_Condition cause : null
2026-05-15 10:50:08,356 [INFO] LogOutputStream:77 - [STDOUT_REDIRECT] 1 : Invalid condition id : UX_CORESTACK_Condition cause : null
2026-05-15 10:50:08,356 [INFO] LogOutputStream:77 - [STDOUT_REDIRECT] 1 : Invalid condition id : UX_CORESTACK_Condition cause : null
2026-05-15 10:50:08,357 [INFO] LogOutputStream:77 - [STDOUT_REDIRECT] 1 : Invalid condition id : UX_CORESTACK_Condition cause : null
2026-05-15 10:50:08,358 [INFO] LogOutputStream:77 - [STDOUT_REDIRECT] 1 : Invalid condition id : UX_CORESTACK_Condition cause : null
2026-05-15 10:50:08,360 [WARN] PackLoader:240 - Cannot read IP mode file for STMicroelectronics.X-CUBE-AZRTOS-WL.2.0.0
2026-05-15 10:50:08,364 [WARN] PackLoader:240 - Cannot read IP mode file for STMicroelectronics.FP-SNS-MOTENV1.5.0.0
2026-05-15 10:50:08,376 [WARN] PackLoader:240 - Cannot read IP mode file for STMicroelectronics.X-CUBE-AZRTOS-H7RS.1.2.0
2026-05-15 10:50:08,385 [WARN] PackLoader:240 - Cannot read IP mode file for WES.I-CUBE-Cesium.1.3.0
2026-05-15 10:50:08,390 [WARN] PackLoader:240 - Cannot read IP mode file for STMicroelectronics.X-CUBE-BLE2.3.3.0
2026-05-15 10:50:08,400 [INFO] LogOutputStream:77 - [STDOUT_REDIRECT] [ThirdParty] unknown protocol: c
2026-05-15 10:50:08,401 [WARN] PackLoader:240 - Cannot read IP mode file for Avnet-IOTCONNECT.X-CUBE-iotc-st67-sdk.1.0.0
2026-05-15 10:50:08,406 [WARN] PackLoader:240 - Cannot read IP mode file for STMicroelectronics.X-CUBE-DISPLAY.2.2.0
2026-05-15 10:50:08,414 [WARN] PackLoader:240 - Cannot read IP mode file for STMicroelectronics.X-CUBE-TOF1.3.2.0
2026-05-15 10:50:08,421 [WARN] PackLoader:240 - Cannot read IP mode file for STMicroelectronics.X-CUBE-NFC9.1.0.0
2026-05-15 10:50:08,435 [WARN] PackLoader:240 - Cannot read IP mode file for STMicroelectronics.X-CUBE-AZRTOS-H7.2.1.0
2026-05-15 10:50:08,440 [WARN] PackLoader:240 - Cannot read IP mode file for STMicroelectronics.X-CUBE-BLE1.7.1.0
2026-05-15 10:50:08,446 [WARN] PackLoader:240 - Cannot read IP mode file for wolfSSL.I-CUBE-wolfMQTT.1.19.2
2026-05-15 10:50:08,452 [WARN] PackLoader:240 - Cannot read IP mode file for STMicroelectronics.X-CUBE-FREERTOS.1.4.0
2026-05-15 10:50:08,458 [WARN] PackLoader:240 - Cannot read IP mode file for STMicroelectronics.X-CUBE-EEPRMA1.5.2.0
2026-05-15 10:50:08,463 [WARN] PackLoader:240 - Cannot read IP mode file for STMicroelectronics.X-CUBE-TOUCHGFX.4.21.0
2026-05-15 10:50:08,466 [WARN] PackLoader:240 - Cannot read IP mode file for STMicroelectronics.X-CUBE-TOUCHGFX.4.21.3
2026-05-15 10:50:08,470 [WARN] PackLoader:240 - Cannot read IP mode file for STMicroelectronics.X-CUBE-TOUCHGFX.4.21.4
2026-05-15 10:50:08,495 [WARN] PackLoader:240 - Cannot read IP mode file for STMicroelectronics.X-CUBE-MEMS1.9.4.0
2026-05-15 10:50:08,564 [WARN] PackLoader:240 - Cannot read IP mode file for STMicroelectronics.X-CUBE-AI.7.3.0
2026-05-15 10:50:08,570 [WARN] PackLoader:240 - Cannot read IP mode file for STMicroelectronics.X-CUBE-ST67W61.1.1.0
2026-05-15 10:50:08,573 [WARN] PackLoader:240 - Cannot read IP mode file for STMicroelectronics.X-CUBE-AI.10.1.0
2026-05-15 10:50:08,579 [WARN] PackLoader:240 - Cannot read IP mode file for STMicroelectronics.FP-SNS-STAIOTCFT.1.1.0
2026-05-15 10:50:08,606 [WARN] PackLoader:240 - Cannot read IP mode file for STMicroelectronics.X-CUBE-MEMS1.12.0.0
2026-05-15 10:50:08,676 [WARN] PackLoader:240 - Cannot read IP mode file for STMicroelectronics.X-CUBE-ALGOBUILD.1.3.0
2026-05-15 10:50:08,703 [WARN] PackLoader:240 - Cannot read IP mode file for STMicroelectronics.X-CUBE-MEMS1.11.2.0
2026-05-15 10:50:08,790 [WARN] PackLoader:240 - Cannot read IP mode file for STMicroelectronics.X-CUBE-AZRTOS-G0.1.1.0
2026-05-15 10:50:08,796 [WARN] PackLoader:240 - Cannot read IP mode file for STMicroelectronics.X-CUBE-SAFEA1.1.2.2
2026-05-15 10:50:08,802 [WARN] PackLoader:240 - Cannot read IP mode file for STMicroelectronics.X-CUBE-NFC4.3.0.0
2026-05-15 10:50:08,821 [WARN] PackLoader:240 - Cannot read IP mode file for SEGGER.I-CUBE-embOS.1.2.1
2026-05-15 10:50:08,844 [WARN] PackLoader:240 - Cannot read IP mode file for EmbeddedOffice.I-CUBE-FS-RTOS.1.0.1
2026-05-15 10:50:08,849 [WARN] PackLoader:240 - Cannot read IP mode file for STMicroelectronics.X-CUBE-WB05N.2.0.0
2026-05-15 10:50:08,855 [WARN] PackLoader:240 - Cannot read IP mode file for STMicroelectronics.X-CUBE-BLEMGR.3.0.0
2026-05-15 10:50:08,860 [WARN] PackLoader:240 - Cannot read IP mode file for wolfSSL.I-CUBE-wolfTPM.3.8.0
2026-05-15 10:50:08,864 [WARN] PackLoader:240 - Cannot read IP mode file for STMicroelectronics.X-CUBE-BLEMGR.1.3.0
2026-05-15 10:50:08,870 [WARN] PackLoader:240 - Cannot read IP mode file for STMicroelectronics.X-CUBE-TCPP.4.2.0
2026-05-15 10:50:08,876 [WARN] PackLoader:240 - Cannot read IP mode file for RealThread.X-CUBE-RT-Thread_Nano.4.1.1
2026-05-15 10:50:08,880 [WARN] PackLoader:240 - Cannot read IP mode file for STMicroelectronics.FP-ATR-SIGFOX1.3.2.0
2026-05-15 10:50:08,885 [WARN] PackLoader:240 - Cannot read IP mode file for STMicroelectronics.X-CUBE-EEPRMA1.5.1.0
2026-05-15 10:50:08,890 [WARN] PackLoader:240 - Cannot read IP mode file for STMicroelectronics.X-CUBE-FREERTOS.1.5.0
2026-05-15 10:50:08,894 [WARN] PackLoader:240 - Cannot read IP mode file for STMicroelectronics.X-CUBE-TOUCHGFX.4.20.0
2026-05-15 10:50:08,898 [WARN] PackLoader:240 - Cannot read IP mode file for STMicroelectronics.X-CUBE-NFC6.3.2.0
2026-05-15 10:50:08,922 [WARN] PackLoader:240 - Cannot read IP mode file for STMicroelectronics.X-CUBE-MEMS1.9.5.0
2026-05-15 10:50:09,024 [WARN] PackLoader:240 - Cannot read IP mode file for STMicroelectronics.X-CUBE-ST67W61.1.0.0
2026-05-15 10:50:09,030 [WARN] PackLoader:240 - Cannot read IP mode file for STMicroelectronics.X-CUBE-AI.10.2.0
2026-05-15 10:50:09,057 [WARN] PackLoader:240 - Cannot read IP mode file for STMicroelectronics.X-CUBE-MEMS1.12.1.0
2026-05-15 10:50:09,105 [WARN] PackLoader:240 - Cannot read IP mode file for SEGGER.I-CUBE-embOS.1.3.1
2026-05-15 10:50:09,122 [WARN] PackLoader:240 - Cannot read IP mode file for STMicroelectronics.X-CUBE-ALGOBUILD.1.4.0
2026-05-15 10:50:09,145 [WARN] PackLoader:240 - Cannot read IP mode file for STMicroelectronics.X-CUBE-MEMS1.11.3.0
2026-05-15 10:50:09,217 [WARN] PackLoader:240 - Cannot read IP mode file for STMicroelectronics.X-CUBE-PM33A1.1.0.0
2026-05-15 10:50:09,222 [WARN] PackLoader:240 - Cannot read IP mode file for STMicroelectronics.X-CUBE-GNSS1.6.0.0
2026-05-15 10:50:09,232 [WARN] PackLoader:240 - Cannot read IP mode file for STMicroelectronics.X-CUBE-AZRTOS-F4.1.1.0
2026-05-15 10:50:09,236 [WARN] PackLoader:240 - Cannot read IP mode file for Avnet-IotConnect.X-CUBE-IoTC-DA16k-PMOD.1.0.0
2026-05-15 10:50:09,241 [WARN] PackLoader:240 - Cannot read IP mode file for STMicroelectronics.X-CUBE-ISPU.2.1.0
2026-05-15 10:50:09,247 [WARN] PackLoader:240 - Cannot read IP mode file for STMicroelectronics.X-CUBE-IPS.3.2.0
2026-05-15 10:50:09,255 [WARN] PackLoader:240 - Cannot read IP mode file for STMicroelectronics.eDS-WB_DPC_TT-BIDIR.2.1.1
2026-05-15 10:50:09,259 [WARN] PackLoader:240 - Cannot read IP mode file for STMicroelectronics.X-CUBE-NFC12.1.0.0
2026-05-15 10:50:09,265 [WARN] PackLoader:240 - Cannot read IP mode file for STMicroelectronics.X-CUBE-BLEMGR.1.2.0
2026-05-15 10:50:09,275 [WARN] PackLoader:240 - Cannot read IP mode file for STMicroelectronics.X-CUBE-AZRTOS-L5.2.0.0
2026-05-15 10:50:09,297 [WARN] PackLoader:240 - Cannot read IP mode file for STMicroelectronics.X-CUBE-MEMS1.9.6.0
2026-05-15 10:50:09,378 [WARN] PackLoader:240 - Cannot read IP mode file for STMicroelectronics.X-CUBE-EEPRMA1.4.2.0
2026-05-15 10:50:09,384 [WARN] PackLoader:240 - Cannot read IP mode file for STMicroelectronics.X-CUBE-NFC6.3.1.0
2026-05-15 10:50:09,389 [WARN] PackLoader:240 - Cannot read IP mode file for ITTIA_DB.I-CUBE-ITTIADB.8.8.0
2026-05-15 10:50:09,398 [WARN] PackLoader:240 - Cannot read IP mode file for emotas.I-CUBE-CANOPEN.1.1.3
2026-05-15 10:50:09,403 [WARN] PackLoader:240 - Cannot read IP mode file for STMicroelectronics.X-CUBE-BLEMGR.2.0.0
2026-05-15 10:50:09,407 [WARN] PackLoader:240 - Cannot read IP mode file for STMicroelectronics.eDS-WB_DPC_VIENNA.1.2.0
2026-05-15 10:50:09,411 [WARN] PackLoader:240 - Cannot read IP mode file for STMicroelectronics.X-CUBE-NFC4.2.0.5
2026-05-15 10:50:09,416 [WARN] PackLoader:240 - Cannot read IP mode file for STMicroelectronics.eDS-WB_DPC_3PH2L-BIDIR.1.1.1
2026-05-15 10:50:09,419 [WARN] PackLoader:240 - Cannot read IP mode file for STMicroelectronics.X-CUBE-NFC4.2.0.4
2026-05-15 10:50:09,429 [WARN] ConditionMgr:438 - getConditionDescription Invalid condition id : UX DEVICE CLASS RTOS Condition cause : null
2026-05-15 10:50:09,429 [WARN] ConditionMgr:438 - getConditionDescription Invalid condition id : UX DEVICE CLASS RTOS Condition cause : null
2026-05-15 10:50:09,430 [WARN] PackLoader:240 - Cannot read IP mode file for STMicroelectronics.X-CUBE-AZRTOS-H7.3.1.0
2026-05-15 10:50:09,430 [WARN] ConditionMgr:1044 - genDependencies : Invalid condition id : UX DEVICE CLASS RTOS Condition cause : null
2026-05-15 10:50:09,430 [WARN] ConditionMgr:1044 - genDependencies : Invalid condition id : UX DEVICE CLASS RTOS Condition cause : null
2026-05-15 10:50:09,431 [WARN] ConditionMgr:1044 - genDependencies : Invalid condition id : UX DEVICE CLASS RTOS Condition cause : null
2026-05-15 10:50:09,431 [WARN] ConditionMgr:1044 - genDependencies : Invalid condition id : UX DEVICE CLASS RTOS Condition cause : null
2026-05-15 10:50:09,431 [WARN] ConditionMgr:1044 - genDependencies : Invalid condition id : UX DEVICE CLASS RTOS Condition cause : null
2026-05-15 10:50:09,435 [ERROR] Engine:466 - C:\Users\Евгений\.stm32cubemx\thirdparties\pdsc\STMicroelectronics.X-CUBE-ST67W61.1.3.0.pdsc: PDSC version is not supported
2026-05-15 10:50:09,440 [WARN] PackLoader:240 - Cannot read IP mode file for wolfSSL.I-CUBE-wolfSSL.5.5.3
2026-05-15 10:50:09,445 [WARN] PackLoader:240 - Cannot read IP mode file for STMicroelectronics.X-CUBE-FREERTOS.1.3.1
2026-05-15 10:50:09,450 [WARN] PackLoader:240 - Cannot read IP mode file for STMicroelectronics.X-CUBE-NFC7.1.0.1
2026-05-15 10:50:09,452 [WARN] PackLoader:240 - Cannot read IP mode file for STMicroelectronics.X-CUBE-NFC7.1.0.0
2026-05-15 10:50:09,457 [WARN] PackLoader:240 - Cannot read IP mode file for STMicroelectronics.X-CUBE-TOUCHGFX.4.26.0
2026-05-15 10:50:09,461 [WARN] PackLoader:240 - Cannot read IP mode file for STMicroelectronics.X-CUBE-NFC6.3.0.0
2026-05-15 10:50:09,465 [WARN] PackLoader:240 - Cannot read IP mode file for STMicroelectronics.X-CUBE-TOUCHGFX.4.26.1
2026-05-15 10:50:09,469 [WARN] PackLoader:240 - Cannot read IP mode file for STMicroelectronics.X-CUBE-EEPRMA1.4.1.0
2026-05-15 10:50:09,472 [WARN] PackLoader:240 - Cannot read IP mode file for STMicroelectronics.FP-SNS-STAIOTCFT.1.0.0
2026-05-15 10:50:09,477 [WARN] PackLoader:240 - Cannot read IP mode file for STMicroelectronics.X-CUBE-DPower.1.3.0
2026-05-15 10:50:09,480 [WARN] PackLoader:240 - Cannot read IP mode file for STMicroelectronics.X-CUBE-AI.8.1.0
2026-05-15 10:50:09,491 [WARN] ConditionMgr:438 - getConditionDescription Invalid condition id : LAN8742 Phy interface Condition cause : null
2026-05-15 10:50:09,492 [WARN] PackLoader:240 - Cannot read IP mode file for STMicroelectronics.X-CUBE-AZRTOS-L4.2.0.0
2026-05-15 10:50:09,493 [WARN] ConditionMgr:1044 - genDependencies : Invalid condition id : LAN8742 Phy interface Condition cause : null
2026-05-15 10:50:09,493 [WARN] ConditionMgr:1044 - genDependencies : Invalid condition id : LAN8742 Phy interface Condition cause : null
2026-05-15 10:50:09,494 [WARN] ConditionMgr:1044 - genDependencies : Invalid condition id : LAN8742 Phy interface Condition cause : null
2026-05-15 10:50:09,499 [WARN] PackLoader:240 - Cannot read IP mode file for STMicroelectronics.X-CUBE-SFXS2LP1.4.0.0
2026-05-15 10:50:09,510 [WARN] PackLoader:240 - Cannot read IP mode file for STMicroelectronics.X-CUBE-AZRTOS-H7.3.0.0
2026-05-15 10:50:09,515 [WARN] PackLoader:240 - Cannot read IP mode file for STMicroelectronics.X-CUBE-WB05N.2.1.0
2026-05-15 10:50:09,521 [WARN] PackLoader:240 - Cannot read IP mode file for STMicroelectronics.X-CUBE-ST67W61.1.2.0
2026-05-15 10:50:09,523 [WARN] PackLoader:240 - Cannot read IP mode file for STMicroelectronics.X-CUBE-ISPU.1.1.0
2026-05-15 10:50:09,533 [WARN] PackLoader:240 - Cannot read IP mode file for STMicroelectronics.X-CUBE-AZRTOS-H7.3.3.0
2026-05-15 10:50:09,541 [WARN] PackLoader:240 - Cannot read IP mode file for RoweBots.I-CUBE-UNISONRTOS.5.5.0-4
2026-05-15 10:50:09,547 [WARN] PackLoader:240 - Cannot read IP mode file for STMicroelectronics.X-CUBE-BLEMGR.4.1.0
2026-05-15 10:50:09,561 [WARN] PackLoader:240 - Cannot read IP mode file for STMicroelectronics.X-CUBE-AI.8.0.0
2026-05-15 10:50:09,568 [WARN] ConditionMgr:438 - getConditionDescription Invalid condition id : UX DEVICE CLASS RTOS Condition cause : null
2026-05-15 10:50:09,568 [WARN] ConditionMgr:438 - getConditionDescription Invalid condition id : UX DEVICE CLASS RTOS Condition cause : null
2026-05-15 10:50:09,569 [WARN] PackLoader:240 - Cannot read IP mode file for STMicroelectronics.X-CUBE-AZRTOS-WB.2.0.0
2026-05-15 10:50:09,569 [WARN] ConditionMgr:1044 - genDependencies : Invalid condition id : UX DEVICE CLASS RTOS Condition cause : null
2026-05-15 10:50:09,569 [WARN] ConditionMgr:1044 - genDependencies : Invalid condition id : UX DEVICE CLASS RTOS Condition cause : null
2026-05-15 10:50:09,570 [WARN] ConditionMgr:1044 - genDependencies : Invalid condition id : UX DEVICE CLASS RTOS Condition cause : null
2026-05-15 10:50:09,570 [WARN] ConditionMgr:1044 - genDependencies : Invalid condition id : UX DEVICE CLASS RTOS Condition cause : null
2026-05-15 10:50:09,570 [WARN] ConditionMgr:1044 - genDependencies : Invalid condition id : UX DEVICE CLASS RTOS Condition cause : null
2026-05-15 10:50:09,573 [WARN] PackLoader:240 - Cannot read IP mode file for STMicroelectronics.X-CUBE-FREERTOS.1.0.1
2026-05-15 10:50:09,577 [WARN] PackLoader:240 - Cannot read IP mode file for STMicroelectronics.X-CUBE-GNSS1.7.0.1
2026-05-15 10:50:09,580 [WARN] PackLoader:240 - Cannot read IP mode file for STMicroelectronics.X-CUBE-TOUCHGFX.4.25.0
2026-05-15 10:50:09,583 [WARN] PackLoader:240 - Cannot read IP mode file for STMicroelectronics.FP-SNS-STBOX1.2.0.0
2026-05-15 10:50:09,588 [WARN] PackLoader:240 - Cannot read IP mode file for STMicroelectronics.X-CUBE-STSE01.2.0.0
2026-05-15 10:50:09,598 [WARN] PackLoader:240 - Cannot read IP mode file for STMicroelectronics.X-CUBE-AZRTOS-L5.1.1.0
2026-05-15 10:50:09,601 [WARN] PackLoader:240 - Cannot read IP mode file for STMicroelectronics.X-CUBE-AI.8.0.1
2026-05-15 10:50:09,608 [WARN] PackLoader:240 - Cannot read IP mode file for STMicroelectronics.X-CUBE-SUBG2.5.0.0
2026-05-15 10:50:09,623 [WARN] PackLoader:240 - Cannot read IP mode file for STMicroelectronics.X-CUBE-AZRTOS-H7RS.1.1.0
2026-05-15 10:50:09,630 [WARN] PackLoader:240 - Cannot read IP mode file for Cesanta.I-CUBE-Mongoose.7.13.0
2026-05-15 10:50:09,636 [WARN] PackLoader:240 - Cannot read IP mode file for STMicroelectronics.X-CUBE-TOF1.3.3.1
2026-05-15 10:50:09,648 [WARN] PackLoader:240 - Cannot read IP mode file for STMicroelectronics.X-CUBE-AZRTOS-G4.2.0.0
2026-05-15 10:50:09,655 [WARN] PackLoader:240 - Cannot read IP mode file for STMicroelectronics.X-CUBE-TOF1.3.3.0
2026-05-15 10:50:09,661 [WARN] PackLoader:240 - Cannot read IP mode file for STMicroelectronics.FP-ATR-ASTRA1.1.1.1
2026-05-15 10:50:09,672 [WARN] PackLoader:240 - Cannot read IP mode file for Infineon.AIROC-Wi-Fi-Bluetooth-STM32.1.5.1
2026-05-15 10:50:09,677 [WARN] PackLoader:240 - Cannot read IP mode file for wolfSSL.I-CUBE-wolfSSH.1.4.20
2026-05-15 10:50:09,680 [WARN] PackLoader:240 - Cannot read IP mode file for STMicroelectronics.FP-SNS-MOTENVWB1.1.3.0
2026-05-15 10:50:09,684 [WARN] PackLoader:240 - Cannot read IP mode file for STMicroelectronics.X-CUBE-NFC7.2.0.0
2026-05-15 10:50:09,687 [WARN] PackLoader:240 - Cannot read IP mode file for STMicroelectronics.FP-SNS-MOTENVWB1.1.3.1
2026-05-15 10:50:09,695 [WARN] PackLoader:240 - Cannot read IP mode file for STMicroelectronics.X-CUBE-AZRTOS-G4.1.0.0
2026-05-15 10:50:09,705 [WARN] PackLoader:240 - Cannot read IP mode file for STMicroelectronics.X-CUBE-AZRTOS-L4.1.0.0
2026-05-15 10:50:09,710 [WARN] PackLoader:240 - Cannot read IP mode file for STMicroelectronics.X-CUBE-ISPU.2.0.0
2026-05-15 10:50:09,717 [WARN] PackLoader:240 - Cannot read IP mode file for STMicroelectronics.X-CUBE-IPS.3.1.0
2026-05-15 10:50:09,722 [WARN] PackLoader:240 - Cannot read IP mode file for STMicroelectronics.X-CUBE-ALS.1.0.2
2026-05-15 10:50:09,742 [WARN] PackLoader:240 - Cannot read IP mode file for STMicroelectronics.X-CUBE-MEMS1.10.0.0
2026-05-15 10:50:09,794 [WARN] PackLoader:240 - Cannot read IP mode file for STMicroelectronics.X-CUBE-FREERTOS.1.1.0
2026-05-15 10:50:09,801 [WARN] PackLoader:240 - Cannot read IP mode file for STMicroelectronics.X-CUBE-AZRTOS-WL.1.0.0
2026-05-15 10:50:09,805 [WARN] PackLoader:240 - Cannot read IP mode file for STMicroelectronics.X-CUBE-STSE01.1.0.0
2026-05-15 10:50:09,811 [WARN] PackLoader:240 - Cannot read IP mode file for portGmbH.I-Cube-SoM-uGOAL.1.1.0
2026-05-15 10:50:09,814 [WARN] PackLoader:240 - Cannot read IP mode file for STMicroelectronics.X-CUBE-ALS.1.0.1
2026-05-15 10:50:09,821 [WARN] PackLoader:240 - Cannot read IP mode file for STMicroelectronics.X-CUBE-AZRTOS-WB.1.1.0
2026-05-15 10:50:09,832 [WARN] PackLoader:240 - Cannot read IP mode file for STMicroelectronics.X-CUBE-AZRTOS-L5.1.0.0
2026-05-15 10:50:09,836 [WARN] PackLoader:240 - Cannot read IP mode file for STMicroelectronics.X-CUBE-EEPRMA1.3.1.1
2026-05-15 10:50:09,840 [WARN] PackLoader:240 - Cannot read IP mode file for STMicroelectronics.FP-ATR-ASTRA1.2.0.0
2026-05-15 10:50:09,846 [WARN] PackLoader:240 - Cannot read IP mode file for STMicroelectronics.X-CUBE-TOF1.3.4.3
2026-05-15 10:50:09,857 [WARN] PackLoader:240 - Cannot read IP mode file for STMicroelectronics.X-CUBE-TOF1.3.4.0
2026-05-15 10:50:09,871 [WARN] PackLoader:240 - Cannot read IP mode file for STMicroelectronics.X-CUBE-AZRTOS-H7.3.2.0
2026-05-15 10:50:09,873 [INFO] ThirdParty:978 - Integrity check success = true
2026-05-15 10:50:09,873 [INFO] IntegrityCheckThread:100 - exiting critical section [integrity check]
2026-05-15 10:50:09,873 [INFO] IntegrityCheckThread:103 - End integrity checks thread
2026-05-15 10:52:05,926 [INFO] WebApp:194 - Connection lost
2026-05-15 10:52:06,057 [INFO] WebApp:191 - Connection restablished
2026-05-15 11:36:48,017 [ERROR] LogOutputStream:75 - [STDERR_REDIRECT] 
