10:39:07 **** Incremental Build of configuration Debug for project Motherboard ****
make -j12 all 
arm-none-eabi-gcc "../Core/Src/main.c" -mcpu=cortex-m3 -std=gnu11 -g3 -DDEBUG -DUSE_HAL_DRIVER -DSTM32F103xB -c -I../Core/Inc -I../Drivers/STM32F1xx_HAL_Driver/Inc/Legacy -I../Drivers/STM32F1xx_HAL_Driver/Inc -I../Drivers/CMSIS/Device/ST/STM32F1xx/Include -I../Drivers/CMSIS/Include -I../USB_DEVICE/App -I../USB_DEVICE/Target -I../Middlewares/ST/STM32_USB_Device_Library/Core/Inc -I../Middlewares/ST/STM32_USB_Device_Library/Class/CDC/Inc -O0 -ffunction-sections -fdata-sections -Wall -fstack-usage -fcyclomatic-complexity -MMD -MP -MF"Core/Src/main.d" -MT"Core/Src/main.o" --specs=nano.specs -mfloat-abi=soft -mthumb -o "Core/Src/main.o"
arm-none-eabi-gcc -o "Motherboard.elf" @"objects.list"   -mcpu=cortex-m3 -T"C:\STM32\SausageMixer\Motherboard\STM32F103C8TX_FLASH.ld" --specs=nosys.specs -Wl,-Map="Motherboard.map" -Wl,--gc-sections -static --specs=nano.specs -mfloat-abi=soft -mthumb -Wl,--start-group -lc -lm -Wl,--end-group
Finished building target: Motherboard.elf
 
arm-none-eabi-size  Motherboard.elf 
arm-none-eabi-objdump -h -S Motherboard.elf  > "Motherboard.list"
   text	   data	    bss	    dec	    hex	filename
  48332	    384	   6496	  55212	   d7ac	Motherboard.elf
Finished building: default.size.stdout
 
Finished building: Motherboard.list
 

10:39:10 Build Finished. 0 errors, 0 warnings. (took 3s.197ms)

